Archive member included to satisfy reference by file (symbol)

d:/mounriver/mounriver_studio/toolchain/risc-v embedded gcc12/bin/../lib/gcc/riscv-none-elf/12.2.0/../../../../riscv-none-elf/lib/rv32imac_xw/ilp32\libprintf.a(wchprintf.o)
                              ./User/Src/dshot.o (printf)
d:/mounriver/mounriver_studio/toolchain/risc-v embedded gcc12/bin/../lib/gcc/riscv-none-elf/12.2.0/rv32imac_xw/ilp32\libgcc.a(addsf3.o)
                              ./User/Src/main.o (__addsf3)
d:/mounriver/mounriver_studio/toolchain/risc-v embedded gcc12/bin/../lib/gcc/riscv-none-elf/12.2.0/rv32imac_xw/ilp32\libgcc.a(divsf3.o)
                              ./User/Src/main.o (__divsf3)
d:/mounriver/mounriver_studio/toolchain/risc-v embedded gcc12/bin/../lib/gcc/riscv-none-elf/12.2.0/rv32imac_xw/ilp32\libgcc.a(gesf2.o)
                              ./User/Src/main.o (__gtsf2)
d:/mounriver/mounriver_studio/toolchain/risc-v embedded gcc12/bin/../lib/gcc/riscv-none-elf/12.2.0/rv32imac_xw/ilp32\libgcc.a(lesf2.o)
                              ./User/Src/main.o (__lesf2)
d:/mounriver/mounriver_studio/toolchain/risc-v embedded gcc12/bin/../lib/gcc/riscv-none-elf/12.2.0/rv32imac_xw/ilp32\libgcc.a(mulsf3.o)
                              ./User/Src/sounds.o (__mulsf3)
d:/mounriver/mounriver_studio/toolchain/risc-v embedded gcc12/bin/../lib/gcc/riscv-none-elf/12.2.0/rv32imac_xw/ilp32\libgcc.a(fixsfsi.o)
                              ./User/Src/main.o (__fixsfsi)
d:/mounriver/mounriver_studio/toolchain/risc-v embedded gcc12/bin/../lib/gcc/riscv-none-elf/12.2.0/rv32imac_xw/ilp32\libgcc.a(fixunssfsi.o)
                              ./User/Src/main.o (__fixunssfsi)
d:/mounriver/mounriver_studio/toolchain/risc-v embedded gcc12/bin/../lib/gcc/riscv-none-elf/12.2.0/rv32imac_xw/ilp32\libgcc.a(floatsisf.o)
                              ./User/Src/main.o (__floatsisf)
d:/mounriver/mounriver_studio/toolchain/risc-v embedded gcc12/bin/../lib/gcc/riscv-none-elf/12.2.0/rv32imac_xw/ilp32\libgcc.a(floatunsisf.o)
                              ./User/Src/sounds.o (__floatunsisf)
d:/mounriver/mounriver_studio/toolchain/risc-v embedded gcc12/bin/../lib/gcc/riscv-none-elf/12.2.0/rv32imac_xw/ilp32\libgcc.a(save-restore.o)
                              ./User/Src/main.o (__riscv_save_12)
d:/mounriver/mounriver_studio/toolchain/risc-v embedded gcc12/bin/../lib/gcc/riscv-none-elf/12.2.0/rv32imac_xw/ilp32\libgcc.a(_clzsi2.o)
                              d:/mounriver/mounriver_studio/toolchain/risc-v embedded gcc12/bin/../lib/gcc/riscv-none-elf/12.2.0/rv32imac_xw/ilp32\libgcc.a(addsf3.o) (__clzsi2)
d:/mounriver/mounriver_studio/toolchain/risc-v embedded gcc12/bin/../lib/gcc/riscv-none-elf/12.2.0/rv32imac_xw/ilp32\libgcc.a(_clz.o)
                              d:/mounriver/mounriver_studio/toolchain/risc-v embedded gcc12/bin/../lib/gcc/riscv-none-elf/12.2.0/rv32imac_xw/ilp32\libgcc.a(_clzsi2.o) (__clz_tab)
d:/mounriver/mounriver_studio/toolchain/risc-v embedded gcc12/bin/../lib/gcc/riscv-none-elf/12.2.0/../../../../riscv-none-elf/lib/rv32imac_xw/ilp32\libg_nano.a(lib_a-memset.o)
                              ./User/Src/main.o (memset)

Discarded input sections

 .text          0x0000000000000000        0x0 ./User/Src/dshot.o
 .data          0x0000000000000000        0x0 ./User/Src/dshot.o
 .bss           0x0000000000000000        0x0 ./User/Src/dshot.o
 .text          0x0000000000000000        0x0 ./User/Src/functions.o
 .data          0x0000000000000000        0x0 ./User/Src/functions.o
 .bss           0x0000000000000000        0x0 ./User/Src/functions.o
 .text          0x0000000000000000        0x0 ./User/Src/main.o
 .data          0x0000000000000000        0x0 ./User/Src/main.o
 .bss           0x0000000000000000        0x0 ./User/Src/main.o
 .text.getSmoothedInput
                0x0000000000000000       0x5e ./User/Src/main.o
 .sbss.ubAnalogWatchdogStatus
                0x0000000000000000        0x1 ./User/Src/main.o
 .sbss.lastzctime
                0x0000000000000000        0x2 ./User/Src/main.o
 .bss.readings  0x0000000000000000       0x3c ./User/Src/main.o
 .sbss.total    0x0000000000000000        0x4 ./User/Src/main.o
 .sbss.readIndex
                0x0000000000000000        0x1 ./User/Src/main.o
 .srodata.numReadings
                0x0000000000000000        0x1 ./User/Src/main.o
 .sbss.smoothedinput
                0x0000000000000000        0x2 ./User/Src/main.o
 .sbss.telemetry_done
                0x0000000000000000        0x1 ./User/Src/main.o
 .sbss.ADC_raw_input
                0x0000000000000000        0x2 ./User/Src/main.o
 .sbss.ADC_smoothed_input
                0x0000000000000000        0x2 ./User/Src/main.o
 .sdata.low_kv_filter_level
                0x0000000000000000        0x1 ./User/Src/main.o
 .sdata.startup_boost
                0x0000000000000000        0x1 ./User/Src/main.o
 .sbss.lowkv    0x0000000000000000        0x1 ./User/Src/main.o
 .sdata.velocity_count_threshold
[...]
Memory Configuration

Name             Origin             Length             Attributes
RESET_FLASH      0x0000000000001000 0x00000000000000c0 xr
FLASH_VERSION    0x00000000000010c0 0x000000000000000e xr
FLASH            0x00000000000010ce 0x000000000000ef32 xr
RAM              0x0000000020000000 0x0000000000005000 xrw
*default*        0x0000000000000000 0xffffffffffffffff

Linker script and memory map

LOAD ./User/Src/dshot.o
LOAD ./User/Src/functions.o
LOAD ./User/Src/main.o
LOAD ./User/Src/phaseouts.o
LOAD ./User/Src/signal.o
LOAD ./User/Src/sounds.o
LOAD ./User/MCU/V203/Src/ADC.o
LOAD ./User/MCU/V203/Src/IO.o
LOAD ./User/MCU/V203/Src/ch32v20x_it.o
LOAD ./User/MCU/V203/Src/comparator.o
LOAD ./User/MCU/V203/Src/eeprom.o
LOAD ./User/MCU/V203/Src/peripherals.o
LOAD ./User/MCU/V203/Src/serial_telemetry.o
LOAD ./User/MCU/V203/Src/system_ch32v20x.o
LOAD ./Startup/startup_ch32v20x_D6.o
LOAD ./Peripheral/src/ch32v20x_adc.o
LOAD ./Peripheral/src/ch32v20x_bkp.o
LOAD ./Peripheral/src/ch32v20x_can.o
LOAD ./Peripheral/src/ch32v20x_crc.o
LOAD ./Peripheral/src/ch32v20x_dbgmcu.o
LOAD ./Peripheral/src/ch32v20x_dma.o
LOAD ./Peripheral/src/ch32v20x_exti.o
LOAD ./Peripheral/src/ch32v20x_flash.o
LOAD ./Peripheral/src/ch32v20x_gpio.o
LOAD ./Peripheral/src/ch32v20x_i2c.o
LOAD ./Peripheral/src/ch32v20x_iwdg.o
LOAD ./Peripheral/src/ch32v20x_misc.o
LOAD ./Peripheral/src/ch32v20x_opa.o
LOAD ./Peripheral/src/ch32v20x_pwr.o
LOAD ./Peripheral/src/ch32v20x_rcc.o
LOAD ./Peripheral/src/ch32v20x_rtc.o
LOAD ./Peripheral/src/ch32v20x_spi.o
LOAD ./Peripheral/src/ch32v20x_tim.o
LOAD ./Peripheral/src/ch32v20x_usart.o
LOAD ./Peripheral/src/ch32v20x_wwdg.o
LOAD ./Debug/debug.o
LOAD ./Core/core_riscv.o
LOAD d:/mounriver/mounriver_studio/toolchain/risc-v embedded gcc12/bin/../lib/gcc/riscv-none-elf/12.2.0/../../../../riscv-none-elf/lib/rv32imac_xw/ilp32\libprintf.a
LOAD d:/mounriver/mounriver_studio/toolchain/risc-v embedded gcc12/bin/../lib/gcc/riscv-none-elf/12.2.0/rv32imac_xw/ilp32\libgcc.a
LOAD d:/mounriver/mounriver_studio/toolchain/risc-v embedded gcc12/bin/../lib/gcc/riscv-none-elf/12.2.0/../../../../riscv-none-elf/lib/rv32imac_xw/ilp32\libg_nano.a
LOAD d:/mounriver/mounriver_studio/toolchain/risc-v embedded gcc12/bin/../lib/gcc/riscv-none-elf/12.2.0/../../../../riscv-none-elf/lib/rv32imac_xw/ilp32\libc_nano.a
LOAD d:/mounriver/mounriver_studio/toolchain/risc-v embedded gcc12/bin/../lib/gcc/riscv-none-elf/12.2.0/rv32imac_xw/ilp32\libgcc.a
START GROUP
LOAD d:/mounriver/mounriver_studio/toolchain/risc-v embedded gcc12/bin/../lib/gcc/riscv-none-elf/12.2.0/rv32imac_xw/ilp32\libgcc.a
LOAD d:/mounriver/mounriver_studio/toolchain/risc-v embedded gcc12/bin/../lib/gcc/riscv-none-elf/12.2.0/../../../../riscv-none-elf/lib/rv32imac_xw/ilp32\libc_nano.a
LOAD d:/mounriver/mounriver_studio/toolchain/risc-v embedded gcc12/bin/../lib/gcc/riscv-none-elf/12.2.0/../../../../riscv-none-elf/lib/rv32imac_xw/ilp32\libnosys.a
END GROUP
START GROUP
LOAD d:/mounriver/mounriver_studio/toolchain/risc-v embedded gcc12/bin/../lib/gcc/riscv-none-elf/12.2.0/rv32imac_xw/ilp32\libgcc.a
LOAD d:/mounriver/mounriver_studio/toolchain/risc-v embedded gcc12/bin/../lib/gcc/riscv-none-elf/12.2.0/../../../../riscv-none-elf/lib/rv32imac_xw/ilp32\libc_nano.a
LOAD d:/mounriver/mounriver_studio/toolchain/risc-v embedded gcc12/bin/../lib/gcc/riscv-none-elf/12.2.0/../../../../riscv-none-elf/lib/rv32imac_xw/ilp32\libnosys.a
END GROUP
                0x0000000000000800                __stack_size = 0x800
                0x0000000000000100                __resv_size = 0x100
                [!provide]                        PROVIDE (_stack_size = __stack_size)
                [!provide]                        PROVIDE (_resv_size = __resv_size)

.init           0x0000000000001000       0x38
                0x0000000000001000                _sinit = .
                0x0000000000001000                . = ALIGN (0x4)
 *(SORT_NONE(.init))
 .init          0x0000000000001000       0x38 ./Startup/startup_ch32v20x_D6.o
                0x0000000000001000                _start
                0x0000000000001038                . = ALIGN (0x4)
                0x0000000000001038                _einit = .

.firmware_version
                0x00000000000010c0        0xe
                0x00000000000010c0                . = ALIGN (0x4)
 *(.firmware_info)
 .firmware_info
                0x00000000000010c0        0xe ./User/Src/main.o
                0x00000000000010c0                firmware_info

.vector         0x00000000000010ce       0xfe
                0x00000000000010d0                . = ALIGN (0x4)
 *fill*         0x00000000000010ce        0x2 
 *(.vector)
 .vector        0x00000000000010d0       0xfc ./Startup/startup_ch32v20x_D6.o
                0x00000000000011cc                . = ALIGN (0x4)

.text           0x00000000000011cc     0x5ea4
                0x00000000000011cc                . = ALIGN (0x4)
 *(.text)
 .text          0x00000000000011cc       0x60 d:/mounriver/mounriver_studio/toolchain/risc-v embedded gcc12/bin/../lib/gcc/riscv-none-elf/12.2.0/rv32imac_xw/ilp32\libgcc.a(save-restore.o)
                0x00000000000011cc                __riscv_save_12
                0x00000000000011d4                __riscv_save_9
                0x00000000000011d4                __riscv_save_11
                0x00000000000011d4                __riscv_save_10
                0x00000000000011d4                __riscv_save_8
                0x00000000000011e2                __riscv_save_4
                0x00000000000011e2                __riscv_save_6
                0x00000000000011e2                __riscv_save_5
                0x00000000000011e2                __riscv_save_7
                0x00000000000011fc                __riscv_save_3
                0x00000000000011fc                __riscv_save_2
                0x00000000000011fc                __riscv_save_1
                0x00000000000011fc                __riscv_save_0
                0x0000000000001208                __riscv_restore_12
                0x000000000000120c                __riscv_restore_11
                0x000000000000120c                __riscv_restore_9
                0x000000000000120c                __riscv_restore_10
                0x000000000000120c                __riscv_restore_8
                0x0000000000001216                __riscv_restore_5
                0x0000000000001216                __riscv_restore_7
                0x0000000000001216                __riscv_restore_6
                0x0000000000001216                __riscv_restore_4
                0x0000000000001220                __riscv_restore_3
                0x0000000000001220                __riscv_restore_0
                0x0000000000001220                __riscv_restore_2
                0x0000000000001220                __riscv_restore_1
 .text          0x000000000000122c       0x10 d:/mounriver/mounriver_studio/toolchain/risc-v embedded gcc12/bin/../lib/gcc/riscv-none-elf/12.2.0/../../../../riscv-none-elf/lib/rv32imac_xw/ilp32\libg_nano.a(lib_a-memset.o)
                0x000000000000122c                memset
 *(.text.*)
 .text.computeDshotDMA
                0x000000000000123c      0x310 ./User/Src/dshot.o
                0x000000000000123c                computeDshotDMA
 .text.make_dshot_package
                0x000000000000154c      0x112 ./User/Src/dshot.o
                0x000000000000154c                make_dshot_package
 .text.map      0x000000000000165e       0x22 ./User/Src/functions.o
                0x000000000000165e                map
 .text.getAbsDif
                0x0000000000001680        0xe ./User/Src/functions.o
                0x0000000000001680                getAbsDif
 .text.delayMicros
                0x000000000000168e        0xe ./User/Src/functions.o
                0x000000000000168e                delayMicros
 .text.delayMillis
                0x000000000000169c       0x12 ./User/Src/functions.o
                0x000000000000169c                delayMillis
 .text.checkForHighSignal
                0x00000000000016ae       0x84 ./User/Src/main.o
                0x00000000000016ae                checkForHighSignal
 .text.doPidCalculations
                0x0000000000001732       0x5c ./User/Src/main.o
                0x0000000000001732                doPidCalculations
 .text.loadEEpromSettings
                0x000000000000178e      0x3b8 ./User/Src/main.o
                0x000000000000178e                loadEEpromSettings
 .text.saveEEpromSettings
                0x0000000000001b46       0x6c ./User/Src/main.o
                0x0000000000001b46                saveEEpromSettings
 .text.getBemfState
                0x0000000000001bb2       0x40 ./User/Src/main.o
                0x0000000000001bb2                getBemfState
 .text.commutate
                0x0000000000001bf2      0x146 ./User/Src/main.o
                0x0000000000001bf2                commutate
 .text.PeriodElapsedCallback
                0x0000000000001d38       0x78 ./User/Src/main.o
                0x0000000000001d38                PeriodElapsedCallback
 .text.interruptRoutine
                0x0000000000001db0       0xe8 ./User/Src/main.o
                0x0000000000001db0                interruptRoutine
 .text.startMotor
                0x0000000000001e98       0x34 ./User/Src/main.o
                0x0000000000001e98                startMotor
 .text.tenKhzRoutine
                0x0000000000001ecc      0x6e6 ./User/Src/main.o
                0x0000000000001ecc                tenKhzRoutine
 .text.advanceincrement
                0x00000000000025b2      0x120 ./User/Src/main.o
                0x00000000000025b2                advanceincrement
 .text.zcfoundroutine
                0x00000000000026d2       0xa2 ./User/Src/main.o
                0x00000000000026d2                zcfoundroutine
 .text.startup.main
                0x0000000000002774      0xba8 ./User/Src/main.o
                0x0000000000002774                main
 .text.proportionalBrake
                0x000000000000331c       0x90 ./User/Src/phaseouts.o
                0x000000000000331c                proportionalBrake
 .text.phaseBPWM
                0x00000000000033ac       0x5a ./User/Src/phaseouts.o
                0x00000000000033ac                phaseBPWM
 .text.phaseBFLOAT
                0x0000000000003406       0x3e ./User/Src/phaseouts.o
                0x0000000000003406                phaseBFLOAT
 .text.phaseBLOW
                0x0000000000003444       0x3e ./User/Src/phaseouts.o
                0x0000000000003444                phaseBLOW
 .text.phaseCPWM
                0x0000000000003482       0x58 ./User/Src/phaseouts.o
                0x0000000000003482                phaseCPWM
 .text.phaseCFLOAT
                0x00000000000034da       0x3c ./User/Src/phaseouts.o
                0x00000000000034da                phaseCFLOAT
 .text.phaseCLOW
                0x0000000000003516       0x3c ./User/Src/phaseouts.o
                0x0000000000003516                phaseCLOW
 .text.phaseAPWM
                0x0000000000003552       0x5a ./User/Src/phaseouts.o
                0x0000000000003552                phaseAPWM
 .text.phaseAFLOAT
                0x00000000000035ac       0x3e ./User/Src/phaseouts.o
                0x00000000000035ac                phaseAFLOAT
 .text.phaseALOW
                0x00000000000035ea       0x3e ./User/Src/phaseouts.o
                0x00000000000035ea                phaseALOW
 .text.allOff   0x0000000000003628       0x14 ./User/Src/phaseouts.o
                0x0000000000003628                allOff
 .text.comStep  0x000000000000363c       0x66 ./User/Src/phaseouts.o
                0x000000000000363c                comStep
 .text.fullBrake
                0x00000000000036a2       0x14 ./User/Src/phaseouts.o
                0x00000000000036a2                fullBrake
 .text.allpwm   0x00000000000036b6       0x14 ./User/Src/phaseouts.o
                0x00000000000036b6                allpwm
 .text.computeServoInput
                0x00000000000036ca      0x1a0 ./User/Src/signal.o
                0x00000000000036ca                computeServoInput
 .text.transfercomplete
                0x000000000000386a      0x138 ./User/Src/signal.o
                0x000000000000386a                transfercomplete
 .text.setVolume
                0x00000000000039a2       0x12 ./User/Src/sounds.o
                0x00000000000039a2                setVolume
 .text.setCaptureCompare
                0x00000000000039b4       0x16 ./User/Src/sounds.o
                0x00000000000039b4                setCaptureCompare
 .text.playBJNote
                0x00000000000039ca       0x4a ./User/Src/sounds.o
                0x00000000000039ca                playBJNote
 .text.playBlueJayTune
                0x0000000000003a14       0xdc ./User/Src/sounds.o
                0x0000000000003a14                playBlueJayTune
 .text.playStartupTune
                0x0000000000003af0       0x9e ./User/Src/sounds.o
                0x0000000000003af0                playStartupTune
 .text.playInputTune2
                0x0000000000003b8e       0x76 ./User/Src/sounds.o
                0x0000000000003b8e                playInputTune2
 .text.playInputTune
                0x0000000000003c04       0x7a ./User/Src/sounds.o
                0x0000000000003c04                playInputTune
 .text.playDefaultTone
                0x0000000000003c7e       0x56 ./User/Src/sounds.o
                0x0000000000003c7e                playDefaultTone
 .text.playChangedTone
                0x0000000000003cd4       0x58 ./User/Src/sounds.o
                0x0000000000003cd4                playChangedTone
 .text.playBeaconTune3
                0x0000000000003d2c       0x76 ./User/Src/sounds.o
                0x0000000000003d2c                playBeaconTune3
 .text.ADC_DMA_Callback
                0x0000000000003da2       0x18 ./User/MCU/V203/Src/ADC.o
                0x0000000000003da2                ADC_DMA_Callback
 .text.enableADC_DMA
                0x0000000000003dba       0x80 ./User/MCU/V203/Src/ADC.o
                0x0000000000003dba                enableADC_DMA
 .text.activateADC
                0x0000000000003e3a       0x66 ./User/MCU/V203/Src/ADC.o
                0x0000000000003e3a                activateADC
 .text.ADCInit  0x0000000000003ea0       0x98 ./User/MCU/V203/Src/ADC.o
                0x0000000000003ea0                ADCInit
 .text.changeToInput
                0x0000000000003f38       0x4a ./User/MCU/V203/Src/IO.o
                0x0000000000003f38                changeToInput
 .text.receiveDshotDma
                0x0000000000003f82       0x60 ./User/MCU/V203/Src/IO.o
                0x0000000000003f82                receiveDshotDma
 .text.changeToOutput
                0x0000000000003fe2       0x44 ./User/MCU/V203/Src/IO.o
                0x0000000000003fe2                changeToOutput
 .text.sendDshotDma
                0x0000000000004026       0x5a ./User/MCU/V203/Src/IO.o
                0x0000000000004026                sendDshotDma
 .text.checkDshot
                0x0000000000004080       0xa2 ./User/MCU/V203/Src/IO.o
                0x0000000000004080                checkDshot
 .text.checkServo
                0x0000000000004122       0x46 ./User/MCU/V203/Src/IO.o
                0x0000000000004122                checkServo
 .text.detectInput
                0x0000000000004168       0xd8 ./User/MCU/V203/Src/IO.o
                0x0000000000004168                detectInput
 .text.NMI_Handler
                0x0000000000004240        0x4 ./User/MCU/V203/Src/ch32v20x_it.o
                0x0000000000004240                NMI_Handler
 .text.HardFault_Handler
                0x0000000000004244        0x6 ./User/MCU/V203/Src/ch32v20x_it.o
                0x0000000000004244                HardFault_Handler
 .text.DMA1_Channel1_IRQHandler
                0x000000000000424a       0x24 ./User/MCU/V203/Src/ch32v20x_it.o
                0x000000000000424a                DMA1_Channel1_IRQHandler
 .text.DMA1_Channel5_IRQHandler
                0x000000000000426e       0xca ./User/MCU/V203/Src/ch32v20x_it.o
                0x000000000000426e                DMA1_Channel5_IRQHandler
 .text.DMA1_Channel4_IRQHandler
                0x0000000000004338       0x8c ./User/MCU/V203/Src/ch32v20x_it.o
                0x0000000000004338                DMA1_Channel4_IRQHandler
 .text.SysTick_Handler
                0x00000000000043c4       0x10 ./User/MCU/V203/Src/ch32v20x_it.o
                0x00000000000043c4                SysTick_Handler
 .text.EXTI0_IRQHandler
                0x00000000000043d4        0xe ./User/MCU/V203/Src/ch32v20x_it.o
                0x00000000000043d4                EXTI0_IRQHandler
 .text.TIM3_IRQHandler
                0x00000000000043e2       0x2a ./User/MCU/V203/Src/ch32v20x_it.o
                0x00000000000043e2                TIM3_IRQHandler
 .text.maskPhaseInterrupts
                0x000000000000440c       0x14 ./User/MCU/V203/Src/comparator.o
                0x000000000000440c                maskPhaseInterrupts
 .text.enableCompInterrupts
                0x0000000000004420       0x12 ./User/MCU/V203/Src/comparator.o
                0x0000000000004420                enableCompInterrupts
 .text.changeCompInput
                0x0000000000004432       0x6c ./User/MCU/V203/Src/comparator.o
                0x0000000000004432                changeCompInput
 .text.save_flash_nolib
                0x000000000000449e       0xa6 ./User/MCU/V203/Src/eeprom.o
                0x000000000000449e                save_flash_nolib
 .text.read_flash_bin
                0x0000000000004544       0x18 ./User/MCU/V203/Src/eeprom.o
                0x0000000000004544                read_flash_bin
 .text.initAfterJump
                0x000000000000455c        0x2 ./User/MCU/V203/Src/peripherals.o
                0x000000000000455c                initAfterJump
 .text.MX_COMP1_Init
                0x000000000000455e       0xbc ./User/MCU/V203/Src/peripherals.o
                0x000000000000455e                MX_COMP1_Init
 .text.MX_IWDG_Init
                0x000000000000461a        0x2 ./User/MCU/V203/Src/peripherals.o
                0x000000000000461a                MX_IWDG_Init
 .text.MX_TIM1_Init
                0x000000000000461c      0x18a ./User/MCU/V203/Src/peripherals.o
                0x000000000000461c                MX_TIM1_Init
 .text.MX_TIM2_Init
                0x00000000000047a6       0x1c ./User/MCU/V203/Src/peripherals.o
                0x00000000000047a6                MX_TIM2_Init
 .text.MX_TIM6_Init
                0x00000000000047c2       0x3e ./User/MCU/V203/Src/peripherals.o
                0x00000000000047c2                MX_TIM6_Init
 .text.MX_TIM14_Init
                0x0000000000004800       0x32 ./User/MCU/V203/Src/peripherals.o
                0x0000000000004800                MX_TIM14_Init
 .text.MX_DMA_Init
                0x0000000000004832       0x42 ./User/MCU/V203/Src/peripherals.o
                0x0000000000004832                MX_DMA_Init
 .text.MX_GPIO_Init
                0x0000000000004874        0x8 ./User/MCU/V203/Src/peripherals.o
                0x0000000000004874                MX_GPIO_Init
 .text.UN_TIM_Init
                0x000000000000487c       0xb0 ./User/MCU/V203/Src/peripherals.o
                0x000000000000487c                UN_TIM_Init
 .text.initCorePeripherals
                0x000000000000492c       0x28 ./User/MCU/V203/Src/peripherals.o
                0x000000000000492c                initCorePeripherals
 .text.SystemInit
                0x0000000000004954       0xb0 ./User/MCU/V203/Src/system_ch32v20x.o
                0x0000000000004954                SystemInit
 .text.SystemCoreClockUpdate
                0x0000000000004a04       0x80 ./User/MCU/V203/Src/system_ch32v20x.o
                0x0000000000004a04                SystemCoreClockUpdate
 .text.vector_handler
                0x0000000000004a84       0x6c ./Startup/startup_ch32v20x_D6.o
                0x0000000000004a88                Ecall_M_Mode_Handler
                0x0000000000004a8a                Ecall_U_Mode_Handler
                0x0000000000004a8c                Break_Point_Handler
                0x0000000000004a90                SW_Handler
                0x0000000000004a92                WWDG_IRQHandler
                0x0000000000004a94                PVD_IRQHandler
                0x0000000000004a96                TAMPER_IRQHandler
                0x0000000000004a98                RTC_IRQHandler
                0x0000000000004a9a                FLASH_IRQHandler
                0x0000000000004a9c                RCC_IRQHandler
                0x0000000000004aa0                EXTI1_IRQHandler
                0x0000000000004aa2                EXTI2_IRQHandler
                0x0000000000004aa4                EXTI3_IRQHandler
                0x0000000000004aa6                EXTI4_IRQHandler
                0x0000000000004aaa                DMA1_Channel2_IRQHandler
                0x0000000000004aac                DMA1_Channel3_IRQHandler
                0x0000000000004ab2                DMA1_Channel6_IRQHandler
                0x0000000000004ab4                DMA1_Channel7_IRQHandler
                0x0000000000004ab6                ADC1_2_IRQHandler
                0x0000000000004ab8                USB_HP_CAN1_TX_IRQHandler
                0x0000000000004aba                USB_LP_CAN1_RX0_IRQHandler
                0x0000000000004abc                CAN1_RX1_IRQHandler
                0x0000000000004abe                CAN1_SCE_IRQHandler
                0x0000000000004ac0                EXTI9_5_IRQHandler
                0x0000000000004ac2                TIM1_BRK_IRQHandler
                0x0000000000004ac4                TIM1_UP_IRQHandler
                0x0000000000004ac6                TIM1_TRG_COM_IRQHandler
                0x0000000000004ac8                TIM1_CC_IRQHandler
                0x0000000000004aca                TIM2_IRQHandler
                0x0000000000004ace                TIM4_IRQHandler
                0x0000000000004ad0                I2C1_EV_IRQHandler
                0x0000000000004ad2                I2C1_ER_IRQHandler
                0x0000000000004ad4                I2C2_EV_IRQHandler
                0x0000000000004ad6                I2C2_ER_IRQHandler
                0x0000000000004ad8                SPI1_IRQHandler
                0x0000000000004ada                SPI2_IRQHandler
                0x0000000000004adc                USART1_IRQHandler
                0x0000000000004ade                USART2_IRQHandler
                0x0000000000004ae0                USART3_IRQHandler
                0x0000000000004ae2                EXTI15_10_IRQHandler
                0x0000000000004ae4                RTCAlarm_IRQHandler
                0x0000000000004ae6                USBWakeUp_IRQHandler
                0x0000000000004ae8                USBHD_IRQHandler
                0x0000000000004aea                USBHDWakeUp_IRQHandler
                0x0000000000004aec                UART4_IRQHandler
                0x0000000000004aee                DMA1_Channel8_IRQHandler
 .text.handle_reset
                0x0000000000004af0       0x86 ./Startup/startup_ch32v20x_D6.o
                0x0000000000004af0                handle_reset
 .text.ADC_DeInit
                0x0000000000004b76       0x40 ./Peripheral/src/ch32v20x_adc.o
                0x0000000000004b76                ADC_DeInit
 .text.ADC_Init
                0x0000000000004bb6       0x56 ./Peripheral/src/ch32v20x_adc.o
                0x0000000000004bb6                ADC_Init
 .text.ADC_Cmd  0x0000000000004c0c       0x10 ./Peripheral/src/ch32v20x_adc.o
                0x0000000000004c0c                ADC_Cmd
 .text.ADC_DMACmd
                0x0000000000004c1c       0x12 ./Peripheral/src/ch32v20x_adc.o
                0x0000000000004c1c                ADC_DMACmd
 .text.ADC_ResetCalibration
                0x0000000000004c2e        0xa ./Peripheral/src/ch32v20x_adc.o
                0x0000000000004c2e                ADC_ResetCalibration
 .text.ADC_GetResetCalibrationStatus
                0x0000000000004c38        0x8 ./Peripheral/src/ch32v20x_adc.o
                0x0000000000004c38                ADC_GetResetCalibrationStatus
 .text.ADC_StartCalibration
                0x0000000000004c40        0xa ./Peripheral/src/ch32v20x_adc.o
                0x0000000000004c40                ADC_StartCalibration
 .text.ADC_GetCalibrationStatus
                0x0000000000004c4a        0x8 ./Peripheral/src/ch32v20x_adc.o
                0x0000000000004c4a                ADC_GetCalibrationStatus
 .text.ADC_SoftwareStartConvCmd
                0x0000000000004c52       0x18 ./Peripheral/src/ch32v20x_adc.o
                0x0000000000004c52                ADC_SoftwareStartConvCmd
 .text.ADC_RegularChannelConfig
                0x0000000000004c6a       0xb8 ./Peripheral/src/ch32v20x_adc.o
                0x0000000000004c6a                ADC_RegularChannelConfig
 .text.ADC_TempSensorVrefintCmd
                0x0000000000004d22       0x20 ./Peripheral/src/ch32v20x_adc.o
                0x0000000000004d22                ADC_TempSensorVrefintCmd
 .text.TempSensor_Volt_To_Temper
                0x0000000000004d42       0x28 ./Peripheral/src/ch32v20x_adc.o
                0x0000000000004d42                TempSensor_Volt_To_Temper
 .text.ADC_BufferCmd
                0x0000000000004d6a       0x18 ./Peripheral/src/ch32v20x_adc.o
                0x0000000000004d6a                ADC_BufferCmd
 .text.DMA_Init
                0x0000000000004d82       0x38 ./Peripheral/src/ch32v20x_dma.o
                0x0000000000004d82                DMA_Init
 .text.DMA_Cmd  0x0000000000004dba       0x14 ./Peripheral/src/ch32v20x_dma.o
                0x0000000000004dba                DMA_Cmd
 .text.DMA_ITConfig
                0x0000000000004dce       0x14 ./Peripheral/src/ch32v20x_dma.o
                0x0000000000004dce                DMA_ITConfig
 .text.DMA_GetFlagStatus
                0x0000000000004de2        0xe ./Peripheral/src/ch32v20x_dma.o
                0x0000000000004de2                DMA_GetFlagStatus
 .text.DMA_ClearFlag
                0x0000000000004df0        0x8 ./Peripheral/src/ch32v20x_dma.o
                0x0000000000004df0                DMA_ClearFlag
 .text.DMA_GetITStatus
                0x0000000000004df8        0x4 ./Peripheral/src/ch32v20x_dma.o
                0x0000000000004df8                DMA_GetITStatus
 .text.EXTI_Init
                0x0000000000004dfc       0x62 ./Peripheral/src/ch32v20x_exti.o
                0x0000000000004dfc                EXTI_Init
 .text.EXTI_ClearITPendingBit
                0x0000000000004e5e        0xc ./Peripheral/src/ch32v20x_exti.o
                0x0000000000004e5e                EXTI_ClearITPendingBit
 .text.FLASH_Lock
                0x0000000000004e6a        0xe ./Peripheral/src/ch32v20x_flash.o
                0x0000000000004e6a                FLASH_Lock
 .text.FLASH_ErasePage_Fast
                0x0000000000004e78       0x2e ./Peripheral/src/ch32v20x_flash.o
                0x0000000000004e78                FLASH_ErasePage_Fast
 .text.FLASH_ProgramPage_Fast
                0x0000000000004ea6       0x64 ./Peripheral/src/ch32v20x_flash.o
                0x0000000000004ea6                FLASH_ProgramPage_Fast
 .text.GPIO_Init
                0x0000000000004f0a       0xee ./Peripheral/src/ch32v20x_gpio.o
                0x0000000000004f0a                GPIO_Init
 .text.GPIO_PinRemapConfig
                0x0000000000004ff8      0x106 ./Peripheral/src/ch32v20x_gpio.o
                0x0000000000004ff8                GPIO_PinRemapConfig
 .text.GPIO_EXTILineConfig
                0x00000000000050fe       0x2c ./Peripheral/src/ch32v20x_gpio.o
                0x00000000000050fe                GPIO_EXTILineConfig
 .text.IWDG_ReloadCounter
                0x000000000000512a        0xe ./Peripheral/src/ch32v20x_iwdg.o
                0x000000000000512a                IWDG_ReloadCounter
 .text.RCC_ADCCLKConfig
                0x0000000000005138       0x12 ./Peripheral/src/ch32v20x_rcc.o
                0x0000000000005138                RCC_ADCCLKConfig
 .text.RCC_GetClocksFreq
                0x000000000000514a       0xb4 ./Peripheral/src/ch32v20x_rcc.o
                0x000000000000514a                RCC_GetClocksFreq
 .text.RCC_AHBPeriphClockCmd
                0x00000000000051fe       0x1e ./Peripheral/src/ch32v20x_rcc.o
                0x00000000000051fe                RCC_AHBPeriphClockCmd
 .text.RCC_APB2PeriphClockCmd
                0x000000000000521c       0x1e ./Peripheral/src/ch32v20x_rcc.o
                0x000000000000521c                RCC_APB2PeriphClockCmd
 .text.RCC_APB1PeriphClockCmd
                0x000000000000523a       0x1e ./Peripheral/src/ch32v20x_rcc.o
                0x000000000000523a                RCC_APB1PeriphClockCmd
 .text.RCC_APB2PeriphResetCmd
                0x0000000000005258       0x1e ./Peripheral/src/ch32v20x_rcc.o
                0x0000000000005258                RCC_APB2PeriphResetCmd
 .text.RCC_APB1PeriphResetCmd
                0x0000000000005276       0x1e ./Peripheral/src/ch32v20x_rcc.o
                0x0000000000005276                RCC_APB1PeriphResetCmd
 .text.TI1_Config
                0x0000000000005294       0x6a ./Peripheral/src/ch32v20x_tim.o
 .text.TI2_Config
                0x00000000000052fe       0x84 ./Peripheral/src/ch32v20x_tim.o
 .text.TIM_TimeBaseInit
                0x0000000000005382       0x6a ./Peripheral/src/ch32v20x_tim.o
                0x0000000000005382                TIM_TimeBaseInit
 .text.TIM_OC1Init
                0x00000000000053ec       0x6a ./Peripheral/src/ch32v20x_tim.o
                0x00000000000053ec                TIM_OC1Init
 .text.TIM_OC2Init
                0x0000000000005456       0x94 ./Peripheral/src/ch32v20x_tim.o
                0x0000000000005456                TIM_OC2Init
 .text.TIM_OC3Init
                0x00000000000054ea       0x92 ./Peripheral/src/ch32v20x_tim.o
                0x00000000000054ea                TIM_OC3Init
 .text.TIM_OC4Init
                0x000000000000557c       0x68 ./Peripheral/src/ch32v20x_tim.o
                0x000000000000557c                TIM_OC4Init
 .text.TIM_BDTRConfig
                0x00000000000055e4       0x20 ./Peripheral/src/ch32v20x_tim.o
                0x00000000000055e4                TIM_BDTRConfig
 .text.TIM_Cmd  0x0000000000005604       0x18 ./Peripheral/src/ch32v20x_tim.o
                0x0000000000005604                TIM_Cmd
 .text.TIM_CtrlPWMOutputs
                0x000000000000561c       0x16 ./Peripheral/src/ch32v20x_tim.o
                0x000000000000561c                TIM_CtrlPWMOutputs
 .text.TIM_ITConfig
                0x0000000000005632       0x12 ./Peripheral/src/ch32v20x_tim.o
                0x0000000000005632                TIM_ITConfig
 .text.TIM_GenerateEvent
                0x0000000000005644        0x4 ./Peripheral/src/ch32v20x_tim.o
                0x0000000000005644                TIM_GenerateEvent
 .text.TIM_DMACmd
                0x0000000000005648        0x4 ./Peripheral/src/ch32v20x_tim.o
                0x0000000000005648                TIM_DMACmd
 .text.TIM_ARRPreloadConfig
                0x000000000000564c       0x1a ./Peripheral/src/ch32v20x_tim.o
                0x000000000000564c                TIM_ARRPreloadConfig
 .text.TIM_OC1PreloadConfig
                0x0000000000005666        0xe ./Peripheral/src/ch32v20x_tim.o
                0x0000000000005666                TIM_OC1PreloadConfig
 .text.TIM_OC2PreloadConfig
                0x0000000000005674       0x16 ./Peripheral/src/ch32v20x_tim.o
                0x0000000000005674                TIM_OC2PreloadConfig
 .text.TIM_OC3PreloadConfig
                0x000000000000568a        0xe ./Peripheral/src/ch32v20x_tim.o
                0x000000000000568a                TIM_OC3PreloadConfig
 .text.TIM_OC4PreloadConfig
                0x0000000000005698       0x16 ./Peripheral/src/ch32v20x_tim.o
                0x0000000000005698                TIM_OC4PreloadConfig
 .text.TIM_OC1FastConfig
                0x00000000000056ae        0xe ./Peripheral/src/ch32v20x_tim.o
                0x00000000000056ae                TIM_OC1FastConfig
 .text.TIM_OC2FastConfig
                0x00000000000056bc       0x16 ./Peripheral/src/ch32v20x_tim.o
                0x00000000000056bc                TIM_OC2FastConfig
 .text.TIM_OC3FastConfig
                0x00000000000056d2        0xe ./Peripheral/src/ch32v20x_tim.o
                0x00000000000056d2                TIM_OC3FastConfig
 .text.TIM_OC4FastConfig
                0x00000000000056e0       0x16 ./Peripheral/src/ch32v20x_tim.o
                0x00000000000056e0                TIM_OC4FastConfig
 .text.TIM_CCxCmd
                0x00000000000056f6       0x20 ./Peripheral/src/ch32v20x_tim.o
                0x00000000000056f6                TIM_CCxCmd
 .text.TIM_CCxNCmd
                0x0000000000005716       0x20 ./Peripheral/src/ch32v20x_tim.o
                0x0000000000005716                TIM_CCxNCmd
 .text.TIM_SelectOutputTrigger
                0x0000000000005736       0x18 ./Peripheral/src/ch32v20x_tim.o
                0x0000000000005736                TIM_SelectOutputTrigger
 .text.TIM_SetIC1Prescaler
                0x000000000000574e       0x16 ./Peripheral/src/ch32v20x_tim.o
                0x000000000000574e                TIM_SetIC1Prescaler
 .text.TIM_SetIC2Prescaler
                0x0000000000005764       0x1a ./Peripheral/src/ch32v20x_tim.o
                0x0000000000005764                TIM_SetIC2Prescaler
 .text.TIM_SetIC3Prescaler
                0x000000000000577e       0x16 ./Peripheral/src/ch32v20x_tim.o
                0x000000000000577e                TIM_SetIC3Prescaler
 .text.TIM_SetIC4Prescaler
                0x0000000000005794       0x1a ./Peripheral/src/ch32v20x_tim.o
                0x0000000000005794                TIM_SetIC4Prescaler
 .text.TIM_ICInit
                0x00000000000057ae      0x15c ./Peripheral/src/ch32v20x_tim.o
                0x00000000000057ae                TIM_ICInit
 .text.TIM_GetITStatus
                0x000000000000590a       0x18 ./Peripheral/src/ch32v20x_tim.o
                0x000000000000590a                TIM_GetITStatus
 .text.TIM_ClearITPendingBit
                0x0000000000005922        0xc ./Peripheral/src/ch32v20x_tim.o
                0x0000000000005922                TIM_ClearITPendingBit
 .text.USART_Init
                0x000000000000592e       0xb4 ./Peripheral/src/ch32v20x_usart.o
                0x000000000000592e                USART_Init
 .text.USART_Cmd
                0x00000000000059e2       0x14 ./Peripheral/src/ch32v20x_usart.o
                0x00000000000059e2                USART_Cmd
 .text.USART_DMACmd
                0x00000000000059f6       0x12 ./Peripheral/src/ch32v20x_usart.o
                0x00000000000059f6                USART_DMACmd
 .text.USART_SendData
                0x0000000000005a08        0x8 ./Peripheral/src/ch32v20x_usart.o
                0x0000000000005a08                USART_SendData
 .text.USART_GetFlagStatus
                0x0000000000005a10        0xa ./Peripheral/src/ch32v20x_usart.o
                0x0000000000005a10                USART_GetFlagStatus
 .text.USART_Printf_Init
                0x0000000000005a1a       0x62 ./Debug/debug.o
                0x0000000000005a1a                USART_Printf_Init
 .text._write   0x0000000000005a7c       0x3e ./Debug/debug.o
                0x0000000000005a7c                _write
 .text.printchar
                0x0000000000005aba       0x4a d:/mounriver/mounriver_studio/toolchain/risc-v embedded gcc12/bin/../lib/gcc/riscv-none-elf/12.2.0/../../../../riscv-none-elf/lib/rv32imac_xw/ilp32\libprintf.a(wchprintf.o)
                0x0000000000005aba                printchar
 .text.prints   0x0000000000005b04       0xe0 d:/mounriver/mounriver_studio/toolchain/risc-v embedded gcc12/bin/../lib/gcc/riscv-none-elf/12.2.0/../../../../riscv-none-elf/lib/rv32imac_xw/ilp32\libprintf.a(wchprintf.o)
                0x0000000000005b04                prints
 .text.printInt
                0x0000000000005be4       0xf2 d:/mounriver/mounriver_studio/toolchain/risc-v embedded gcc12/bin/../lib/gcc/riscv-none-elf/12.2.0/../../../../riscv-none-elf/lib/rv32imac_xw/ilp32\libprintf.a(wchprintf.o)
                0x0000000000005be4                printInt
 .text.printLongLongInt
                0x0000000000005cd6        0x4 d:/mounriver/mounriver_studio/toolchain/risc-v embedded gcc12/bin/../lib/gcc/riscv-none-elf/12.2.0/../../../../riscv-none-elf/lib/rv32imac_xw/ilp32\libprintf.a(wchprintf.o)
                0x0000000000005cd6                printLongLongInt
 .text.printDouble
                0x0000000000005cda        0x4 d:/mounriver/mounriver_studio/toolchain/risc-v embedded gcc12/bin/../lib/gcc/riscv-none-elf/12.2.0/../../../../riscv-none-elf/lib/rv32imac_xw/ilp32\libprintf.a(wchprintf.o)
                0x0000000000005cda                printDouble
 .text.print    0x0000000000005cde      0x31e d:/mounriver/mounriver_studio/toolchain/risc-v embedded gcc12/bin/../lib/gcc/riscv-none-elf/12.2.0/../../../../riscv-none-elf/lib/rv32imac_xw/ilp32\libprintf.a(wchprintf.o)
                0x0000000000005cde                print
 .text.printf   0x0000000000005ffc       0x24 d:/mounriver/mounriver_studio/toolchain/risc-v embedded gcc12/bin/../lib/gcc/riscv-none-elf/12.2.0/../../../../riscv-none-elf/lib/rv32imac_xw/ilp32\libprintf.a(wchprintf.o)
                0x0000000000005ffc                printf
 .text.puts     0x0000000000006020       0x4a d:/mounriver/mounriver_studio/toolchain/risc-v embedded gcc12/bin/../lib/gcc/riscv-none-elf/12.2.0/../../../../riscv-none-elf/lib/rv32imac_xw/ilp32\libprintf.a(wchprintf.o)
                0x0000000000006020                puts
 .text.putchar  0x000000000000606a       0x18 d:/mounriver/mounriver_studio/toolchain/risc-v embedded gcc12/bin/../lib/gcc/riscv-none-elf/12.2.0/../../../../riscv-none-elf/lib/rv32imac_xw/ilp32\libprintf.a(wchprintf.o)
                0x000000000000606a                putchar
 .text.__addsf3
                0x0000000000006082      0x368 d:/mounriver/mounriver_studio/toolchain/risc-v embedded gcc12/bin/../lib/gcc/riscv-none-elf/12.2.0/rv32imac_xw/ilp32\libgcc.a(addsf3.o)
                0x0000000000006082                __addsf3
 .text.__divsf3
                0x00000000000063ea      0x2e6 d:/mounriver/mounriver_studio/toolchain/risc-v embedded gcc12/bin/../lib/gcc/riscv-none-elf/12.2.0/rv32imac_xw/ilp32\libgcc.a(divsf3.o)
                0x00000000000063ea                __divsf3
 .text.__gesf2  0x00000000000066d0       0x96 d:/mounriver/mounriver_studio/toolchain/risc-v embedded gcc12/bin/../lib/gcc/riscv-none-elf/12.2.0/rv32imac_xw/ilp32\libgcc.a(gesf2.o)
                0x00000000000066d0                __gesf2
                0x00000000000066d0                __gtsf2
 .text.__lesf2  0x0000000000006766       0x98 d:/mounriver/mounriver_studio/toolchain/risc-v embedded gcc12/bin/../lib/gcc/riscv-none-elf/12.2.0/rv32imac_xw/ilp32\libgcc.a(lesf2.o)
                0x0000000000006766                __ltsf2
                0x0000000000006766                __lesf2
 .text.__mulsf3
                0x00000000000067fe      0x2d8 d:/mounriver/mounriver_studio/toolchain/risc-v embedded gcc12/bin/../lib/gcc/riscv-none-elf/12.2.0/rv32imac_xw/ilp32\libgcc.a(mulsf3.o)
                0x00000000000067fe                __mulsf3
 .text.__fixsfsi
                0x0000000000006ad6       0x60 d:/mounriver/mounriver_studio/toolchain/risc-v embedded gcc12/bin/../lib/gcc/riscv-none-elf/12.2.0/rv32imac_xw/ilp32\libgcc.a(fixsfsi.o)
                0x0000000000006ad6                __fixsfsi
 .text.__fixunssfsi
                0x0000000000006b36       0x52 d:/mounriver/mounriver_studio/toolchain/risc-v embedded gcc12/bin/../lib/gcc/riscv-none-elf/12.2.0/rv32imac_xw/ilp32\libgcc.a(fixunssfsi.o)
                0x0000000000006b36                __fixunssfsi
 .text.__floatsisf
                0x0000000000006b88       0xcc d:/mounriver/mounriver_studio/toolchain/risc-v embedded gcc12/bin/../lib/gcc/riscv-none-elf/12.2.0/rv32imac_xw/ilp32\libgcc.a(floatsisf.o)
                0x0000000000006b88                __floatsisf
 .text.__floatunsisf
                0x0000000000006c54       0xbc d:/mounriver/mounriver_studio/toolchain/risc-v embedded gcc12/bin/../lib/gcc/riscv-none-elf/12.2.0/rv32imac_xw/ilp32\libgcc.a(floatunsisf.o)
                0x0000000000006c54                __floatunsisf
 .text.__clzsi2
                0x0000000000006d10       0x68 d:/mounriver/mounriver_studio/toolchain/risc-v embedded gcc12/bin/../lib/gcc/riscv-none-elf/12.2.0/rv32imac_xw/ilp32\libgcc.a(_clzsi2.o)
                0x0000000000006d10                __clzsi2
 *(.rodata)
 *(.rodata*)
 .rodata.computeDshotDMA.str1.4
                0x0000000000006d78       0x12 ./User/Src/dshot.o
 *fill*         0x0000000000006d8a        0x2 
 .rodata.computeDshotDMA
                0x0000000000006d8c       0x54 ./User/Src/dshot.o
 .rodata.gcr_encode_table
                0x0000000000006de0       0x10 ./User/Src/dshot.o
                0x0000000000006de0                gcr_encode_table
 .rodata.main.str1.4
                0x0000000000006df0       0x1b ./User/Src/main.o
                                         0x1e (size before relaxing)
 *fill*         0x0000000000006e0b        0x1 
 .rodata.comStep
                0x0000000000006e0c       0x18 ./User/Src/phaseouts.o
 .rodata.transfercomplete.str1.4
                0x0000000000006e24       0x16 ./User/Src/signal.o
 *fill*         0x0000000000006e3a        0x2 
 .rodata.checkDshot.str1.4
                0x0000000000006e3c       0x1f ./User/MCU/V203/Src/IO.o
 *fill*         0x0000000000006e5b        0x1 
 .rodata.checkServo.str1.4
                0x0000000000006e5c        0xd ./User/MCU/V203/Src/IO.o
 *fill*         0x0000000000006e69        0x3 
 .rodata.detectInput.str1.4
                0x0000000000006e6c       0x51 ./User/MCU/V203/Src/IO.o
                                         0x55 (size before relaxing)
 *fill*         0x0000000000006ebd        0x3 
 .rodata.print.str1.4
                0x0000000000006ec0        0x7 d:/mounriver/mounriver_studio/toolchain/risc-v embedded gcc12/bin/../lib/gcc/riscv-none-elf/12.2.0/../../../../riscv-none-elf/lib/rv32imac_xw/ilp32\libprintf.a(wchprintf.o)
 *fill*         0x0000000000006ec7        0x1 
 .rodata.__divsf3
                0x0000000000006ec8       0xa8 d:/mounriver/mounriver_studio/toolchain/risc-v embedded gcc12/bin/../lib/gcc/riscv-none-elf/12.2.0/rv32imac_xw/ilp32\libgcc.a(divsf3.o)
 .rodata.__clz_tab
                0x0000000000006f70      0x100 d:/mounriver/mounriver_studio/toolchain/risc-v embedded gcc12/bin/../lib/gcc/riscv-none-elf/12.2.0/rv32imac_xw/ilp32\libgcc.a(_clz.o)
                0x0000000000006f70                __clz_tab
 *(.gnu.linkonce.t.*)
                0x0000000000007070                . = ALIGN (0x4)

.rela.dyn       0x0000000000007070        0x0
 .rela.init     0x0000000000007070        0x0 ./User/Src/dshot.o
 .rela.vector   0x0000000000007070        0x0 ./User/Src/dshot.o
 .rela.text.handle_reset
                0x0000000000007070        0x0 ./User/Src/dshot.o

.fini           0x0000000000007070        0x0
 *(SORT_NONE(.fini))
                0x0000000000007070                . = ALIGN (0x4)
                [!provide]                        PROVIDE (_etext = .)
                [!provide]                        PROVIDE (_eitcm = .)

.preinit_array  0x0000000000007070        0x0
                [!provide]                        PROVIDE (__preinit_array_start = .)
 *(.preinit_array)
                [!provide]                        PROVIDE (__preinit_array_end = .)

.init_array     0x0000000000007070        0x0
                [!provide]                        PROVIDE (__init_array_start = .)
 *(SORT_BY_INIT_PRIORITY(.init_array.*) SORT_BY_INIT_PRIORITY(.ctors.*))
 *(.init_array EXCLUDE_FILE(*crtend?.o *crtend.o *crtbegin?.o *crtbegin.o) .ctors)
                [!provide]                        PROVIDE (__init_array_end = .)

.fini_array     0x0000000000007070        0x0
                [!provide]                        PROVIDE (__fini_array_start = .)
 *(SORT_BY_INIT_PRIORITY(.fini_array.*) SORT_BY_INIT_PRIORITY(.dtors.*))
 *(.fini_array EXCLUDE_FILE(*crtend?.o *crtend.o *crtbegin?.o *crtbegin.o) .dtors)
                [!provide]                        PROVIDE (__fini_array_end = .)

.ctors
 *crtbegin.o(.ctors)
 *crtbegin?.o(.ctors)
 *(EXCLUDE_FILE(*crtend?.o *crtend.o) .ctors)
 *(SORT_BY_NAME(.ctors.*))
 *(.ctors)

.dtors
 *crtbegin.o(.dtors)
 *crtbegin?.o(.dtors)
 *(EXCLUDE_FILE(*crtend?.o *crtend.o) .dtors)
 *(SORT_BY_NAME(.dtors.*))
 *(.dtors)

.dalign         0x0000000020000000        0x0 load address 0x0000000000007070
                0x0000000020000000                . = ALIGN (0x4)
                0x0000000020000000                PROVIDE (_data_vma = .)

.dlalign        0x0000000000007070        0x0
                0x0000000000007070                . = ALIGN (0x4)
                0x0000000000007070                PROVIDE (_data_lma = .)

.data           0x0000000020000000      0x400 load address 0x0000000000007070
 *(.gnu.linkonce.r.*)
 *(.data .data.*)
 .data.pwmSin   0x0000000020000000      0x2d0 ./User/Src/main.o
                0x0000000020000000                pwmSin
 .data.stallPid
                0x00000000200002d0       0x28 ./User/Src/main.o
                0x00000000200002d0                stallPid
 .data.currentPid
                0x00000000200002f8       0x28 ./User/Src/main.o
                0x00000000200002f8                currentPid
 .data.speedPid
                0x0000000020000320       0x28 ./User/Src/main.o
                0x0000000020000320                speedPid
 .data.AHBPrescTable
                0x0000000020000348       0x10 ./User/MCU/V203/Src/system_ch32v20x.o
                0x0000000020000348                AHBPrescTable
 .data.APBAHBPrescTable
                0x0000000020000358       0x10 ./Peripheral/src/ch32v20x_rcc.o
 *(.gnu.linkonce.d.*)
                0x0000000020000368                . = ALIGN (0x8)
                0x0000000020000b68                PROVIDE (__global_pointer$ = (. + 0x800))
 *(.sdata .sdata.*)
 .sdata.commutation_interval
                0x0000000020000368        0x2 ./User/Src/main.o
                0x0000000020000368                commutation_interval
 .sdata.step    0x000000002000036a        0x1 ./User/Src/main.o
                0x000000002000036a                step
 .sdata.min_bemf_counts_down
                0x000000002000036b        0x1 ./User/Src/main.o
                0x000000002000036b                min_bemf_counts_down
 .sdata.min_bemf_counts_up
                0x000000002000036c        0x1 ./User/Src/main.o
                0x000000002000036c                min_bemf_counts_up
 *fill*         0x000000002000036d        0x1 
 .sdata.armed_count_threshold
                0x000000002000036e        0x2 ./User/Src/main.o
                0x000000002000036e                armed_count_threshold
 .sdata.bad_count_threshold
                0x0000000020000370        0x1 ./User/Src/main.o
                0x0000000020000370                bad_count_threshold
 *fill*         0x0000000020000371        0x1 
 .sdata.gate_drive_offset
                0x0000000020000372        0x2 ./User/Src/main.o
                0x0000000020000372                gate_drive_offset
 .sdata.forward
                0x0000000020000374        0x1 ./User/Src/main.o
                0x0000000020000374                forward
 *fill*         0x0000000020000375        0x1 
 .sdata.step_delay
                0x0000000020000376        0x2 ./User/Src/main.o
                0x0000000020000376                step_delay
 .sdata.rising  0x0000000020000378        0x1 ./User/Src/main.o
                0x0000000020000378                rising
 .sdata.advancedivisor
                0x0000000020000379        0x1 ./User/Src/main.o
                0x0000000020000379                advancedivisor
 .sdata.filter_level
                0x000000002000037a        0x1 ./User/Src/main.o
                0x000000002000037a                filter_level
 .sdata.changeover_step
                0x000000002000037b        0x1 ./User/Src/main.o
                0x000000002000037b                changeover_step
 .sdata.throttle_max_at_high_rpm
                0x000000002000037c        0x2 ./User/Src/main.o
                0x000000002000037c                throttle_max_at_high_rpm
 .sdata.throttle_max_at_low_rpm
                0x000000002000037e        0x2 ./User/Src/main.o
                0x000000002000037e                throttle_max_at_low_rpm
 .sdata.high_rpm_level
                0x0000000020000380        0x2 ./User/Src/main.o
                0x0000000020000380                high_rpm_level
 .sdata.low_rpm_level
                0x0000000020000382        0x2 ./User/Src/main.o
                0x0000000020000382                low_rpm_level
 .sdata.duty_cycle_maximum
                0x0000000020000384        0x2 ./User/Src/main.o
                0x0000000020000384                duty_cycle_maximum
 .sdata.TIMER1_MAX_ARR
                0x0000000020000386        0x2 ./User/Src/main.o
                0x0000000020000386                TIMER1_MAX_ARR
 .sdata.tim1_arr
                0x0000000020000388        0x2 ./User/Src/main.o
                0x0000000020000388                tim1_arr
 .sdata.stall_protect_minimum_duty
                0x000000002000038a        0x2 ./User/Src/main.o
                0x000000002000038a                stall_protect_minimum_duty
 .sdata.minimum_duty_cycle
                0x000000002000038c        0x2 ./User/Src/main.o
                0x000000002000038c                minimum_duty_cycle
 .sdata.startup_max_duty_cycle
                0x000000002000038e        0x2 ./User/Src/main.o
                0x000000002000038e                startup_max_duty_cycle
 .sdata.fast_accel
                0x0000000020000390        0x1 ./User/Src/main.o
                0x0000000020000390                fast_accel
 .sdata.max_duty_cycle_change
                0x0000000020000391        0x1 ./User/Src/main.o
                0x0000000020000391                max_duty_cycle_change
 .sdata.reversing_dead_band
                0x0000000020000392        0x1 ./User/Src/main.o
                0x0000000020000392                reversing_dead_band
 .sdata.bemf_timeout
                0x0000000020000393        0x1 ./User/Src/main.o
                0x0000000020000393                bemf_timeout
 .sdata.sin_mode_min_s_d
                0x0000000020000394        0x2 ./User/Src/main.o
                0x0000000020000394                sin_mode_min_s_d
 .sdata.min_startup_duty
                0x0000000020000396        0x2 ./User/Src/main.o
                0x0000000020000396                min_startup_duty
 .sdata.VOLTAGE_DIVIDER
                0x0000000020000398        0x1 ./User/Src/main.o
                0x0000000020000398                VOLTAGE_DIVIDER
 .sdata.low_rpm_throttle_limit
                0x0000000020000399        0x1 ./User/Src/main.o
                0x0000000020000399                low_rpm_throttle_limit
 .sdata.maximum_throttle_change_ramp
                0x000000002000039a        0x1 ./User/Src/main.o
                0x000000002000039a                maximum_throttle_change_ramp
 *fill*         0x000000002000039b        0x1 
 .sdata.reverse_speed_threshold
                0x000000002000039c        0x2 ./User/Src/main.o
                0x000000002000039c                reverse_speed_threshold
 .sdata.use_current_limit_adjust
                0x000000002000039e        0x2 ./User/Src/main.o
                0x000000002000039e                use_current_limit_adjust
 .sdata.ADC_CCR
                0x00000000200003a0        0x2 ./User/Src/main.o
                0x00000000200003a0                ADC_CCR
 .sdata.low_cell_volt_cutoff
                0x00000000200003a2        0x2 ./User/Src/main.o
                0x00000000200003a2                low_cell_volt_cutoff
 .sdata.servo_dead_band
                0x00000000200003a4        0x1 ./User/Src/main.o
                0x00000000200003a4                servo_dead_band
 *fill*         0x00000000200003a5        0x1 
 .sdata.servo_neutral
                0x00000000200003a6        0x2 ./User/Src/main.o
                0x00000000200003a6                servo_neutral
 .sdata.servo_high_threshold
                0x00000000200003a8        0x2 ./User/Src/main.o
                0x00000000200003a8                servo_high_threshold
 .sdata.servo_low_threshold
                0x00000000200003aa        0x2 ./User/Src/main.o
                0x00000000200003aa                servo_low_threshold
 .sdata.enter_sine_angle
                0x00000000200003ac        0x2 ./User/Src/main.o
                0x00000000200003ac                enter_sine_angle
 .sdata.stall_protect_target_interval
                0x00000000200003ae        0x2 ./User/Src/main.o
                0x00000000200003ae                stall_protect_target_interval
 .sdata.sine_mode_changeover_thottle_level
                0x00000000200003b0        0x1 ./User/Src/main.o
                0x00000000200003b0                sine_mode_changeover_thottle_level
 .sdata.dead_time_override
                0x00000000200003b1        0x1 ./User/Src/main.o
                0x00000000200003b1                dead_time_override
 .sdata.driving_brake_strength
                0x00000000200003b2        0x1 ./User/Src/main.o
                0x00000000200003b2                driving_brake_strength
 .sdata.drag_brake_strength
                0x00000000200003b3        0x1 ./User/Src/main.o
                0x00000000200003b3                drag_brake_strength
 .sdata.sine_mode_power
                0x00000000200003b4        0x1 ./User/Src/main.o
                0x00000000200003b4                sine_mode_power
 *fill*         0x00000000200003b5        0x1 
 .sdata.CURRENT_LIMIT
                0x00000000200003b6        0x2 ./User/Src/main.o
                0x00000000200003b6                CURRENT_LIMIT
 .sdata.motor_poles
                0x00000000200003b8        0x1 ./User/Src/main.o
                0x00000000200003b8                motor_poles
 *fill*         0x00000000200003b9        0x1 
 .sdata.motor_kv
                0x00000000200003ba        0x2 ./User/Src/main.o
                0x00000000200003ba                motor_kv
 .sdata.advance_level
                0x00000000200003bc        0x1 ./User/Src/main.o
                0x00000000200003bc                advance_level
 .sdata.TEMPERATURE_LIMIT
                0x00000000200003bd        0x1 ./User/Src/main.o
                0x00000000200003bd                TEMPERATURE_LIMIT
 .sdata.telemetry_interval_ms
                0x00000000200003be        0x1 ./User/Src/main.o
                0x00000000200003be                telemetry_interval_ms
 .sdata.stuck_rotor_protection
                0x00000000200003bf        0x1 ./User/Src/main.o
                0x00000000200003bf                stuck_rotor_protection
 .sdata.VARIABLE_PWM
                0x00000000200003c0        0x1 ./User/Src/main.o
                0x00000000200003c0                VARIABLE_PWM
 .sdata.comp_pwm
                0x00000000200003c1        0x1 ./User/Src/main.o
                0x00000000200003c1                comp_pwm
 .sdata.eeprom_layout_version
                0x00000000200003c2        0x1 ./User/Src/main.o
                0x00000000200003c2                eeprom_layout_version
 *fill*         0x00000000200003c3        0x1 
 .sdata.MINIMUM_RPM_SPEED_CONTROL
                0x00000000200003c4        0x4 ./User/Src/main.o
                0x00000000200003c4                MINIMUM_RPM_SPEED_CONTROL
 .sdata.MAXIMUM_RPM_SPEED_CONTROL
                0x00000000200003c8        0x4 ./User/Src/main.o
                0x00000000200003c8                MAXIMUM_RPM_SPEED_CONTROL
 .sdata.max_servo_deviation
                0x00000000200003cc        0x4 ./User/Src/signal.o
                0x00000000200003cc                max_servo_deviation
 .sdata.buffer_divider
                0x00000000200003d0        0x1 ./User/MCU/V203/Src/IO.o
                0x00000000200003d0                buffer_divider
 *fill*         0x00000000200003d1        0x3 
 .sdata.buffersize
                0x00000000200003d4        0x4 ./User/MCU/V203/Src/IO.o
                0x00000000200003d4                buffersize
 .sdata.ic_timer_prescaler
                0x00000000200003d8        0x1 ./User/MCU/V203/Src/IO.o
                0x00000000200003d8                ic_timer_prescaler
 *fill*         0x00000000200003d9        0x3 
 .sdata.SystemCoreClock
                0x00000000200003dc        0x4 ./User/MCU/V203/Src/system_ch32v20x.o
                0x00000000200003dc                SystemCoreClock
 .sdata.ADCPrescTable
                0x00000000200003e0        0x4 ./Peripheral/src/ch32v20x_rcc.o
 *(.sdata2.*)
 *(.gnu.linkonce.s.*)
                0x00000000200003e8                . = ALIGN (0x8)
 *fill*         0x00000000200003e4        0x4 
 *(.srodata.cst16)
 *(.srodata.cst8)
 *(.srodata.cst4)
 .srodata.cst4  0x00000000200003e8       0x14 ./User/Src/main.o
 .srodata.cst4  0x00000000200003fc        0x4 ./User/Src/sounds.o
 *(.srodata.cst2)
 *(.srodata .srodata.*)
                0x0000000020000400                . = ALIGN (0x4)
                0x0000000020000400                PROVIDE (_edata = .)

.bss            0x0000000020000400      0x364 load address 0x0000000000007470
                0x0000000020000400                . = ALIGN (0x4)
                0x0000000020000400                PROVIDE (_sbss = .)
 *(.sbss*)
 .sbss.send_extended_dshot
                0x0000000020000400        0x2 ./User/Src/dshot.o
                0x0000000020000400                send_extended_dshot
 .sbss.dshot_extended_telemetry
                0x0000000020000402        0x1 ./User/Src/dshot.o
                0x0000000020000402                dshot_extended_telemetry
 *fill*         0x0000000020000403        0x1 
 .sbss.dshot_badcounts
                0x0000000020000404        0x2 ./User/Src/dshot.o
                0x0000000020000404                dshot_badcounts
 .sbss.dshot_goodcounts
                0x0000000020000406        0x2 ./User/Src/dshot.o
                0x0000000020000406                dshot_goodcounts
 .sbss.dshot_frametime
                0x0000000020000408        0x2 ./User/Src/dshot.o
                0x0000000020000408                dshot_frametime
 .sbss.high_pin_count
                0x000000002000040a        0x1 ./User/Src/dshot.o
                0x000000002000040a                high_pin_count
 .sbss.last_command
                0x000000002000040b        0x1 ./User/Src/dshot.o
                0x000000002000040b                last_command
 .sbss.command_count
                0x000000002000040c        0x1 ./User/Src/dshot.o
                0x000000002000040c                command_count
 *fill*         0x000000002000040d        0x3 
 .sbss.dshot_full_number
                0x0000000020000410        0x4 ./User/Src/dshot.o
                0x0000000020000410                dshot_full_number
 .sbss.gcrnumber
                0x0000000020000414        0x4 ./User/Src/dshot.o
                0x0000000020000414                gcrnumber
 .sbss.shift_amount
                0x0000000020000418        0x4 ./User/Src/dshot.o
                0x0000000020000418                shift_amount
 .sbss.EDT_ARMED
                0x000000002000041c        0x1 ./User/Src/dshot.o
                0x000000002000041c                EDT_ARMED
 .sbss.EDT_ARM_ENABLE
                0x000000002000041d        0x1 ./User/Src/dshot.o
                0x000000002000041d                EDT_ARM_ENABLE
 .sbss.signaltimeout
                0x000000002000041e        0x2 ./User/Src/main.o
                0x000000002000041e                signaltimeout
 .sbss.waitTime
                0x0000000020000420        0x2 ./User/Src/main.o
                0x0000000020000420                waitTime
 .sbss.duty_cycle
                0x0000000020000422        0x2 ./User/Src/main.o
                0x0000000020000422                duty_cycle
 .sbss.thiszctime
                0x0000000020000424        0x2 ./User/Src/main.o
                0x0000000020000424                thiszctime
 .sbss.bemfcounter
                0x0000000020000426        0x1 ./User/Src/main.o
                0x0000000020000426                bemfcounter
 .sbss.zcfound  0x0000000020000427        0x1 ./User/Src/main.o
                0x0000000020000427                zcfound
 .sbss.zero_crosses
                0x0000000020000428        0x4 ./User/Src/main.o
                0x0000000020000428                zero_crosses
 .sbss.servoPwm
                0x000000002000042c        0x1 ./User/Src/main.o
                0x000000002000042c                servoPwm
 .sbss.dshot    0x000000002000042d        0x1 ./User/Src/main.o
                0x000000002000042d                dshot
 .sbss.inputSet
                0x000000002000042e        0x1 ./User/Src/main.o
                0x000000002000042e                inputSet
 *fill*         0x000000002000042f        0x1 
 .sbss.newinput
                0x0000000020000430        0x2 ./User/Src/main.o
                0x0000000020000430                newinput
 .sbss.input    0x0000000020000432        0x2 ./User/Src/main.o
                0x0000000020000432                input
 .sbss.zero_input_count
                0x0000000020000434        0x2 ./User/Src/main.o
                0x0000000020000434                zero_input_count
 .sbss.armed    0x0000000020000436        0x1 ./User/Src/main.o
                0x0000000020000436                armed
 .sbss.dshotcommand
                0x0000000020000437        0x1 ./User/Src/main.o
                0x0000000020000437                dshotcommand
 .sbss.bad_count
                0x0000000020000438        0x1 ./User/Src/main.o
                0x0000000020000438                bad_count
 *fill*         0x0000000020000439        0x1 
 .sbss.adjusted_duty_cycle
                0x000000002000043a        0x2 ./User/Src/main.o
                0x000000002000043a                adjusted_duty_cycle
 .sbss.e_rpm    0x000000002000043c        0x2 ./User/Src/main.o
                0x000000002000043c                e_rpm
 .sbss.k_erpm   0x000000002000043e        0x2 ./User/Src/main.o
                0x000000002000043e                k_erpm
 .sbss.stuckcounter
                0x0000000020000440        0x1 ./User/Src/main.o
                0x0000000020000440                stuckcounter
 .sbss.stepper_sine
                0x0000000020000441        0x1 ./User/Src/main.o
                0x0000000020000441                stepper_sine
 .sbss.phase_C_position
                0x0000000020000442        0x2 ./User/Src/main.o
                0x0000000020000442                phase_C_position
 .sbss.phase_B_position
                0x0000000020000444        0x2 ./User/Src/main.o
                0x0000000020000444                phase_B_position
 .sbss.phase_A_position
                0x0000000020000446        0x2 ./User/Src/main.o
                0x0000000020000446                phase_A_position
 .sbss.advance  0x0000000020000448        0x2 ./User/Src/main.o
                0x0000000020000448                advance
 .sbss.running  0x000000002000044a        0x1 ./User/Src/main.o
                0x000000002000044a                running
 .sbss.bemf_timeout_happened
                0x000000002000044b        0x1 ./User/Src/main.o
                0x000000002000044b                bemf_timeout_happened
 .sbss.adjusted_input
                0x000000002000044c        0x2 ./User/Src/main.o
                0x000000002000044c                adjusted_input
 .sbss.old_routine
                0x000000002000044e        0x1 ./User/Src/main.o
                0x000000002000044e                old_routine
 .sbss.last_dshot_command
                0x000000002000044f        0x1 ./User/Src/main.o
                0x000000002000044f                last_dshot_command
 .sbss.dshot_telemetry
                0x0000000020000450        0x1 ./User/Src/main.o
                0x0000000020000450                dshot_telemetry
 .sbss.prop_brake_active
                0x0000000020000451        0x1 ./User/Src/main.o
                0x0000000020000451                prop_brake_active
 .sbss.send_telemetry
                0x0000000020000452        0x1 ./User/Src/main.o
                0x0000000020000452                send_telemetry
 .sbss.adc_counter
                0x0000000020000453        0x1 ./User/Src/main.o
                0x0000000020000453                adc_counter
 .sbss.ADC_raw_current
                0x0000000020000454        0x2 ./User/Src/main.o
                0x0000000020000454                ADC_raw_current
 .sbss.ADC_raw_volts
                0x0000000020000456        0x2 ./User/Src/main.o
                0x0000000020000456                ADC_raw_volts
 .sbss.ADC_raw_temp
                0x0000000020000458        0x2 ./User/Src/main.o
                0x0000000020000458                ADC_raw_temp
 .sbss.temperature_offset
                0x000000002000045a        0x1 ./User/Src/main.o
                0x000000002000045a                temperature_offset
 *fill*         0x000000002000045b        0x1 
 .sbss.converted_degrees
                0x000000002000045c        0x2 ./User/Src/main.o
                0x000000002000045c                converted_degrees
 .sbss.degrees_celsius
                0x000000002000045e        0x1 ./User/Src/main.o
                0x000000002000045e                degrees_celsius
 *fill*         0x000000002000045f        0x1 
 .sbss.e_com_time
                0x0000000020000460        0x4 ./User/Src/main.o
                0x0000000020000460                e_com_time
 .sbss.last_average_interval
                0x0000000020000464        0x4 ./User/Src/main.o
                0x0000000020000464                last_average_interval
 .sbss.average_interval
                0x0000000020000468        0x4 ./User/Src/main.o
                0x0000000020000468                average_interval
 .sbss.desync_check
                0x000000002000046c        0x1 ./User/Src/main.o
                0x000000002000046c                desync_check
 .sbss.play_tone_flag
                0x000000002000046d        0x1 ./User/Src/main.o
                0x000000002000046d                play_tone_flag
 .sbss.last_duty_cycle
                0x000000002000046e        0x2 ./User/Src/main.o
                0x000000002000046e                last_duty_cycle
 .sbss.low_pin_count
                0x0000000020000470        0x2 ./User/Src/main.o
                0x0000000020000470                low_pin_count
 .sbss.actual_current
                0x0000000020000472        0x2 ./User/Src/main.o
                0x0000000020000472                actual_current
 .sbss.smoothed_raw_current
                0x0000000020000474        0x4 ./User/Src/main.o
                0x0000000020000474                smoothed_raw_current
 .sbss.consumed_current
                0x0000000020000478        0x4 ./User/Src/main.o
                0x0000000020000478                consumed_current
 .sbss.tenkhzcounter
                0x000000002000047c        0x2 ./User/Src/main.o
                0x000000002000047c                tenkhzcounter
 .sbss.brushed_direction_set
                0x000000002000047e        0x1 ./User/Src/main.o
                0x000000002000047e                brushed_direction_set
 .sbss.cell_count
                0x000000002000047f        0x1 ./User/Src/main.o
                0x000000002000047f                cell_count
 .sbss.battery_voltage
                0x0000000020000480        0x2 ./User/Src/main.o
                0x0000000020000480                battery_voltage
 .sbss.telem_ms_count
                0x0000000020000482        0x2 ./User/Src/main.o
                0x0000000020000482                telem_ms_count
 .sbss.low_voltage_count
                0x0000000020000484        0x2 ./User/Src/main.o
                0x0000000020000484                low_voltage_count
 .sbss.crawler_mode
                0x0000000020000486        0x1 ./User/Src/main.o
                0x0000000020000486                crawler_mode
 .sbss.desync_happened
                0x0000000020000487        0x1 ./User/Src/main.o
                0x0000000020000487                desync_happened
 .sbss.armed_timeout_count
                0x0000000020000488        0x2 ./User/Src/main.o
                0x0000000020000488                armed_timeout_count
 *fill*         0x000000002000048a        0x2 
 .sbss.stall_protection_adjust
                0x000000002000048c        0x4 ./User/Src/main.o
                0x000000002000048c                stall_protection_adjust
 .sbss.use_current_limit
                0x0000000020000490        0x1 ./User/Src/main.o
                0x0000000020000490                use_current_limit
 *fill*         0x0000000020000491        0x3 
 .sbss.input_override
                0x0000000020000494        0x4 ./User/Src/main.o
                0x0000000020000494                input_override
 .sbss.use_speed_control_loop
                0x0000000020000498        0x1 ./User/Src/main.o
                0x0000000020000498                use_speed_control_loop
 *fill*         0x0000000020000499        0x1 
 .sbss.target_e_com_time
                0x000000002000049a        0x2 ./User/Src/main.o
                0x000000002000049a                target_e_com_time
 .sbss.RC_CAR_REVERSE
                0x000000002000049c        0x1 ./User/Src/main.o
                0x000000002000049c                RC_CAR_REVERSE
 .sbss.LOW_VOLTAGE_CUTOFF
                0x000000002000049d        0x1 ./User/Src/main.o
                0x000000002000049d                LOW_VOLTAGE_CUTOFF
 .sbss.do_once_sinemode
                0x000000002000049e        0x1 ./User/Src/main.o
                0x000000002000049e                do_once_sinemode
 .sbss.USE_HALL_SENSOR
                0x000000002000049f        0x1 ./User/Src/main.o
                0x000000002000049f                USE_HALL_SENSOR
 .sbss.TLM_ON_INTERVAL
                0x00000000200004a0        0x1 ./User/Src/main.o
                0x00000000200004a0                TLM_ON_INTERVAL
 .sbss.use_sin_start
                0x00000000200004a1        0x1 ./User/Src/main.o
                0x00000000200004a1                use_sin_start
 .sbss.stall_protection
                0x00000000200004a2        0x1 ./User/Src/main.o
                0x00000000200004a2                stall_protection
 .sbss.brake_on_stop
                0x00000000200004a3        0x1 ./User/Src/main.o
                0x00000000200004a3                brake_on_stop
 .sbss.bi_direction
                0x00000000200004a4        0x1 ./User/Src/main.o
                0x00000000200004a4                bi_direction
 .sbss.dir_reversed
                0x00000000200004a5        0x1 ./User/Src/main.o
                0x00000000200004a5                dir_reversed
 .sbss.drive_by_rpm
                0x00000000200004a6        0x1 ./User/Src/main.o
                0x00000000200004a6                drive_by_rpm
 *fill*         0x00000000200004a7        0x1 
 .sbss.last_input
                0x00000000200004a8        0x2 ./User/Src/signal.o
                0x00000000200004a8                last_input
 .sbss.low_calibration_counts
                0x00000000200004aa        0x1 ./User/Src/signal.o
                0x00000000200004aa                low_calibration_counts
 *fill*         0x00000000200004ab        0x1 
 .sbss.last_high_threshold
                0x00000000200004ac        0x2 ./User/Src/signal.o
                0x00000000200004ac                last_high_threshold
 .sbss.high_calibration_set
                0x00000000200004ae        0x1 ./User/Src/signal.o
                0x00000000200004ae                high_calibration_set
 .sbss.high_calibration_counts
                0x00000000200004af        0x1 ./User/Src/signal.o
                0x00000000200004af                high_calibration_counts
 .sbss.calibration_required
                0x00000000200004b0        0x1 ./User/Src/signal.o
                0x00000000200004b0                calibration_required
 .sbss.enter_calibration_count
                0x00000000200004b1        0x1 ./User/Src/signal.o
                0x00000000200004b1                enter_calibration_count
 *fill*         0x00000000200004b2        0x2 
 .sbss.servorawinput
                0x00000000200004b4        0x4 ./User/Src/signal.o
                0x00000000200004b4                servorawinput
 .sbss.beep_volume
                0x00000000200004b8        0x1 ./User/Src/sounds.o
                0x00000000200004b8                beep_volume
 *fill*         0x00000000200004b9        0x3 
 .sbss.ADCDataDMA
                0x00000000200004bc        0x6 ./User/MCU/V203/Src/ADC.o
                0x00000000200004bc                ADCDataDMA
 .sbss.ic_step_dshot
                0x00000000200004c2        0x1 ./User/MCU/V203/Src/IO.o
                0x00000000200004c2                ic_step_dshot
 .sbss.buffer_padding
                0x00000000200004c3        0x1 ./User/MCU/V203/Src/IO.o
                0x00000000200004c3                buffer_padding
 .sbss.average_signal_pulse
                0x00000000200004c4        0x4 ./User/MCU/V203/Src/IO.o
                0x00000000200004c4                average_signal_pulse
 .sbss.out_put  0x00000000200004c8        0x1 ./User/MCU/V203/Src/IO.o
                0x00000000200004c8                out_put
 *fill*         0x00000000200004c9        0x3 
 .sbss.smallestnumber
                0x00000000200004cc        0x4 ./User/MCU/V203/Src/IO.o
                0x00000000200004cc                smallestnumber
 .sbss.output_timer_prescaler
                0x00000000200004d0        0x1 ./User/MCU/V203/Src/IO.o
                0x00000000200004d0                output_timer_prescaler
 .sbss.MCU_Version
                0x00000000200004d1        0x1 ./Peripheral/src/ch32v20x_gpio.o
                0x00000000200004d1                MCU_Version
 *(.gnu.linkonce.sb.*)
 *(.bss*)
 *fill*         0x00000000200004d2        0x2 
 .bss.gcr       0x00000000200004d4       0x94 ./User/Src/dshot.o
                0x00000000200004d4                gcr
 .bss.dpulse    0x0000000020000568       0x40 ./User/Src/dshot.o
                0x0000000020000568                dpulse
 .bss.eepromBuffer
                0x00000000200005a8       0xb0 ./User/Src/main.o
                0x00000000200005a8                eepromBuffer
 .bss.commutation_intervals
                0x0000000020000658        0xc ./User/Src/main.o
                0x0000000020000658                commutation_intervals
 .bss.dma_buffer
                0x0000000020000664      0x100 ./User/MCU/V203/Src/IO.o
                0x0000000020000664                dma_buffer
 *(.gnu.linkonce.b.*)
 *(COMMON*)
                0x0000000020000764                . = ALIGN (0x4)
                0x0000000020000764                PROVIDE (_ebss = .)
                0x0000000020000764                PROVIDE (_end = _ebss)
                [!provide]                        PROVIDE (end = .)

.stack          0x0000000020004700      0x900
                0x0000000020004700                PROVIDE (_heap_end = .)
                0x0000000020004700                . = ALIGN (0x4)
                [!provide]                        PROVIDE (_susrstack = .)
                0x0000000020004f00                . = (. + __stack_size)
 *fill*         0x0000000020004700      0x800 
                0x0000000020004f00                PROVIDE (_eusrstack = .)
                0x0000000020005000                . = (. + __resv_size)
 *fill*         0x0000000020004f00      0x100 
                [!provide]                        PROVIDE (_endram = .)
OUTPUT(V203_AM32.elf elf32-littleriscv)

.debug_info     0x0000000000000000     0xd8f5
 .debug_info    0x0000000000000000      0x568 ./User/Src/dshot.o
 .debug_info    0x0000000000000568      0x1b0 ./User/Src/functions.o
 .debug_info    0x0000000000000718     0x235c ./User/Src/main.o
 .debug_info    0x0000000000002a74      0x368 ./User/Src/phaseouts.o
 .debug_info    0x0000000000002ddc      0x6e3 ./User/Src/signal.o
 .debug_info    0x00000000000034bf      0xa87 ./User/Src/sounds.o
 .debug_info    0x0000000000003f46      0xd32 ./User/MCU/V203/Src/ADC.o
 .debug_info    0x0000000000004c78      0x708 ./User/MCU/V203/Src/IO.o
 .debug_info    0x0000000000005380      0x834 ./User/MCU/V203/Src/ch32v20x_it.o
 .debug_info    0x0000000000005bb4      0x152 ./User/MCU/V203/Src/comparator.o
 .debug_info    0x0000000000005d06      0x304 ./User/MCU/V203/Src/eeprom.o
 .debug_info    0x000000000000600a     0x14c7 ./User/MCU/V203/Src/peripherals.o
 .debug_info    0x00000000000074d1      0x271 ./User/MCU/V203/Src/system_ch32v20x.o
 .debug_info    0x0000000000007742       0x23 ./Startup/startup_ch32v20x_D6.o
 .debug_info    0x0000000000007765      0xd81 ./Peripheral/src/ch32v20x_adc.o
 .debug_info    0x00000000000084e6      0x418 ./Peripheral/src/ch32v20x_dma.o
 .debug_info    0x00000000000088fe      0x332 ./Peripheral/src/ch32v20x_exti.o
 .debug_info    0x0000000000008c30      0xa56 ./Peripheral/src/ch32v20x_flash.o
 .debug_info    0x0000000000009686      0x7b1 ./Peripheral/src/ch32v20x_gpio.o
 .debug_info    0x0000000000009e37      0x1ef ./Peripheral/src/ch32v20x_iwdg.o
 .debug_info    0x000000000000a026      0x8f5 ./Peripheral/src/ch32v20x_rcc.o
 .debug_info    0x000000000000a91b     0x1ec2 ./Peripheral/src/ch32v20x_tim.o
 .debug_info    0x000000000000c7dd      0xa60 ./Peripheral/src/ch32v20x_usart.o
 .debug_info    0x000000000000d23d      0x6b8 ./Debug/debug.o

.debug_abbrev   0x0000000000000000     0x30fb
 .debug_abbrev  0x0000000000000000      0x216 ./User/Src/dshot.o
 .debug_abbrev  0x0000000000000216      0x119 ./User/Src/functions.o
 .debug_abbrev  0x000000000000032f      0x3d6 ./User/Src/main.o
 .debug_abbrev  0x0000000000000705       0xfe ./User/Src/phaseouts.o
 .debug_abbrev  0x0000000000000803      0x1b5 ./User/Src/signal.o
 .debug_abbrev  0x00000000000009b8      0x2ce ./User/Src/sounds.o
 .debug_abbrev  0x0000000000000c86      0x28a ./User/MCU/V203/Src/ADC.o
 .debug_abbrev  0x0000000000000f10      0x225 ./User/MCU/V203/Src/IO.o
 .debug_abbrev  0x0000000000001135      0x225 ./User/MCU/V203/Src/ch32v20x_it.o
 .debug_abbrev  0x000000000000135a       0xb4 ./User/MCU/V203/Src/comparator.o
 .debug_abbrev  0x000000000000140e      0x1c0 ./User/MCU/V203/Src/eeprom.o
 .debug_abbrev  0x00000000000015ce      0x331 ./User/MCU/V203/Src/peripherals.o
 .debug_abbrev  0x00000000000018ff      0x194 ./User/MCU/V203/Src/system_ch32v20x.o
 .debug_abbrev  0x0000000000001a93       0x12 ./Startup/startup_ch32v20x_D6.o
 .debug_abbrev  0x0000000000001aa5      0x26a ./Peripheral/src/ch32v20x_adc.o
 .debug_abbrev  0x0000000000001d0f      0x1f0 ./Peripheral/src/ch32v20x_dma.o
 .debug_abbrev  0x0000000000001eff      0x1ad ./Peripheral/src/ch32v20x_exti.o
 .debug_abbrev  0x00000000000020ac      0x31b ./Peripheral/src/ch32v20x_flash.o
 .debug_abbrev  0x00000000000023c7      0x258 ./Peripheral/src/ch32v20x_gpio.o
 .debug_abbrev  0x000000000000261f      0x138 ./Peripheral/src/ch32v20x_iwdg.o
 .debug_abbrev  0x0000000000002757      0x251 ./Peripheral/src/ch32v20x_rcc.o
 .debug_abbrev  0x00000000000029a8      0x321 ./Peripheral/src/ch32v20x_tim.o
 .debug_abbrev  0x0000000000002cc9      0x20b ./Peripheral/src/ch32v20x_usart.o
 .debug_abbrev  0x0000000000002ed4      0x227 ./Debug/debug.o

.debug_loclists
                0x0000000000000000     0x4dac
 .debug_loclists
                0x0000000000000000      0xd7c ./User/Src/dshot.o
 .debug_loclists
                0x0000000000000d7c      0x118 ./User/Src/functions.o
 .debug_loclists
                0x0000000000000e94      0x15b ./User/Src/main.o
 .debug_loclists
                0x0000000000000fef       0x33 ./User/Src/phaseouts.o
 .debug_loclists
                0x0000000000001022       0x3c ./User/Src/signal.o
 .debug_loclists
                0x000000000000105e      0x176 ./User/Src/sounds.o
 .debug_loclists
                0x00000000000011d4       0x34 ./User/MCU/V203/Src/ADC.o
 .debug_loclists
                0x0000000000001208       0x72 ./User/MCU/V203/Src/IO.o
 .debug_loclists
                0x000000000000127a       0xb3 ./User/MCU/V203/Src/eeprom.o
 .debug_loclists
                0x000000000000132d      0x125 ./User/MCU/V203/Src/peripherals.o
 .debug_loclists
                0x0000000000001452       0xad ./User/MCU/V203/Src/system_ch32v20x.o
 .debug_loclists
                0x00000000000014ff      0x90c ./Peripheral/src/ch32v20x_adc.o
 .debug_loclists
                0x0000000000001e0b      0x113 ./Peripheral/src/ch32v20x_dma.o
 .debug_loclists
                0x0000000000001f1e      0x118 ./Peripheral/src/ch32v20x_exti.o
 .debug_loclists
                0x0000000000002036      0x5a1 ./Peripheral/src/ch32v20x_flash.o
 .debug_loclists
                0x00000000000025d7      0x86e ./Peripheral/src/ch32v20x_gpio.o
 .debug_loclists
                0x0000000000002e45       0x66 ./Peripheral/src/ch32v20x_iwdg.o
 .debug_loclists
                0x0000000000002eab      0x591 ./Peripheral/src/ch32v20x_rcc.o
 .debug_loclists
                0x000000000000343c     0x11e5 ./Peripheral/src/ch32v20x_tim.o
 .debug_loclists
                0x0000000000004621      0x635 ./Peripheral/src/ch32v20x_usart.o
 .debug_loclists
                0x0000000000004c56      0x156 ./Debug/debug.o

.debug_aranges  0x0000000000000000      0xdc8
 .debug_aranges
                0x0000000000000000       0x28 ./User/Src/dshot.o
 .debug_aranges
                0x0000000000000028       0x38 ./User/Src/functions.o
 .debug_aranges
                0x0000000000000060       0x88 ./User/Src/main.o
 .debug_aranges
                0x00000000000000e8       0x98 ./User/Src/phaseouts.o
 .debug_aranges
                0x0000000000000180       0x30 ./User/Src/signal.o
 .debug_aranges
                0x00000000000001b0       0x88 ./User/Src/sounds.o
 .debug_aranges
                0x0000000000000238       0x38 ./User/MCU/V203/Src/ADC.o
 .debug_aranges
                0x0000000000000270       0x50 ./User/MCU/V203/Src/IO.o
 .debug_aranges
                0x00000000000002c0       0x58 ./User/MCU/V203/Src/ch32v20x_it.o
 .debug_aranges
                0x0000000000000318       0x30 ./User/MCU/V203/Src/comparator.o
 .debug_aranges
                0x0000000000000348       0x28 ./User/MCU/V203/Src/eeprom.o
 .debug_aranges
                0x0000000000000370       0x88 ./User/MCU/V203/Src/peripherals.o
 .debug_aranges
                0x00000000000003f8       0x28 ./User/MCU/V203/Src/system_ch32v20x.o
 .debug_aranges
                0x0000000000000420       0x30 ./Startup/startup_ch32v20x_D6.o
 .debug_aranges
                0x0000000000000450      0x150 ./Peripheral/src/ch32v20x_adc.o
 .debug_aranges
                0x00000000000005a0       0x70 ./Peripheral/src/ch32v20x_dma.o
 .debug_aranges
                0x0000000000000610       0x58 ./Peripheral/src/ch32v20x_exti.o
 .debug_aranges
                0x0000000000000668      0x120 ./Peripheral/src/ch32v20x_flash.o
 .debug_aranges
                0x0000000000000788       0xa8 ./Peripheral/src/ch32v20x_gpio.o
 .debug_aranges
                0x0000000000000830       0x48 ./Peripheral/src/ch32v20x_iwdg.o
 .debug_aranges
                0x0000000000000878      0x128 ./Peripheral/src/ch32v20x_rcc.o
 .debug_aranges
                0x00000000000009a0      0x2e0 ./Peripheral/src/ch32v20x_tim.o
 .debug_aranges
                0x0000000000000c80      0x100 ./Peripheral/src/ch32v20x_usart.o
 .debug_aranges
                0x0000000000000d80       0x48 ./Debug/debug.o

.debug_rnglists
                0x0000000000000000     0x1030
 .debug_rnglists
                0x0000000000000000       0x7d ./User/Src/dshot.o
 .debug_rnglists
                0x000000000000007d       0x31 ./User/Src/functions.o
 .debug_rnglists
                0x00000000000000ae      0x106 ./User/Src/main.o
 .debug_rnglists
                0x00000000000001b4       0x9d ./User/Src/phaseouts.o
 .debug_rnglists
                0x0000000000000251       0x3b ./User/Src/signal.o
 .debug_rnglists
                0x000000000000028c      0x134 ./User/Src/sounds.o
 .debug_rnglists
                0x00000000000003c0       0x31 ./User/MCU/V203/Src/ADC.o
 .debug_rnglists
                0x00000000000003f1       0x72 ./User/MCU/V203/Src/IO.o
 .debug_rnglists
                0x0000000000000463       0x55 ./User/MCU/V203/Src/ch32v20x_it.o
 .debug_rnglists
                0x00000000000004b8       0x28 ./User/MCU/V203/Src/comparator.o
 .debug_rnglists
                0x00000000000004e0       0x45 ./User/MCU/V203/Src/eeprom.o
 .debug_rnglists
                0x0000000000000525       0x8b ./User/MCU/V203/Src/peripherals.o
 .debug_rnglists
                0x00000000000005b0       0x1f ./User/MCU/V203/Src/system_ch32v20x.o
 .debug_rnglists
                0x00000000000005cf       0x20 ./Startup/startup_ch32v20x_D6.o
 .debug_rnglists
                0x00000000000005ef      0x16c ./Peripheral/src/ch32v20x_adc.o
 .debug_rnglists
                0x000000000000075b       0x70 ./Peripheral/src/ch32v20x_dma.o
 .debug_rnglists
                0x00000000000007cb       0x55 ./Peripheral/src/ch32v20x_exti.o
 .debug_rnglists
                0x0000000000000820      0x136 ./Peripheral/src/ch32v20x_flash.o
 .debug_rnglists
                0x0000000000000956       0xaf ./Peripheral/src/ch32v20x_gpio.o
 .debug_rnglists
                0x0000000000000a05       0x43 ./Peripheral/src/ch32v20x_iwdg.o
 .debug_rnglists
                0x0000000000000a48      0x13f ./Peripheral/src/ch32v20x_rcc.o
 .debug_rnglists
                0x0000000000000b87      0x354 ./Peripheral/src/ch32v20x_tim.o
 .debug_rnglists
                0x0000000000000edb      0x112 ./Peripheral/src/ch32v20x_usart.o
 .debug_rnglists
                0x0000000000000fed       0x43 ./Debug/debug.o

.debug_line     0x0000000000000000    0x13e35
 .debug_line    0x0000000000000000      0xd6a ./User/Src/dshot.o
 .debug_line    0x0000000000000d6a      0x1cf ./User/Src/functions.o
 .debug_line    0x0000000000000f39     0x4586 ./User/Src/main.o
 .debug_line    0x00000000000054bf      0xa97 ./User/Src/phaseouts.o
 .debug_line    0x0000000000005f56      0x816 ./User/Src/signal.o
 .debug_line    0x000000000000676c      0xdac ./User/Src/sounds.o
 .debug_line    0x0000000000007518      0x3e7 ./User/MCU/V203/Src/ADC.o
 .debug_line    0x00000000000078ff      0x812 ./User/MCU/V203/Src/IO.o
 .debug_line    0x0000000000008111      0x488 ./User/MCU/V203/Src/ch32v20x_it.o
 .debug_line    0x0000000000008599      0x1ef ./User/MCU/V203/Src/comparator.o
 .debug_line    0x0000000000008788      0x350 ./User/MCU/V203/Src/eeprom.o
 .debug_line    0x0000000000008ad8      0xbd9 ./User/MCU/V203/Src/peripherals.o
 .debug_line    0x00000000000096b1      0x414 ./User/MCU/V203/Src/system_ch32v20x.o
 .debug_line    0x0000000000009ac5      0x258 ./Startup/startup_ch32v20x_D6.o
 .debug_line    0x0000000000009d1d     0x1823 ./Peripheral/src/ch32v20x_adc.o
 .debug_line    0x000000000000b540      0x5d6 ./Peripheral/src/ch32v20x_dma.o
 .debug_line    0x000000000000bb16      0x408 ./Peripheral/src/ch32v20x_exti.o
 .debug_line    0x000000000000bf1e     0x1bb4 ./Peripheral/src/ch32v20x_flash.o
 .debug_line    0x000000000000dad2      0xed7 ./Peripheral/src/ch32v20x_gpio.o
 .debug_line    0x000000000000e9a9      0x17c ./Peripheral/src/ch32v20x_iwdg.o
 .debug_line    0x000000000000eb25     0x100e ./Peripheral/src/ch32v20x_rcc.o
 .debug_line    0x000000000000fb33     0x2ff4 ./Peripheral/src/ch32v20x_tim.o
 .debug_line    0x0000000000012b27      0xdeb ./Peripheral/src/ch32v20x_usart.o
 .debug_line    0x0000000000013912      0x523 ./Debug/debug.o

.debug_str      0x0000000000000000     0x400b
 .debug_str     0x0000000000000000      0x3b7 ./User/Src/dshot.o
                                        0x422 (size before relaxing)
 .debug_str     0x00000000000003b7       0x6b ./User/Src/functions.o
                                        0x1cd (size before relaxing)
 .debug_str     0x0000000000000422      0xf73 ./User/Src/main.o
                                       0x1308 (size before relaxing)
 .debug_str     0x0000000000001395       0x8c ./User/Src/phaseouts.o
                                        0x26b (size before relaxing)
 .debug_str     0x0000000000001421      0x110 ./User/Src/signal.o
                                        0x586 (size before relaxing)
 .debug_str     0x0000000000001531       0xf6 ./User/Src/sounds.o
                                        0x4d3 (size before relaxing)
 .debug_str     0x0000000000001627      0x6e1 ./User/MCU/V203/Src/ADC.o
                                        0xa80 (size before relaxing)
 .debug_str     0x0000000000001d08       0xb2 ./User/MCU/V203/Src/IO.o
                                        0x49b (size before relaxing)
 .debug_str     0x0000000000001dba      0x141 ./User/MCU/V203/Src/ch32v20x_it.o
                                        0x52b (size before relaxing)
 .debug_str     0x0000000000001efb       0x32 ./User/MCU/V203/Src/comparator.o
                                        0x1e6 (size before relaxing)
 .debug_str     0x0000000000001f2d       0x8f ./User/MCU/V203/Src/eeprom.o
                                        0x272 (size before relaxing)
 .debug_str     0x0000000000001fbc      0x522 ./User/MCU/V203/Src/peripherals.o
                                        0xd9b (size before relaxing)
 .debug_str     0x00000000000024de       0xc2 ./User/MCU/V203/Src/system_ch32v20x.o
                                        0x275 (size before relaxing)
 .debug_str     0x00000000000025a0       0x6f ./Startup/startup_ch32v20x_D6.o
 .debug_str     0x000000000000260f      0x39e ./Peripheral/src/ch32v20x_adc.o
                                        0x7d6 (size before relaxing)
 .debug_str     0x00000000000029ad       0xb1 ./Peripheral/src/ch32v20x_dma.o
                                        0x3b2 (size before relaxing)
 .debug_str     0x0000000000002a5e       0x78 ./Peripheral/src/ch32v20x_exti.o
                                        0x34b (size before relaxing)
 .debug_str     0x0000000000002ad6      0x3e3 ./Peripheral/src/ch32v20x_flash.o
                                        0x652 (size before relaxing)
 .debug_str     0x0000000000002eb9      0x1f7 ./Peripheral/src/ch32v20x_gpio.o
                                        0x53b (size before relaxing)
 .debug_str     0x00000000000030b0       0x95 ./Peripheral/src/ch32v20x_iwdg.o
                                        0x25d (size before relaxing)
 .debug_str     0x0000000000003145      0x368 ./Peripheral/src/ch32v20x_rcc.o
                                        0x67b (size before relaxing)
 .debug_str     0x00000000000034ad      0x715 ./Peripheral/src/ch32v20x_tim.o
                                        0xe3a (size before relaxing)
 .debug_str     0x0000000000003bc2      0x3c5 ./Peripheral/src/ch32v20x_usart.o
                                        0x6d4 (size before relaxing)
 .debug_str     0x0000000000003f87       0x84 ./Debug/debug.o
                                        0x514 (size before relaxing)

.debug_line_str
                0x0000000000000000      0x7f6
 .debug_line_str
                0x0000000000000000      0x1f7 ./User/Src/dshot.o
                                        0x23d (size before relaxing)
 .debug_line_str
                0x00000000000001f7       0x44 ./User/Src/functions.o
                                        0x18f (size before relaxing)
 .debug_line_str
                0x000000000000023b      0x104 ./User/Src/main.o
                                        0x357 (size before relaxing)
 .debug_line_str
                0x000000000000033f       0x18 ./User/Src/phaseouts.o
                                        0x197 (size before relaxing)
 .debug_line_str
                0x0000000000000357       0x15 ./User/Src/signal.o
                                        0x288 (size before relaxing)
 .debug_line_str
                0x000000000000036c       0x15 ./User/Src/sounds.o
                                        0x21b (size before relaxing)
 .debug_line_str
                0x0000000000000381       0x5e ./User/MCU/V203/Src/ADC.o
                                        0x20b (size before relaxing)
 .debug_line_str
                0x00000000000003df       0x1a ./User/MCU/V203/Src/IO.o
                                        0x290 (size before relaxing)
 .debug_line_str
                0x00000000000003f9       0x44 ./User/MCU/V203/Src/ch32v20x_it.o
                                        0x259 (size before relaxing)
 .debug_line_str
                0x000000000000043d       0x22 ./User/MCU/V203/Src/comparator.o
                                        0x1f2 (size before relaxing)
 .debug_line_str
                0x000000000000045f       0xa5 ./User/MCU/V203/Src/eeprom.o
                                        0x287 (size before relaxing)
 .debug_line_str
                0x0000000000000504       0x23 ./User/MCU/V203/Src/peripherals.o
                                        0x264 (size before relaxing)
 .debug_line_str
                0x0000000000000527       0x27 ./User/MCU/V203/Src/system_ch32v20x.o
                                        0x232 (size before relaxing)
 .debug_line_str
                0x000000000000054e       0x38 ./Startup/startup_ch32v20x_D6.o
                                         0x79 (size before relaxing)
 .debug_line_str
                0x0000000000000586       0x61 ./Peripheral/src/ch32v20x_adc.o
                                        0x224 (size before relaxing)
 .debug_line_str
                0x00000000000005e7       0x38 ./Peripheral/src/ch32v20x_dma.o
                                        0x215 (size before relaxing)
 .debug_line_str
                0x000000000000061f       0x39 ./Peripheral/src/ch32v20x_exti.o
                                        0x219 (size before relaxing)
 .debug_line_str
                0x0000000000000658       0x3a ./Peripheral/src/ch32v20x_flash.o
                                        0x21d (size before relaxing)
 .debug_line_str
                0x0000000000000692       0x39 ./Peripheral/src/ch32v20x_gpio.o
                                        0x228 (size before relaxing)
 .debug_line_str
                0x00000000000006cb       0x39 ./Peripheral/src/ch32v20x_iwdg.o
                                        0x209 (size before relaxing)
 .debug_line_str
                0x0000000000000704       0x38 ./Peripheral/src/ch32v20x_rcc.o
                                        0x215 (size before relaxing)