Archive member included to satisfy reference by file (symbol)

d:/mounriver/mounriver_studio/toolchain/risc-v embedded gcc12/bin/../lib/gcc/riscv-none-elf/12.2.0/rv32imac_xw/ilp32\libgcc.a(addsf3.o)
                              ./User/Src/main.o (__addsf3)
d:/mounriver/mounriver_studio/toolchain/risc-v embedded gcc12/bin/../lib/gcc/riscv-none-elf/12.2.0/rv32imac_xw/ilp32\libgcc.a(divsf3.o)
                              ./User/Src/main.o (__divsf3)
d:/mounriver/mounriver_studio/toolchain/risc-v embedded gcc12/bin/../lib/gcc/riscv-none-elf/12.2.0/rv32imac_xw/ilp32\libgcc.a(gesf2.o)
                              ./User/Src/main.o (__gtsf2)
d:/mounriver/mounriver_studio/toolchain/risc-v embedded gcc12/bin/../lib/gcc/riscv-none-elf/12.2.0/rv32imac_xw/ilp32\libgcc.a(lesf2.o)
                              ./User/Src/main.o (__lesf2)
d:/mounriver/mounriver_studio/toolchain/risc-v embedded gcc12/bin/../lib/gcc/riscv-none-elf/12.2.0/rv32imac_xw/ilp32\libgcc.a(mulsf3.o)
                              ./User/Src/sounds.o (__mulsf3)
d:/mounriver/mounriver_studio/toolchain/risc-v embedded gcc12/bin/../lib/gcc/riscv-none-elf/12.2.0/rv32imac_xw/ilp32\libgcc.a(fixsfsi.o)
                              ./User/Src/main.o (__fixsfsi)
d:/mounriver/mounriver_studio/toolchain/risc-v embedded gcc12/bin/../lib/gcc/riscv-none-elf/12.2.0/rv32imac_xw/ilp32\libgcc.a(fixunssfsi.o)
                              ./User/Src/main.o (__fixunssfsi)
d:/mounriver/mounriver_studio/toolchain/risc-v embedded gcc12/bin/../lib/gcc/riscv-none-elf/12.2.0/rv32imac_xw/ilp32\libgcc.a(floatsisf.o)
                              ./User/Src/main.o (__floatsisf)
d:/mounriver/mounriver_studio/toolchain/risc-v embedded gcc12/bin/../lib/gcc/riscv-none-elf/12.2.0/rv32imac_xw/ilp32\libgcc.a(floatunsisf.o)
                              ./User/Src/sounds.o (__floatunsisf)
d:/mounriver/mounriver_studio/toolchain/risc-v embedded gcc12/bin/../lib/gcc/riscv-none-elf/12.2.0/rv32imac_xw/ilp32\libgcc.a(save-restore.o)
                              ./User/Src/main.o (__riscv_save_12)
d:/mounriver/mounriver_studio/toolchain/risc-v embedded gcc12/bin/../lib/gcc/riscv-none-elf/12.2.0/rv32imac_xw/ilp32\libgcc.a(_clzsi2.o)
                              d:/mounriver/mounriver_studio/toolchain/risc-v embedded gcc12/bin/../lib/gcc/riscv-none-elf/12.2.0/rv32imac_xw/ilp32\libgcc.a(addsf3.o) (__clzsi2)
d:/mounriver/mounriver_studio/toolchain/risc-v embedded gcc12/bin/../lib/gcc/riscv-none-elf/12.2.0/rv32imac_xw/ilp32\libgcc.a(_clz.o)
                              d:/mounriver/mounriver_studio/toolchain/risc-v embedded gcc12/bin/../lib/gcc/riscv-none-elf/12.2.0/rv32imac_xw/ilp32\libgcc.a(_clzsi2.o) (__clz_tab)
d:/mounriver/mounriver_studio/toolchain/risc-v embedded gcc12/bin/../lib/gcc/riscv-none-elf/12.2.0/../../../../riscv-none-elf/lib/rv32imac_xw/ilp32\libg_nano.a(lib_a-memset.o)
                              ./User/Src/main.o (memset)

Discarded input sections

 .text          0x0000000000000000        0x0 ./User/Src/dshot.o
 .data          0x0000000000000000        0x0 ./User/Src/dshot.o
 .bss           0x0000000000000000        0x0 ./User/Src/dshot.o
 .text          0x0000000000000000        0x0 ./User/Src/functions.o
 .data          0x0000000000000000        0x0 ./User/Src/functions.o
 .bss           0x0000000000000000        0x0 ./User/Src/functions.o
 .text          0x0000000000000000        0x0 ./User/Src/main.o
 .data          0x0000000000000000        0x0 ./User/Src/main.o
 .bss           0x0000000000000000        0x0 ./User/Src/main.o
 .text.getSmoothedInput
                0x0000000000000000       0x5e ./User/Src/main.o
 .sbss.ubAnalogWatchdogStatus
                0x0000000000000000        0x1 ./User/Src/main.o
 .sbss.lastzctime
                0x0000000000000000        0x2 ./User/Src/main.o
 .bss.readings  0x0000000000000000       0x3c ./User/Src/main.o
 .sbss.total    0x0000000000000000        0x4 ./User/Src/main.o
 .sbss.readIndex
                0x0000000000000000        0x1 ./User/Src/main.o
 .srodata.numReadings
                0x0000000000000000        0x1 ./User/Src/main.o
 .sbss.smoothedinput
                0x0000000000000000        0x2 ./User/Src/main.o
 .sbss.telemetry_done
                0x0000000000000000        0x1 ./User/Src/main.o
 .sbss.ADC_raw_input
                0x0000000000000000        0x2 ./User/Src/main.o
 .sbss.ADC_smoothed_input
                0x0000000000000000        0x2 ./User/Src/main.o
 .sdata.low_kv_filter_level
                0x0000000000000000        0x1 ./User/Src/main.o
 .sdata.startup_boost
                0x0000000000000000        0x1 ./User/Src/main.o
 .sbss.lowkv    0x0000000000000000        0x1 ./User/Src/main.o
 .sdata.velocity_count_threshold
                0x0000000000000000        0x2 ./User/Src/main.o
 .sbss.velocity_count
                0x0000000000000000        0x2 ./User/Src/main.o
 .sbss.REV_Id   0x0000000000000000        0x4 ./User/Src/main.o
 .sbss.MCU_Id   0x0000000000000000        0x4 ./User/Src/main.o
[...]
Memory Configuration

Name             Origin             Length             Attributes
RESET_FLASH      0x0000000000001000 0x00000000000000c0 xr
FLASH_VERSION    0x00000000000010c0 0x000000000000000e xr
FLASH            0x00000000000010ce 0x000000000000ef32 xr
RAM              0x0000000020000000 0x0000000000005000 xrw
*default*        0x0000000000000000 0xffffffffffffffff

Linker script and memory map

LOAD ./User/Src/dshot.o
LOAD ./User/Src/functions.o
LOAD ./User/Src/main.o
LOAD ./User/Src/phaseouts.o
LOAD ./User/Src/signal.o
LOAD ./User/Src/sounds.o
LOAD ./User/MCU/V203/Src/ADC.o
LOAD ./User/MCU/V203/Src/IO.o
LOAD ./User/MCU/V203/Src/ch32v20x_it.o
LOAD ./User/MCU/V203/Src/comparator.o
LOAD ./User/MCU/V203/Src/eeprom.o
LOAD ./User/MCU/V203/Src/peripherals.o
LOAD ./User/MCU/V203/Src/serial_telemetry.o
LOAD ./User/MCU/V203/Src/system_ch32v20x.o
LOAD ./Startup/startup_ch32v20x_D6.o
LOAD ./Peripheral/src/ch32v20x_adc.o
LOAD ./Peripheral/src/ch32v20x_bkp.o
LOAD ./Peripheral/src/ch32v20x_can.o
LOAD ./Peripheral/src/ch32v20x_crc.o
LOAD ./Peripheral/src/ch32v20x_dbgmcu.o
LOAD ./Peripheral/src/ch32v20x_dma.o
LOAD ./Peripheral/src/ch32v20x_exti.o
LOAD ./Peripheral/src/ch32v20x_flash.o
LOAD ./Peripheral/src/ch32v20x_gpio.o
LOAD ./Peripheral/src/ch32v20x_i2c.o
LOAD ./Peripheral/src/ch32v20x_iwdg.o
LOAD ./Peripheral/src/ch32v20x_misc.o
LOAD ./Peripheral/src/ch32v20x_opa.o
LOAD ./Peripheral/src/ch32v20x_pwr.o
LOAD ./Peripheral/src/ch32v20x_rcc.o
LOAD ./Peripheral/src/ch32v20x_rtc.o
LOAD ./Peripheral/src/ch32v20x_spi.o
LOAD ./Peripheral/src/ch32v20x_tim.o
LOAD ./Peripheral/src/ch32v20x_usart.o
LOAD ./Peripheral/src/ch32v20x_wwdg.o
LOAD ./Debug/debug.o
LOAD ./Core/core_riscv.o
LOAD d:/mounriver/mounriver_studio/toolchain/risc-v embedded gcc12/bin/../lib/gcc/riscv-none-elf/12.2.0/../../../../riscv-none-elf/lib/rv32imac_xw/ilp32\libprintf.a
LOAD d:/mounriver/mounriver_studio/toolchain/risc-v embedded gcc12/bin/../lib/gcc/riscv-none-elf/12.2.0/rv32imac_xw/ilp32\libgcc.a
LOAD d:/mounriver/mounriver_studio/toolchain/risc-v embedded gcc12/bin/../lib/gcc/riscv-none-elf/12.2.0/../../../../riscv-none-elf/lib/rv32imac_xw/ilp32\libg_nano.a
LOAD d:/mounriver/mounriver_studio/toolchain/risc-v embedded gcc12/bin/../lib/gcc/riscv-none-elf/12.2.0/../../../../riscv-none-elf/lib/rv32imac_xw/ilp32\libc_nano.a
LOAD d:/mounriver/mounriver_studio/toolchain/risc-v embedded gcc12/bin/../lib/gcc/riscv-none-elf/12.2.0/rv32imac_xw/ilp32\libgcc.a
START GROUP
LOAD d:/mounriver/mounriver_studio/toolchain/risc-v embedded gcc12/bin/../lib/gcc/riscv-none-elf/12.2.0/rv32imac_xw/ilp32\libgcc.a
LOAD d:/mounriver/mounriver_studio/toolchain/risc-v embedded gcc12/bin/../lib/gcc/riscv-none-elf/12.2.0/../../../../riscv-none-elf/lib/rv32imac_xw/ilp32\libc_nano.a
LOAD d:/mounriver/mounriver_studio/toolchain/risc-v embedded gcc12/bin/../lib/gcc/riscv-none-elf/12.2.0/../../../../riscv-none-elf/lib/rv32imac_xw/ilp32\libnosys.a
END GROUP
START GROUP
LOAD d:/mounriver/mounriver_studio/toolchain/risc-v embedded gcc12/bin/../lib/gcc/riscv-none-elf/12.2.0/rv32imac_xw/ilp32\libgcc.a
LOAD d:/mounriver/mounriver_studio/toolchain/risc-v embedded gcc12/bin/../lib/gcc/riscv-none-elf/12.2.0/../../../../riscv-none-elf/lib/rv32imac_xw/ilp32\libc_nano.a
LOAD d:/mounriver/mounriver_studio/toolchain/risc-v embedded gcc12/bin/../lib/gcc/riscv-none-elf/12.2.0/../../../../riscv-none-elf/lib/rv32imac_xw/ilp32\libnosys.a
END GROUP
                0x0000000000000800                __stack_size = 0x800
                0x0000000000000100                __resv_size = 0x100
                [!provide]                        PROVIDE (_stack_size = __stack_size)
                [!provide]                        PROVIDE (_resv_size = __resv_size)

.init           0x0000000000001000       0x38
                0x0000000000001000                _sinit = .
                0x0000000000001000                . = ALIGN (0x4)
 *(SORT_NONE(.init))
 .init          0x0000000000001000       0x38 ./Startup/startup_ch32v20x_D6.o
                0x0000000000001000                _start
                0x0000000000001038                . = ALIGN (0x4)
                0x0000000000001038                _einit = .

.firmware_version
                0x00000000000010c0        0xe
                0x00000000000010c0                . = ALIGN (0x4)
 *(.firmware_info)
 .firmware_info
                0x00000000000010c0        0xe ./User/Src/main.o
                0x00000000000010c0                firmware_info

.vector         0x00000000000010ce       0xfe
                0x00000000000010d0                . = ALIGN (0x4)
 *fill*         0x00000000000010ce        0x2 
 *(.vector)
 .vector        0x00000000000010d0       0xfc ./Startup/startup_ch32v20x_D6.o
                0x00000000000011cc                . = ALIGN (0x4)

.text           0x00000000000011cc     0x542c
                0x00000000000011cc                . = ALIGN (0x4)
 *(.text)
 .text          0x00000000000011cc       0x60 d:/mounriver/mounriver_studio/toolchain/risc-v embedded gcc12/bin/../lib/gcc/riscv-none-elf/12.2.0/rv32imac_xw/ilp32\libgcc.a(save-restore.o)
                0x00000000000011cc                __riscv_save_12
                0x00000000000011d4                __riscv_save_9
                0x00000000000011d4                __riscv_save_11
                0x00000000000011d4                __riscv_save_10
                0x00000000000011d4                __riscv_save_8
                0x00000000000011e2                __riscv_save_4
                0x00000000000011e2                __riscv_save_6
                0x00000000000011e2                __riscv_save_5
                0x00000000000011e2                __riscv_save_7
                0x00000000000011fc                __riscv_save_3
                0x00000000000011fc                __riscv_save_2
                0x00000000000011fc                __riscv_save_1
                0x00000000000011fc                __riscv_save_0
                0x0000000000001208                __riscv_restore_12
                0x000000000000120c                __riscv_restore_11
                0x000000000000120c                __riscv_restore_9
                0x000000000000120c                __riscv_restore_10
                0x000000000000120c                __riscv_restore_8
                0x0000000000001216                __riscv_restore_5
                0x0000000000001216                __riscv_restore_7
                0x0000000000001216                __riscv_restore_6
                0x0000000000001216                __riscv_restore_4
                0x0000000000001220                __riscv_restore_3
                0x0000000000001220                __riscv_restore_0
                0x0000000000001220                __riscv_restore_2
                0x0000000000001220                __riscv_restore_1
 .text          0x000000000000122c       0x10 d:/mounriver/mounriver_studio/toolchain/risc-v embedded gcc12/bin/../lib/gcc/riscv-none-elf/12.2.0/../../../../riscv-none-elf/lib/rv32imac_xw/ilp32\libg_nano.a(lib_a-memset.o)
                0x000000000000122c                memset
 *(.text.*)
 .text.computeDshotDMA
                0x000000000000123c      0x2b2 ./User/Src/dshot.o
                0x000000000000123c                computeDshotDMA
 .text.make_dshot_package
                0x00000000000014ee      0x112 ./User/Src/dshot.o
                0x00000000000014ee                make_dshot_package
 .text.map      0x0000000000001600       0x22 ./User/Src/functions.o
                0x0000000000001600                map
 .text.getAbsDif
                0x0000000000001622        0xe ./User/Src/functions.o
                0x0000000000001622                getAbsDif
 .text.delayMicros
                0x0000000000001630        0xe ./User/Src/functions.o
                0x0000000000001630                delayMicros
 .text.delayMillis
                0x000000000000163e       0x12 ./User/Src/functions.o
                0x000000000000163e                delayMillis
 .text.checkForHighSignal
                0x0000000000001650       0x80 ./User/Src/main.o
                0x0000000000001650                checkForHighSignal
 .text.doPidCalculations
                0x00000000000016d0       0x5c ./User/Src/main.o
                0x00000000000016d0                doPidCalculations
 .text.loadEEpromSettings
                0x000000000000172c      0x3b8 ./User/Src/main.o
                0x000000000000172c                loadEEpromSettings
 .text.saveEEpromSettings
                0x0000000000001ae4       0x6c ./User/Src/main.o
                0x0000000000001ae4                saveEEpromSettings
 .text.getBemfState
                0x0000000000001b50       0x40 ./User/Src/main.o
                0x0000000000001b50                getBemfState
 .text.commutate
                0x0000000000001b90      0x144 ./User/Src/main.o
                0x0000000000001b90                commutate
 .text.PeriodElapsedCallback
                0x0000000000001cd4       0x78 ./User/Src/main.o
                0x0000000000001cd4                PeriodElapsedCallback
 .text.interruptRoutine
                0x0000000000001d4c       0xf2 ./User/Src/main.o
                0x0000000000001d4c                interruptRoutine
 .text.startMotor
                0x0000000000001e3e       0x36 ./User/Src/main.o
                0x0000000000001e3e                startMotor
 .text.tenKhzRoutine
                0x0000000000001e74      0x6e6 ./User/Src/main.o
                0x0000000000001e74                tenKhzRoutine
 .text.advanceincrement
                0x000000000000255a      0x120 ./User/Src/main.o
                0x000000000000255a                advanceincrement
 .text.zcfoundroutine
                0x000000000000267a       0xa4 ./User/Src/main.o
                0x000000000000267a                zcfoundroutine
 .text.startup.main
                0x000000000000271e      0xb4a ./User/Src/main.o
                0x000000000000271e                main
 .text.proportionalBrake
                0x0000000000003268       0x82 ./User/Src/phaseouts.o
                0x0000000000003268                proportionalBrake
 .text.phaseBPWM
                0x00000000000032ea       0x4a ./User/Src/phaseouts.o
                0x00000000000032ea                phaseBPWM
 .text.phaseBFLOAT
                0x0000000000003334       0x36 ./User/Src/phaseouts.o
                0x0000000000003334                phaseBFLOAT
 .text.phaseBLOW
                0x000000000000336a       0x36 ./User/Src/phaseouts.o
                0x000000000000336a                phaseBLOW
 .text.phaseCPWM
                0x00000000000033a0       0x52 ./User/Src/phaseouts.o
                0x00000000000033a0                phaseCPWM
 .text.phaseCFLOAT
                0x00000000000033f2       0x36 ./User/Src/phaseouts.o
                0x00000000000033f2                phaseCFLOAT
 .text.phaseCLOW
                0x0000000000003428       0x36 ./User/Src/phaseouts.o
                0x0000000000003428                phaseCLOW
 .text.phaseAPWM
                0x000000000000345e       0x56 ./User/Src/phaseouts.o
                0x000000000000345e                phaseAPWM
 .text.phaseAFLOAT
                0x00000000000034b4       0x3c ./User/Src/phaseouts.o
                0x00000000000034b4                phaseAFLOAT
 .text.phaseALOW
                0x00000000000034f0       0x3c ./User/Src/phaseouts.o
                0x00000000000034f0                phaseALOW
 .text.allOff   0x000000000000352c       0x14 ./User/Src/phaseouts.o
                0x000000000000352c                allOff
 .text.comStep  0x0000000000003540       0x66 ./User/Src/phaseouts.o
                0x0000000000003540                comStep
 .text.fullBrake
                0x00000000000035a6       0x14 ./User/Src/phaseouts.o
                0x00000000000035a6                fullBrake
 .text.allpwm   0x00000000000035ba       0x14 ./User/Src/phaseouts.o
                0x00000000000035ba                allpwm
 .text.computeServoInput
                0x00000000000035ce      0x1a0 ./User/Src/signal.o
                0x00000000000035ce                computeServoInput
 .text.transfercomplete
                0x000000000000376e      0x118 ./User/Src/signal.o
                0x000000000000376e                transfercomplete
 .text.setVolume
                0x0000000000003886       0x12 ./User/Src/sounds.o
                0x0000000000003886                setVolume
 .text.setCaptureCompare
                0x0000000000003898       0x16 ./User/Src/sounds.o
                0x0000000000003898                setCaptureCompare
 .text.playBJNote
                0x00000000000038ae       0x4a ./User/Src/sounds.o
                0x00000000000038ae                playBJNote
 .text.playBlueJayTune
                0x00000000000038f8       0xdc ./User/Src/sounds.o
                0x00000000000038f8                playBlueJayTune
 .text.playStartupTune
                0x00000000000039d4       0x9e ./User/Src/sounds.o
                0x00000000000039d4                playStartupTune
 .text.playInputTune2
                0x0000000000003a72       0x76 ./User/Src/sounds.o
                0x0000000000003a72                playInputTune2
 .text.playInputTune
                0x0000000000003ae8       0x7a ./User/Src/sounds.o
                0x0000000000003ae8                playInputTune
 .text.playDefaultTone
                0x0000000000003b62       0x56 ./User/Src/sounds.o
                0x0000000000003b62                playDefaultTone
 .text.playChangedTone
                0x0000000000003bb8       0x58 ./User/Src/sounds.o
                0x0000000000003bb8                playChangedTone
 .text.playBeaconTune3
                0x0000000000003c10       0x76 ./User/Src/sounds.o
                0x0000000000003c10                playBeaconTune3
 .text.ADC_DMA_Callback
                0x0000000000003c86       0x18 ./User/MCU/V203/Src/ADC.o
                0x0000000000003c86                ADC_DMA_Callback
 .text.enableADC_DMA
                0x0000000000003c9e       0x80 ./User/MCU/V203/Src/ADC.o
                0x0000000000003c9e                enableADC_DMA
 .text.activateADC
                0x0000000000003d1e       0x66 ./User/MCU/V203/Src/ADC.o
                0x0000000000003d1e                activateADC
 .text.ADCInit  0x0000000000003d84       0x9a ./User/MCU/V203/Src/ADC.o
                0x0000000000003d84                ADCInit
 .text.changeToInput
                0x0000000000003e1e       0x5e ./User/MCU/V203/Src/IO.o
                0x0000000000003e1e                changeToInput
 .text.receiveDshotDma
                0x0000000000003e7c       0x4a ./User/MCU/V203/Src/IO.o
                0x0000000000003e7c                receiveDshotDma
 .text.changeToOutput
                0x0000000000003ec6       0x42 ./User/MCU/V203/Src/IO.o
                0x0000000000003ec6                changeToOutput
 .text.sendDshotDma
                0x0000000000003f08       0x48 ./User/MCU/V203/Src/IO.o
                0x0000000000003f08                sendDshotDma
 .text.checkDshot
                0x0000000000003f50       0x76 ./User/MCU/V203/Src/IO.o
                0x0000000000003f50                checkDshot
 .text.checkServo
                0x0000000000003fc6       0x34 ./User/MCU/V203/Src/IO.o
                0x0000000000003fc6                checkServo
 .text.detectInput
                0x0000000000003ffa       0x92 ./User/MCU/V203/Src/IO.o
                0x0000000000003ffa                detectInput
 .text.NMI_Handler
                0x000000000000408c        0x4 ./User/MCU/V203/Src/ch32v20x_it.o
                0x000000000000408c                NMI_Handler
 .text.HardFault_Handler
                0x0000000000004090       0x26 ./User/MCU/V203/Src/ch32v20x_it.o
                0x0000000000004090                HardFault_Handler
 .text.DMA1_Channel1_IRQHandler
                0x00000000000040b6       0x24 ./User/MCU/V203/Src/ch32v20x_it.o
                0x00000000000040b6                DMA1_Channel1_IRQHandler
 .text.DMA1_Channel5_IRQHandler
                0x00000000000040da       0x66 ./User/MCU/V203/Src/ch32v20x_it.o
                0x00000000000040da                DMA1_Channel5_IRQHandler
 .text.DMA1_Channel4_IRQHandler
                0x0000000000004140       0x8c ./User/MCU/V203/Src/ch32v20x_it.o
                0x0000000000004140                DMA1_Channel4_IRQHandler
 .text.SysTick_Handler
                0x00000000000041cc       0x10 ./User/MCU/V203/Src/ch32v20x_it.o
                0x00000000000041cc                SysTick_Handler
 .text.EXTI2_IRQHandler
                0x00000000000041dc       0x14 ./User/MCU/V203/Src/ch32v20x_it.o
                0x00000000000041dc                EXTI2_IRQHandler
 .text.TIM3_IRQHandler
                0x00000000000041f0       0x2a ./User/MCU/V203/Src/ch32v20x_it.o
                0x00000000000041f0                TIM3_IRQHandler
 .text.maskPhaseInterrupts
                0x000000000000421a       0x14 ./User/MCU/V203/Src/comparator.o
                0x000000000000421a                maskPhaseInterrupts
 .text.enableCompInterrupts
                0x000000000000422e       0x12 ./User/MCU/V203/Src/comparator.o
                0x000000000000422e                enableCompInterrupts
 .text.changeCompInput
                0x0000000000004240       0x74 ./User/MCU/V203/Src/comparator.o
                0x0000000000004240                changeCompInput
 .text.save_flash_nolib
                0x00000000000042b4       0xa6 ./User/MCU/V203/Src/eeprom.o
                0x00000000000042b4                save_flash_nolib
 .text.read_flash_bin
                0x000000000000435a       0x18 ./User/MCU/V203/Src/eeprom.o
                0x000000000000435a                read_flash_bin
 .text.initAfterJump
                0x0000000000004372        0x2 ./User/MCU/V203/Src/peripherals.o
                0x0000000000004372                initAfterJump
 .text.ALL_COMP_Init
                0x0000000000004374       0xba ./User/MCU/V203/Src/peripherals.o
                0x0000000000004374                ALL_COMP_Init
 .text.MX_IWDG_Init
                0x000000000000442e       0x28 ./User/MCU/V203/Src/peripherals.o
                0x000000000000442e                MX_IWDG_Init
 .text.PWM_TIM1_Init
                0x0000000000004456      0x19a ./User/MCU/V203/Src/peripherals.o
                0x0000000000004456                PWM_TIM1_Init
 .text.ZC_TIM4_Init
                0x00000000000045f0       0x20 ./User/MCU/V203/Src/peripherals.o
                0x00000000000045f0                ZC_TIM4_Init
 .text.TENKHz_SysTick_Init
                0x0000000000004610       0x3e ./User/MCU/V203/Src/peripherals.o
                0x0000000000004610                TENKHz_SysTick_Init
 .text.COM_TIM3_Init
                0x000000000000464e       0x32 ./User/MCU/V203/Src/peripherals.o
                0x000000000000464e                COM_TIM3_Init
 .text.ALL_DMA_Init
                0x0000000000004680       0x42 ./User/MCU/V203/Src/peripherals.o
                0x0000000000004680                ALL_DMA_Init
 .text.ALL_GPIO_Init
                0x00000000000046c2        0x8 ./User/MCU/V203/Src/peripherals.o
                0x00000000000046c2                ALL_GPIO_Init
 .text.UN_TIM2_Init
                0x00000000000046ca       0xa4 ./User/MCU/V203/Src/peripherals.o
                0x00000000000046ca                UN_TIM2_Init
 .text.initCorePeripherals
                0x000000000000476e       0x28 ./User/MCU/V203/Src/peripherals.o
                0x000000000000476e                initCorePeripherals
 .text.SystemInit
                0x0000000000004796       0xb0 ./User/MCU/V203/Src/system_ch32v20x.o
                0x0000000000004796                SystemInit
 .text.SystemCoreClockUpdate
                0x0000000000004846       0x80 ./User/MCU/V203/Src/system_ch32v20x.o
                0x0000000000004846                SystemCoreClockUpdate
 .text.vector_handler
                0x00000000000048c6       0x6c ./Startup/startup_ch32v20x_D6.o
                0x00000000000048ca                Ecall_M_Mode_Handler
                0x00000000000048cc                Ecall_U_Mode_Handler
                0x00000000000048ce                Break_Point_Handler
                0x00000000000048d2                SW_Handler
                0x00000000000048d4                WWDG_IRQHandler
                0x00000000000048d6                PVD_IRQHandler
                0x00000000000048d8                TAMPER_IRQHandler
                0x00000000000048da                RTC_IRQHandler
                0x00000000000048dc                FLASH_IRQHandler
                0x00000000000048de                RCC_IRQHandler
                0x00000000000048e0                EXTI0_IRQHandler
                0x00000000000048e2                EXTI1_IRQHandler
                0x00000000000048e6                EXTI3_IRQHandler
                0x00000000000048e8                EXTI4_IRQHandler
                0x00000000000048ec                DMA1_Channel2_IRQHandler
                0x00000000000048ee                DMA1_Channel3_IRQHandler
                0x00000000000048f4                DMA1_Channel6_IRQHandler
                0x00000000000048f6                DMA1_Channel7_IRQHandler
                0x00000000000048f8                ADC1_2_IRQHandler
                0x00000000000048fa                USB_HP_CAN1_TX_IRQHandler
                0x00000000000048fc                USB_LP_CAN1_RX0_IRQHandler
                0x00000000000048fe                CAN1_RX1_IRQHandler
                0x0000000000004900                CAN1_SCE_IRQHandler
                0x0000000000004902                EXTI9_5_IRQHandler
                0x0000000000004904                TIM1_BRK_IRQHandler
                0x0000000000004906                TIM1_UP_IRQHandler
                0x0000000000004908                TIM1_TRG_COM_IRQHandler
                0x000000000000490a                TIM1_CC_IRQHandler
                0x000000000000490c                TIM2_IRQHandler
                0x0000000000004910                TIM4_IRQHandler
                0x0000000000004912                I2C1_EV_IRQHandler
                0x0000000000004914                I2C1_ER_IRQHandler
                0x0000000000004916                I2C2_EV_IRQHandler
                0x0000000000004918                I2C2_ER_IRQHandler
                0x000000000000491a                SPI1_IRQHandler
                0x000000000000491c                SPI2_IRQHandler
                0x000000000000491e                USART1_IRQHandler
                0x0000000000004920                USART2_IRQHandler
                0x0000000000004922                USART3_IRQHandler
                0x0000000000004924                EXTI15_10_IRQHandler
                0x0000000000004926                RTCAlarm_IRQHandler
                0x0000000000004928                USBWakeUp_IRQHandler
                0x000000000000492a                USBHD_IRQHandler
                0x000000000000492c                USBHDWakeUp_IRQHandler
                0x000000000000492e                UART4_IRQHandler
                0x0000000000004930                DMA1_Channel8_IRQHandler
 .text.handle_reset
                0x0000000000004932       0x86 ./Startup/startup_ch32v20x_D6.o
                0x0000000000004932                handle_reset
 .text.ADC_DeInit
                0x00000000000049b8       0x40 ./Peripheral/src/ch32v20x_adc.o
                0x00000000000049b8                ADC_DeInit
 .text.ADC_Init
                0x00000000000049f8       0x56 ./Peripheral/src/ch32v20x_adc.o
                0x00000000000049f8                ADC_Init
 .text.ADC_Cmd  0x0000000000004a4e       0x10 ./Peripheral/src/ch32v20x_adc.o
                0x0000000000004a4e                ADC_Cmd
 .text.ADC_DMACmd
                0x0000000000004a5e       0x12 ./Peripheral/src/ch32v20x_adc.o
                0x0000000000004a5e                ADC_DMACmd
 .text.ADC_ResetCalibration
                0x0000000000004a70        0xa ./Peripheral/src/ch32v20x_adc.o
                0x0000000000004a70                ADC_ResetCalibration
 .text.ADC_GetResetCalibrationStatus
                0x0000000000004a7a        0x8 ./Peripheral/src/ch32v20x_adc.o
                0x0000000000004a7a                ADC_GetResetCalibrationStatus
 .text.ADC_StartCalibration
                0x0000000000004a82        0xa ./Peripheral/src/ch32v20x_adc.o
                0x0000000000004a82                ADC_StartCalibration
 .text.ADC_GetCalibrationStatus
                0x0000000000004a8c        0x8 ./Peripheral/src/ch32v20x_adc.o
                0x0000000000004a8c                ADC_GetCalibrationStatus
 .text.ADC_SoftwareStartConvCmd
                0x0000000000004a94       0x18 ./Peripheral/src/ch32v20x_adc.o
                0x0000000000004a94                ADC_SoftwareStartConvCmd
 .text.ADC_RegularChannelConfig
                0x0000000000004aac       0xb8 ./Peripheral/src/ch32v20x_adc.o
                0x0000000000004aac                ADC_RegularChannelConfig
 .text.ADC_TempSensorVrefintCmd
                0x0000000000004b64       0x20 ./Peripheral/src/ch32v20x_adc.o
                0x0000000000004b64                ADC_TempSensorVrefintCmd
 .text.TempSensor_Volt_To_Temper
                0x0000000000004b84       0x28 ./Peripheral/src/ch32v20x_adc.o
                0x0000000000004b84                TempSensor_Volt_To_Temper
 .text.ADC_BufferCmd
                0x0000000000004bac       0x18 ./Peripheral/src/ch32v20x_adc.o
                0x0000000000004bac                ADC_BufferCmd
 .text.DMA_Init
                0x0000000000004bc4       0x38 ./Peripheral/src/ch32v20x_dma.o
                0x0000000000004bc4                DMA_Init
 .text.DMA_Cmd  0x0000000000004bfc       0x14 ./Peripheral/src/ch32v20x_dma.o
                0x0000000000004bfc                DMA_Cmd
 .text.DMA_ITConfig
                0x0000000000004c10       0x14 ./Peripheral/src/ch32v20x_dma.o
                0x0000000000004c10                DMA_ITConfig
 .text.DMA_GetFlagStatus
                0x0000000000004c24        0xe ./Peripheral/src/ch32v20x_dma.o
                0x0000000000004c24                DMA_GetFlagStatus
 .text.DMA_ClearFlag
                0x0000000000004c32        0x8 ./Peripheral/src/ch32v20x_dma.o
                0x0000000000004c32                DMA_ClearFlag
 .text.DMA_GetITStatus
                0x0000000000004c3a        0x4 ./Peripheral/src/ch32v20x_dma.o
                0x0000000000004c3a                DMA_GetITStatus
 .text.EXTI_Init
                0x0000000000004c3e       0x62 ./Peripheral/src/ch32v20x_exti.o
                0x0000000000004c3e                EXTI_Init
 .text.EXTI_ClearITPendingBit
                0x0000000000004ca0        0xc ./Peripheral/src/ch32v20x_exti.o
                0x0000000000004ca0                EXTI_ClearITPendingBit
 .text.FLASH_Lock
                0x0000000000004cac        0xe ./Peripheral/src/ch32v20x_flash.o
                0x0000000000004cac                FLASH_Lock
 .text.FLASH_ErasePage_Fast
                0x0000000000004cba       0x2e ./Peripheral/src/ch32v20x_flash.o
                0x0000000000004cba                FLASH_ErasePage_Fast
 .text.FLASH_ProgramPage_Fast
                0x0000000000004ce8       0x64 ./Peripheral/src/ch32v20x_flash.o
                0x0000000000004ce8                FLASH_ProgramPage_Fast
 .text.GPIO_Init
                0x0000000000004d4c       0xee ./Peripheral/src/ch32v20x_gpio.o
                0x0000000000004d4c                GPIO_Init
 .text.GPIO_PinRemapConfig
                0x0000000000004e3a      0x106 ./Peripheral/src/ch32v20x_gpio.o
                0x0000000000004e3a                GPIO_PinRemapConfig
 .text.GPIO_EXTILineConfig
                0x0000000000004f40       0x2c ./Peripheral/src/ch32v20x_gpio.o
                0x0000000000004f40                GPIO_EXTILineConfig
 .text.IWDG_ReloadCounter
                0x0000000000004f6c        0xe ./Peripheral/src/ch32v20x_iwdg.o
                0x0000000000004f6c                IWDG_ReloadCounter
 .text.IWDG_Enable
                0x0000000000004f7a        0xe ./Peripheral/src/ch32v20x_iwdg.o
                0x0000000000004f7a                IWDG_Enable
 .text.RCC_ADCCLKConfig
                0x0000000000004f88       0x12 ./Peripheral/src/ch32v20x_rcc.o
                0x0000000000004f88                RCC_ADCCLKConfig
 .text.RCC_AHBPeriphClockCmd
                0x0000000000004f9a       0x1e ./Peripheral/src/ch32v20x_rcc.o
                0x0000000000004f9a                RCC_AHBPeriphClockCmd
 .text.RCC_APB2PeriphClockCmd
                0x0000000000004fb8       0x1e ./Peripheral/src/ch32v20x_rcc.o
                0x0000000000004fb8                RCC_APB2PeriphClockCmd
 .text.RCC_APB1PeriphClockCmd
                0x0000000000004fd6       0x1e ./Peripheral/src/ch32v20x_rcc.o
                0x0000000000004fd6                RCC_APB1PeriphClockCmd
 .text.RCC_APB2PeriphResetCmd
                0x0000000000004ff4       0x1e ./Peripheral/src/ch32v20x_rcc.o
                0x0000000000004ff4                RCC_APB2PeriphResetCmd
 .text.RCC_APB1PeriphResetCmd
                0x0000000000005012       0x1e ./Peripheral/src/ch32v20x_rcc.o
                0x0000000000005012                RCC_APB1PeriphResetCmd
 .text.TI1_Config
                0x0000000000005030       0x6a ./Peripheral/src/ch32v20x_tim.o
 .text.TI2_Config
                0x000000000000509a       0x84 ./Peripheral/src/ch32v20x_tim.o
 .text.TIM_TimeBaseInit
                0x000000000000511e       0x6a ./Peripheral/src/ch32v20x_tim.o
                0x000000000000511e                TIM_TimeBaseInit
 .text.TIM_OC1Init
                0x0000000000005188       0x6a ./Peripheral/src/ch32v20x_tim.o
                0x0000000000005188                TIM_OC1Init
 .text.TIM_OC2Init
                0x00000000000051f2       0x94 ./Peripheral/src/ch32v20x_tim.o
                0x00000000000051f2                TIM_OC2Init
 .text.TIM_OC3Init
                0x0000000000005286       0x92 ./Peripheral/src/ch32v20x_tim.o
                0x0000000000005286                TIM_OC3Init
 .text.TIM_OC4Init
                0x0000000000005318       0x68 ./Peripheral/src/ch32v20x_tim.o
                0x0000000000005318                TIM_OC4Init
 .text.TIM_BDTRConfig
                0x0000000000005380       0x20 ./Peripheral/src/ch32v20x_tim.o
                0x0000000000005380                TIM_BDTRConfig
 .text.TIM_Cmd  0x00000000000053a0       0x18 ./Peripheral/src/ch32v20x_tim.o
                0x00000000000053a0                TIM_Cmd
 .text.TIM_CtrlPWMOutputs
                0x00000000000053b8       0x16 ./Peripheral/src/ch32v20x_tim.o
                0x00000000000053b8                TIM_CtrlPWMOutputs
 .text.TIM_ITConfig
                0x00000000000053ce       0x12 ./Peripheral/src/ch32v20x_tim.o
                0x00000000000053ce                TIM_ITConfig
 .text.TIM_GenerateEvent
                0x00000000000053e0        0x4 ./Peripheral/src/ch32v20x_tim.o
                0x00000000000053e0                TIM_GenerateEvent
 .text.TIM_DMACmd
                0x00000000000053e4        0x4 ./Peripheral/src/ch32v20x_tim.o
                0x00000000000053e4                TIM_DMACmd
 .text.TIM_ARRPreloadConfig
                0x00000000000053e8       0x1a ./Peripheral/src/ch32v20x_tim.o
                0x00000000000053e8                TIM_ARRPreloadConfig
 .text.TIM_OC1PreloadConfig
                0x0000000000005402        0xe ./Peripheral/src/ch32v20x_tim.o
                0x0000000000005402                TIM_OC1PreloadConfig
 .text.TIM_OC2PreloadConfig
                0x0000000000005410       0x16 ./Peripheral/src/ch32v20x_tim.o
                0x0000000000005410                TIM_OC2PreloadConfig
 .text.TIM_OC3PreloadConfig
                0x0000000000005426        0xe ./Peripheral/src/ch32v20x_tim.o
                0x0000000000005426                TIM_OC3PreloadConfig
 .text.TIM_OC4PreloadConfig
                0x0000000000005434       0x16 ./Peripheral/src/ch32v20x_tim.o
                0x0000000000005434                TIM_OC4PreloadConfig
 .text.TIM_OC1FastConfig
                0x000000000000544a        0xe ./Peripheral/src/ch32v20x_tim.o
                0x000000000000544a                TIM_OC1FastConfig
 .text.TIM_OC2FastConfig
                0x0000000000005458       0x16 ./Peripheral/src/ch32v20x_tim.o
                0x0000000000005458                TIM_OC2FastConfig
 .text.TIM_OC3FastConfig
                0x000000000000546e        0xe ./Peripheral/src/ch32v20x_tim.o
                0x000000000000546e                TIM_OC3FastConfig
 .text.TIM_OC4FastConfig
                0x000000000000547c       0x16 ./Peripheral/src/ch32v20x_tim.o
                0x000000000000547c                TIM_OC4FastConfig
 .text.TIM_CCxCmd
                0x0000000000005492       0x20 ./Peripheral/src/ch32v20x_tim.o
                0x0000000000005492                TIM_CCxCmd
 .text.TIM_CCxNCmd
                0x00000000000054b2       0x20 ./Peripheral/src/ch32v20x_tim.o
                0x00000000000054b2                TIM_CCxNCmd
 .text.TIM_SelectOutputTrigger
                0x00000000000054d2       0x18 ./Peripheral/src/ch32v20x_tim.o
                0x00000000000054d2                TIM_SelectOutputTrigger
 .text.TIM_SetIC1Prescaler
                0x00000000000054ea       0x16 ./Peripheral/src/ch32v20x_tim.o
                0x00000000000054ea                TIM_SetIC1Prescaler
 .text.TIM_SetIC2Prescaler
                0x0000000000005500       0x1a ./Peripheral/src/ch32v20x_tim.o
                0x0000000000005500                TIM_SetIC2Prescaler
 .text.TIM_SetIC3Prescaler
                0x000000000000551a       0x16 ./Peripheral/src/ch32v20x_tim.o
                0x000000000000551a                TIM_SetIC3Prescaler
 .text.TIM_SetIC4Prescaler
                0x0000000000005530       0x1a ./Peripheral/src/ch32v20x_tim.o
                0x0000000000005530                TIM_SetIC4Prescaler
 .text.TIM_ICInit
                0x000000000000554a      0x15c ./Peripheral/src/ch32v20x_tim.o
                0x000000000000554a                TIM_ICInit
 .text.TIM_GetITStatus
                0x00000000000056a6       0x18 ./Peripheral/src/ch32v20x_tim.o
                0x00000000000056a6                TIM_GetITStatus
 .text.TIM_ClearITPendingBit
                0x00000000000056be        0xc ./Peripheral/src/ch32v20x_tim.o
                0x00000000000056be                TIM_ClearITPendingBit
 .text.USART_DMACmd
                0x00000000000056ca       0x12 ./Peripheral/src/ch32v20x_usart.o
                0x00000000000056ca                USART_DMACmd
 .text.__addsf3
                0x00000000000056dc      0x368 d:/mounriver/mounriver_studio/toolchain/risc-v embedded gcc12/bin/../lib/gcc/riscv-none-elf/12.2.0/rv32imac_xw/ilp32\libgcc.a(addsf3.o)
                0x00000000000056dc                __addsf3
 .text.__divsf3
                0x0000000000005a44      0x2e6 d:/mounriver/mounriver_studio/toolchain/risc-v embedded gcc12/bin/../lib/gcc/riscv-none-elf/12.2.0/rv32imac_xw/ilp32\libgcc.a(divsf3.o)
                0x0000000000005a44                __divsf3
 .text.__gesf2  0x0000000000005d2a       0x96 d:/mounriver/mounriver_studio/toolchain/risc-v embedded gcc12/bin/../lib/gcc/riscv-none-elf/12.2.0/rv32imac_xw/ilp32\libgcc.a(gesf2.o)
                0x0000000000005d2a                __gesf2
                0x0000000000005d2a                __gtsf2
 .text.__lesf2  0x0000000000005dc0       0x98 d:/mounriver/mounriver_studio/toolchain/risc-v embedded gcc12/bin/../lib/gcc/riscv-none-elf/12.2.0/rv32imac_xw/ilp32\libgcc.a(lesf2.o)
                0x0000000000005dc0                __ltsf2
                0x0000000000005dc0                __lesf2
 .text.__mulsf3
                0x0000000000005e58      0x2d8 d:/mounriver/mounriver_studio/toolchain/risc-v embedded gcc12/bin/../lib/gcc/riscv-none-elf/12.2.0/rv32imac_xw/ilp32\libgcc.a(mulsf3.o)
                0x0000000000005e58                __mulsf3
 .text.__fixsfsi
                0x0000000000006130       0x60 d:/mounriver/mounriver_studio/toolchain/risc-v embedded gcc12/bin/../lib/gcc/riscv-none-elf/12.2.0/rv32imac_xw/ilp32\libgcc.a(fixsfsi.o)
                0x0000000000006130                __fixsfsi
 .text.__fixunssfsi
                0x0000000000006190       0x52 d:/mounriver/mounriver_studio/toolchain/risc-v embedded gcc12/bin/../lib/gcc/riscv-none-elf/12.2.0/rv32imac_xw/ilp32\libgcc.a(fixunssfsi.o)
                0x0000000000006190                __fixunssfsi
 .text.__floatsisf
                0x00000000000061e2       0xcc d:/mounriver/mounriver_studio/toolchain/risc-v embedded gcc12/bin/../lib/gcc/riscv-none-elf/12.2.0/rv32imac_xw/ilp32\libgcc.a(floatsisf.o)
                0x00000000000061e2                __floatsisf
 .text.__floatunsisf
                0x00000000000062ae       0xbc d:/mounriver/mounriver_studio/toolchain/risc-v embedded gcc12/bin/../lib/gcc/riscv-none-elf/12.2.0/rv32imac_xw/ilp32\libgcc.a(floatunsisf.o)
                0x00000000000062ae                __floatunsisf
 .text.__clzsi2
                0x000000000000636a       0x68 d:/mounriver/mounriver_studio/toolchain/risc-v embedded gcc12/bin/../lib/gcc/riscv-none-elf/12.2.0/rv32imac_xw/ilp32\libgcc.a(_clzsi2.o)
                0x000000000000636a                __clzsi2
 *(.rodata)
 *(.rodata*)
 *fill*         0x00000000000063d2        0x2 
 .rodata.computeDshotDMA
                0x00000000000063d4       0x54 ./User/Src/dshot.o
 .rodata.gcr_encode_table
                0x0000000000006428       0x10 ./User/Src/dshot.o
                0x0000000000006428                gcr_encode_table
 .rodata.comStep
                0x0000000000006438       0x18 ./User/Src/phaseouts.o
 .rodata.__divsf3
                0x0000000000006450       0xa8 d:/mounriver/mounriver_studio/toolchain/risc-v embedded gcc12/bin/../lib/gcc/riscv-none-elf/12.2.0/rv32imac_xw/ilp32\libgcc.a(divsf3.o)
 .rodata.__clz_tab
                0x00000000000064f8      0x100 d:/mounriver/mounriver_studio/toolchain/risc-v embedded gcc12/bin/../lib/gcc/riscv-none-elf/12.2.0/rv32imac_xw/ilp32\libgcc.a(_clz.o)
                0x00000000000064f8                __clz_tab
 *(.gnu.linkonce.t.*)
                0x00000000000065f8                . = ALIGN (0x4)

.rela.dyn       0x00000000000065f8        0x0
 .rela.init     0x00000000000065f8        0x0 ./User/Src/dshot.o
 .rela.vector   0x00000000000065f8        0x0 ./User/Src/dshot.o
 .rela.text.handle_reset
                0x00000000000065f8        0x0 ./User/Src/dshot.o

.fini           0x00000000000065f8        0x0
 *(SORT_NONE(.fini))
                0x00000000000065f8                . = ALIGN (0x4)
                [!provide]                        PROVIDE (_etext = .)
                [!provide]                        PROVIDE (_eitcm = .)

.preinit_array  0x00000000000065f8        0x0
                [!provide]                        PROVIDE (__preinit_array_start = .)
 *(.preinit_array)
                [!provide]                        PROVIDE (__preinit_array_end = .)

.init_array     0x00000000000065f8        0x0
                [!provide]                        PROVIDE (__init_array_start = .)
 *(SORT_BY_INIT_PRIORITY(.init_array.*) SORT_BY_INIT_PRIORITY(.ctors.*))
 *(.init_array EXCLUDE_FILE(*crtend?.o *crtend.o *crtbegin?.o *crtbegin.o) .ctors)
                [!provide]                        PROVIDE (__init_array_end = .)

.fini_array     0x00000000000065f8        0x0
                [!provide]                        PROVIDE (__fini_array_start = .)
 *(SORT_BY_INIT_PRIORITY(.fini_array.*) SORT_BY_INIT_PRIORITY(.dtors.*))
 *(.fini_array EXCLUDE_FILE(*crtend?.o *crtend.o *crtbegin?.o *crtbegin.o) .dtors)
                [!provide]                        PROVIDE (__fini_array_end = .)

.ctors
 *crtbegin.o(.ctors)
 *crtbegin?.o(.ctors)
 *(EXCLUDE_FILE(*crtend?.o *crtend.o) .ctors)
 *(SORT_BY_NAME(.ctors.*))
 *(.ctors)

.dtors
 *crtbegin.o(.dtors)
 *crtbegin?.o(.dtors)
 *(EXCLUDE_FILE(*crtend?.o *crtend.o) .dtors)
 *(SORT_BY_NAME(.dtors.*))
 *(.dtors)

.dalign         0x0000000020000000        0x0 load address 0x00000000000065f8
                0x0000000020000000                . = ALIGN (0x4)
                0x0000000020000000                PROVIDE (_data_vma = .)

.dlalign        0x00000000000065f8        0x0
                0x00000000000065f8                . = ALIGN (0x4)
                0x00000000000065f8                PROVIDE (_data_lma = .)

.data           0x0000000020000000      0x3e8 load address 0x00000000000065f8
 *(.gnu.linkonce.r.*)
 *(.data .data.*)
 .data.pwmSin   0x0000000020000000      0x2d0 ./User/Src/main.o
                0x0000000020000000                pwmSin
 .data.stallPid
                0x00000000200002d0       0x28 ./User/Src/main.o
                0x00000000200002d0                stallPid
 .data.currentPid
                0x00000000200002f8       0x28 ./User/Src/main.o
                0x00000000200002f8                currentPid
 .data.speedPid
                0x0000000020000320       0x28 ./User/Src/main.o
                0x0000000020000320                speedPid
 .data.AHBPrescTable
                0x0000000020000348       0x10 ./User/MCU/V203/Src/system_ch32v20x.o
                0x0000000020000348                AHBPrescTable
 *(.gnu.linkonce.d.*)
                0x0000000020000358                . = ALIGN (0x8)
                0x0000000020000b58                PROVIDE (__global_pointer$ = (. + 0x800))
 *(.sdata .sdata.*)
 .sdata.commutation_interval
                0x0000000020000358        0x2 ./User/Src/main.o
                0x0000000020000358                commutation_interval
 .sdata.step    0x000000002000035a        0x1 ./User/Src/main.o
                0x000000002000035a                step
 .sdata.min_bemf_counts_down
                0x000000002000035b        0x1 ./User/Src/main.o
                0x000000002000035b                min_bemf_counts_down
 .sdata.min_bemf_counts_up
                0x000000002000035c        0x1 ./User/Src/main.o
                0x000000002000035c                min_bemf_counts_up
 *fill*         0x000000002000035d        0x1 
 .sdata.armed_count_threshold
                0x000000002000035e        0x2 ./User/Src/main.o
                0x000000002000035e                armed_count_threshold
 .sdata.bad_count_threshold
                0x0000000020000360        0x1 ./User/Src/main.o
                0x0000000020000360                bad_count_threshold
 *fill*         0x0000000020000361        0x1 
 .sdata.gate_drive_offset
                0x0000000020000362        0x2 ./User/Src/main.o
                0x0000000020000362                gate_drive_offset
 .sdata.forward
                0x0000000020000364        0x1 ./User/Src/main.o
                0x0000000020000364                forward
 *fill*         0x0000000020000365        0x1 
 .sdata.step_delay
                0x0000000020000366        0x2 ./User/Src/main.o
                0x0000000020000366                step_delay
 .sdata.rising  0x0000000020000368        0x1 ./User/Src/main.o
                0x0000000020000368                rising
 .sdata.advancedivisor
                0x0000000020000369        0x1 ./User/Src/main.o
                0x0000000020000369                advancedivisor
 .sdata.filter_level
                0x000000002000036a        0x1 ./User/Src/main.o
                0x000000002000036a                filter_level
 .sdata.changeover_step
                0x000000002000036b        0x1 ./User/Src/main.o
                0x000000002000036b                changeover_step
 .sdata.throttle_max_at_high_rpm
                0x000000002000036c        0x2 ./User/Src/main.o
                0x000000002000036c                throttle_max_at_high_rpm
 .sdata.throttle_max_at_low_rpm
                0x000000002000036e        0x2 ./User/Src/main.o
                0x000000002000036e                throttle_max_at_low_rpm
 .sdata.high_rpm_level
                0x0000000020000370        0x2 ./User/Src/main.o
                0x0000000020000370                high_rpm_level
 .sdata.low_rpm_level
                0x0000000020000372        0x2 ./User/Src/main.o
                0x0000000020000372                low_rpm_level
 .sdata.duty_cycle_maximum
                0x0000000020000374        0x2 ./User/Src/main.o
                0x0000000020000374                duty_cycle_maximum
 .sdata.TIMER1_MAX_ARR
                0x0000000020000376        0x2 ./User/Src/main.o
                0x0000000020000376                TIMER1_MAX_ARR
 .sdata.tim1_arr
                0x0000000020000378        0x2 ./User/Src/main.o
                0x0000000020000378                tim1_arr
 .sdata.stall_protect_minimum_duty
                0x000000002000037a        0x2 ./User/Src/main.o
                0x000000002000037a                stall_protect_minimum_duty
 .sdata.minimum_duty_cycle
                0x000000002000037c        0x2 ./User/Src/main.o
                0x000000002000037c                minimum_duty_cycle
 .sdata.startup_max_duty_cycle
                0x000000002000037e        0x2 ./User/Src/main.o
                0x000000002000037e                startup_max_duty_cycle
 .sdata.fast_accel
                0x0000000020000380        0x1 ./User/Src/main.o
                0x0000000020000380                fast_accel
 .sdata.max_duty_cycle_change
                0x0000000020000381        0x1 ./User/Src/main.o
                0x0000000020000381                max_duty_cycle_change
 .sdata.reversing_dead_band
                0x0000000020000382        0x1 ./User/Src/main.o
                0x0000000020000382                reversing_dead_band
 .sdata.bemf_timeout
                0x0000000020000383        0x1 ./User/Src/main.o
                0x0000000020000383                bemf_timeout
 .sdata.sin_mode_min_s_d
                0x0000000020000384        0x2 ./User/Src/main.o
                0x0000000020000384                sin_mode_min_s_d
 .sdata.min_startup_duty
                0x0000000020000386        0x2 ./User/Src/main.o
                0x0000000020000386                min_startup_duty
 .sdata.VOLTAGE_DIVIDER
                0x0000000020000388        0x1 ./User/Src/main.o
                0x0000000020000388                VOLTAGE_DIVIDER
 .sdata.low_rpm_throttle_limit
                0x0000000020000389        0x1 ./User/Src/main.o
                0x0000000020000389                low_rpm_throttle_limit
 .sdata.maximum_throttle_change_ramp
                0x000000002000038a        0x1 ./User/Src/main.o
                0x000000002000038a                maximum_throttle_change_ramp
 *fill*         0x000000002000038b        0x1 
 .sdata.reverse_speed_threshold
                0x000000002000038c        0x2 ./User/Src/main.o
                0x000000002000038c                reverse_speed_threshold
 .sdata.use_current_limit_adjust
                0x000000002000038e        0x2 ./User/Src/main.o
                0x000000002000038e                use_current_limit_adjust
 .sdata.ADC_CCR
                0x0000000020000390        0x2 ./User/Src/main.o
                0x0000000020000390                ADC_CCR
 .sdata.low_cell_volt_cutoff
                0x0000000020000392        0x2 ./User/Src/main.o
                0x0000000020000392                low_cell_volt_cutoff
 .sdata.servo_dead_band
                0x0000000020000394        0x1 ./User/Src/main.o
                0x0000000020000394                servo_dead_band
 *fill*         0x0000000020000395        0x1 
 .sdata.servo_neutral
                0x0000000020000396        0x2 ./User/Src/main.o
                0x0000000020000396                servo_neutral
 .sdata.servo_high_threshold
                0x0000000020000398        0x2 ./User/Src/main.o
                0x0000000020000398                servo_high_threshold
 .sdata.servo_low_threshold
                0x000000002000039a        0x2 ./User/Src/main.o
                0x000000002000039a                servo_low_threshold
 .sdata.enter_sine_angle
                0x000000002000039c        0x2 ./User/Src/main.o
                0x000000002000039c                enter_sine_angle
 .sdata.stall_protect_target_interval
                0x000000002000039e        0x2 ./User/Src/main.o
                0x000000002000039e                stall_protect_target_interval
 .sdata.sine_mode_changeover_thottle_level
                0x00000000200003a0        0x1 ./User/Src/main.o
                0x00000000200003a0                sine_mode_changeover_thottle_level
 .sdata.dead_time_override
                0x00000000200003a1        0x1 ./User/Src/main.o
                0x00000000200003a1                dead_time_override
 .sdata.driving_brake_strength
                0x00000000200003a2        0x1 ./User/Src/main.o
                0x00000000200003a2                driving_brake_strength
 .sdata.drag_brake_strength
                0x00000000200003a3        0x1 ./User/Src/main.o
                0x00000000200003a3                drag_brake_strength
 .sdata.sine_mode_power
                0x00000000200003a4        0x1 ./User/Src/main.o
                0x00000000200003a4                sine_mode_power
 *fill*         0x00000000200003a5        0x1 
 .sdata.CURRENT_LIMIT
                0x00000000200003a6        0x2 ./User/Src/main.o
                0x00000000200003a6                CURRENT_LIMIT
 .sdata.motor_poles
                0x00000000200003a8        0x1 ./User/Src/main.o
                0x00000000200003a8                motor_poles
 *fill*         0x00000000200003a9        0x1 
 .sdata.motor_kv
                0x00000000200003aa        0x2 ./User/Src/main.o
                0x00000000200003aa                motor_kv
 .sdata.advance_level
                0x00000000200003ac        0x1 ./User/Src/main.o
                0x00000000200003ac                advance_level
 .sdata.TEMPERATURE_LIMIT
                0x00000000200003ad        0x1 ./User/Src/main.o
                0x00000000200003ad                TEMPERATURE_LIMIT
 .sdata.telemetry_interval_ms
                0x00000000200003ae        0x1 ./User/Src/main.o
                0x00000000200003ae                telemetry_interval_ms
 .sdata.stuck_rotor_protection
                0x00000000200003af        0x1 ./User/Src/main.o
                0x00000000200003af                stuck_rotor_protection
 .sdata.VARIABLE_PWM
                0x00000000200003b0        0x1 ./User/Src/main.o
                0x00000000200003b0                VARIABLE_PWM
 .sdata.comp_pwm
                0x00000000200003b1        0x1 ./User/Src/main.o
                0x00000000200003b1                comp_pwm
 .sdata.eeprom_layout_version
                0x00000000200003b2        0x1 ./User/Src/main.o
                0x00000000200003b2                eeprom_layout_version
 *fill*         0x00000000200003b3        0x1 
 .sdata.MINIMUM_RPM_SPEED_CONTROL
                0x00000000200003b4        0x4 ./User/Src/main.o
                0x00000000200003b4                MINIMUM_RPM_SPEED_CONTROL
 .sdata.MAXIMUM_RPM_SPEED_CONTROL
                0x00000000200003b8        0x4 ./User/Src/main.o
                0x00000000200003b8                MAXIMUM_RPM_SPEED_CONTROL
 .sdata.max_servo_deviation
                0x00000000200003bc        0x4 ./User/Src/signal.o
                0x00000000200003bc                max_servo_deviation
 .sdata.buffer_divider
                0x00000000200003c0        0x1 ./User/MCU/V203/Src/IO.o
                0x00000000200003c0                buffer_divider
 *fill*         0x00000000200003c1        0x3 
 .sdata.buffersize
                0x00000000200003c4        0x4 ./User/MCU/V203/Src/IO.o
                0x00000000200003c4                buffersize
 .sdata.ic_timer_prescaler
                0x00000000200003c8        0x1 ./User/MCU/V203/Src/IO.o
                0x00000000200003c8                ic_timer_prescaler
 *fill*         0x00000000200003c9        0x3 
 .sdata.SystemCoreClock
                0x00000000200003cc        0x4 ./User/MCU/V203/Src/system_ch32v20x.o
                0x00000000200003cc                SystemCoreClock
 *(.sdata2.*)
 *(.gnu.linkonce.s.*)
                0x00000000200003d0                . = ALIGN (0x8)
 *(.srodata.cst16)
 *(.srodata.cst8)
 *(.srodata.cst4)
 .srodata.cst4  0x00000000200003d0       0x14 ./User/Src/main.o
 .srodata.cst4  0x00000000200003e4        0x4 ./User/Src/sounds.o
 *(.srodata.cst2)
 *(.srodata .srodata.*)
                0x00000000200003e8                . = ALIGN (0x4)
                0x00000000200003e8                PROVIDE (_edata = .)

.bss            0x00000000200003e8      0x364 load address 0x00000000000069e0
                0x00000000200003e8                . = ALIGN (0x4)
                0x00000000200003e8                PROVIDE (_sbss = .)
 *(.sbss*)
 .sbss.send_extended_dshot
                0x00000000200003e8        0x2 ./User/Src/dshot.o
                0x00000000200003e8                send_extended_dshot
 .sbss.dshot_extended_telemetry
                0x00000000200003ea        0x1 ./User/Src/dshot.o
                0x00000000200003ea                dshot_extended_telemetry
 *fill*         0x00000000200003eb        0x1 
 .sbss.dshot_badcounts
                0x00000000200003ec        0x2 ./User/Src/dshot.o
                0x00000000200003ec                dshot_badcounts
 .sbss.dshot_goodcounts
                0x00000000200003ee        0x2 ./User/Src/dshot.o
                0x00000000200003ee                dshot_goodcounts
 .sbss.dshot_frametime
                0x00000000200003f0        0x2 ./User/Src/dshot.o
                0x00000000200003f0                dshot_frametime
 .sbss.high_pin_count
                0x00000000200003f2        0x1 ./User/Src/dshot.o
                0x00000000200003f2                high_pin_count
 .sbss.last_command
                0x00000000200003f3        0x1 ./User/Src/dshot.o
                0x00000000200003f3                last_command
 .sbss.command_count
                0x00000000200003f4        0x1 ./User/Src/dshot.o
                0x00000000200003f4                command_count
 *fill*         0x00000000200003f5        0x3 
 .sbss.dshot_full_number
                0x00000000200003f8        0x4 ./User/Src/dshot.o
                0x00000000200003f8                dshot_full_number
 .sbss.gcrnumber
                0x00000000200003fc        0x4 ./User/Src/dshot.o
                0x00000000200003fc                gcrnumber
 .sbss.shift_amount
                0x0000000020000400        0x4 ./User/Src/dshot.o
                0x0000000020000400                shift_amount
 .sbss.EDT_ARMED
                0x0000000020000404        0x1 ./User/Src/dshot.o
                0x0000000020000404                EDT_ARMED
 .sbss.EDT_ARM_ENABLE
                0x0000000020000405        0x1 ./User/Src/dshot.o
                0x0000000020000405                EDT_ARM_ENABLE
 .sbss.signaltimeout
                0x0000000020000406        0x2 ./User/Src/main.o
                0x0000000020000406                signaltimeout
 .sbss.waitTime
                0x0000000020000408        0x2 ./User/Src/main.o
                0x0000000020000408                waitTime
 .sbss.duty_cycle
                0x000000002000040a        0x2 ./User/Src/main.o
                0x000000002000040a                duty_cycle
 .sbss.thiszctime
                0x000000002000040c        0x2 ./User/Src/main.o
                0x000000002000040c                thiszctime
 .sbss.bemfcounter
                0x000000002000040e        0x1 ./User/Src/main.o
                0x000000002000040e                bemfcounter
 .sbss.zcfound  0x000000002000040f        0x1 ./User/Src/main.o
                0x000000002000040f                zcfound
 .sbss.zero_crosses
                0x0000000020000410        0x4 ./User/Src/main.o
                0x0000000020000410                zero_crosses
 .sbss.servoPwm
                0x0000000020000414        0x1 ./User/Src/main.o
                0x0000000020000414                servoPwm
 .sbss.dshot    0x0000000020000415        0x1 ./User/Src/main.o
                0x0000000020000415                dshot
 .sbss.inputSet
                0x0000000020000416        0x1 ./User/Src/main.o
                0x0000000020000416                inputSet
 *fill*         0x0000000020000417        0x1 
 .sbss.newinput
                0x0000000020000418        0x2 ./User/Src/main.o
                0x0000000020000418                newinput
 .sbss.input    0x000000002000041a        0x2 ./User/Src/main.o
                0x000000002000041a                input
 .sbss.zero_input_count
                0x000000002000041c        0x2 ./User/Src/main.o
                0x000000002000041c                zero_input_count
 .sbss.armed    0x000000002000041e        0x1 ./User/Src/main.o
                0x000000002000041e                armed
 .sbss.dshotcommand
                0x000000002000041f        0x1 ./User/Src/main.o
                0x000000002000041f                dshotcommand
 .sbss.bad_count
                0x0000000020000420        0x1 ./User/Src/main.o
                0x0000000020000420                bad_count
 *fill*         0x0000000020000421        0x1 
 .sbss.adjusted_duty_cycle
                0x0000000020000422        0x2 ./User/Src/main.o
                0x0000000020000422                adjusted_duty_cycle
 .sbss.e_rpm    0x0000000020000424        0x2 ./User/Src/main.o
                0x0000000020000424                e_rpm
 .sbss.k_erpm   0x0000000020000426        0x2 ./User/Src/main.o
                0x0000000020000426                k_erpm
 .sbss.stuckcounter
                0x0000000020000428        0x1 ./User/Src/main.o
                0x0000000020000428                stuckcounter
 .sbss.stepper_sine
                0x0000000020000429        0x1 ./User/Src/main.o
                0x0000000020000429                stepper_sine
 .sbss.phase_C_position
                0x000000002000042a        0x2 ./User/Src/main.o
                0x000000002000042a                phase_C_position
 .sbss.phase_B_position
                0x000000002000042c        0x2 ./User/Src/main.o
                0x000000002000042c                phase_B_position
 .sbss.phase_A_position
                0x000000002000042e        0x2 ./User/Src/main.o
                0x000000002000042e                phase_A_position
 .sbss.advance  0x0000000020000430        0x2 ./User/Src/main.o
                0x0000000020000430                advance
 .sbss.running  0x0000000020000432        0x1 ./User/Src/main.o
                0x0000000020000432                running
 .sbss.bemf_timeout_happened
                0x0000000020000433        0x1 ./User/Src/main.o
                0x0000000020000433                bemf_timeout_happened
 .sbss.adjusted_input
                0x0000000020000434        0x2 ./User/Src/main.o
                0x0000000020000434                adjusted_input
 .sbss.old_routine
                0x0000000020000436        0x1 ./User/Src/main.o
                0x0000000020000436                old_routine
 .sbss.last_dshot_command
                0x0000000020000437        0x1 ./User/Src/main.o
                0x0000000020000437                last_dshot_command
 .sbss.dshot_telemetry
                0x0000000020000438        0x1 ./User/Src/main.o
                0x0000000020000438                dshot_telemetry
 .sbss.prop_brake_active
                0x0000000020000439        0x1 ./User/Src/main.o
                0x0000000020000439                prop_brake_active
 .sbss.send_telemetry
                0x000000002000043a        0x1 ./User/Src/main.o
                0x000000002000043a                send_telemetry
 .sbss.adc_counter
                0x000000002000043b        0x1 ./User/Src/main.o
                0x000000002000043b                adc_counter
 .sbss.ADC_raw_current
                0x000000002000043c        0x2 ./User/Src/main.o
                0x000000002000043c                ADC_raw_current
 .sbss.ADC_raw_volts
                0x000000002000043e        0x2 ./User/Src/main.o
                0x000000002000043e                ADC_raw_volts
 .sbss.ADC_raw_temp
                0x0000000020000440        0x2 ./User/Src/main.o
                0x0000000020000440                ADC_raw_temp
 .sbss.temperature_offset
                0x0000000020000442        0x1 ./User/Src/main.o
                0x0000000020000442                temperature_offset
 *fill*         0x0000000020000443        0x1 
 .sbss.converted_degrees
                0x0000000020000444        0x2 ./User/Src/main.o
                0x0000000020000444                converted_degrees
 .sbss.degrees_celsius
                0x0000000020000446        0x1 ./User/Src/main.o
                0x0000000020000446                degrees_celsius
 *fill*         0x0000000020000447        0x1 
 .sbss.e_com_time
                0x0000000020000448        0x4 ./User/Src/main.o
                0x0000000020000448                e_com_time
 .sbss.last_average_interval
                0x000000002000044c        0x4 ./User/Src/main.o
                0x000000002000044c                last_average_interval
 .sbss.average_interval
                0x0000000020000450        0x4 ./User/Src/main.o
                0x0000000020000450                average_interval
 .sbss.desync_check
                0x0000000020000454        0x1 ./User/Src/main.o
                0x0000000020000454                desync_check
 .sbss.play_tone_flag
                0x0000000020000455        0x1 ./User/Src/main.o
                0x0000000020000455                play_tone_flag
 .sbss.last_duty_cycle
                0x0000000020000456        0x2 ./User/Src/main.o
                0x0000000020000456                last_duty_cycle
 .sbss.low_pin_count
                0x0000000020000458        0x2 ./User/Src/main.o
                0x0000000020000458                low_pin_count
 .sbss.actual_current
                0x000000002000045a        0x2 ./User/Src/main.o
                0x000000002000045a                actual_current
 .sbss.smoothed_raw_current
                0x000000002000045c        0x4 ./User/Src/main.o
                0x000000002000045c                smoothed_raw_current
 .sbss.consumed_current
                0x0000000020000460        0x4 ./User/Src/main.o
                0x0000000020000460                consumed_current
 .sbss.tenkhzcounter
                0x0000000020000464        0x2 ./User/Src/main.o
                0x0000000020000464                tenkhzcounter
 .sbss.brushed_direction_set
                0x0000000020000466        0x1 ./User/Src/main.o
                0x0000000020000466                brushed_direction_set
 .sbss.cell_count
                0x0000000020000467        0x1 ./User/Src/main.o
                0x0000000020000467                cell_count
 .sbss.battery_voltage
                0x0000000020000468        0x2 ./User/Src/main.o
                0x0000000020000468                battery_voltage
 .sbss.telem_ms_count
                0x000000002000046a        0x2 ./User/Src/main.o
                0x000000002000046a                telem_ms_count
 .sbss.low_voltage_count
                0x000000002000046c        0x2 ./User/Src/main.o
                0x000000002000046c                low_voltage_count
 .sbss.crawler_mode
                0x000000002000046e        0x1 ./User/Src/main.o
                0x000000002000046e                crawler_mode
 .sbss.desync_happened
                0x000000002000046f        0x1 ./User/Src/main.o
                0x000000002000046f                desync_happened
 .sbss.armed_timeout_count
                0x0000000020000470        0x2 ./User/Src/main.o
                0x0000000020000470                armed_timeout_count
 *fill*         0x0000000020000472        0x2 
 .sbss.stall_protection_adjust
                0x0000000020000474        0x4 ./User/Src/main.o
                0x0000000020000474                stall_protection_adjust
 .sbss.use_current_limit
                0x0000000020000478        0x1 ./User/Src/main.o
                0x0000000020000478                use_current_limit
 *fill*         0x0000000020000479        0x3 
 .sbss.input_override
                0x000000002000047c        0x4 ./User/Src/main.o
                0x000000002000047c                input_override
 .sbss.use_speed_control_loop
                0x0000000020000480        0x1 ./User/Src/main.o
                0x0000000020000480                use_speed_control_loop
 *fill*         0x0000000020000481        0x1 
 .sbss.target_e_com_time
                0x0000000020000482        0x2 ./User/Src/main.o
                0x0000000020000482                target_e_com_time
 .sbss.RC_CAR_REVERSE
                0x0000000020000484        0x1 ./User/Src/main.o
                0x0000000020000484                RC_CAR_REVERSE
 .sbss.LOW_VOLTAGE_CUTOFF
                0x0000000020000485        0x1 ./User/Src/main.o
                0x0000000020000485                LOW_VOLTAGE_CUTOFF
 .sbss.do_once_sinemode
                0x0000000020000486        0x1 ./User/Src/main.o
                0x0000000020000486                do_once_sinemode
 .sbss.USE_HALL_SENSOR
                0x0000000020000487        0x1 ./User/Src/main.o
                0x0000000020000487                USE_HALL_SENSOR
 .sbss.TLM_ON_INTERVAL
                0x0000000020000488        0x1 ./User/Src/main.o
                0x0000000020000488                TLM_ON_INTERVAL
 .sbss.use_sin_start
                0x0000000020000489        0x1 ./User/Src/main.o
                0x0000000020000489                use_sin_start
 .sbss.stall_protection
                0x000000002000048a        0x1 ./User/Src/main.o
                0x000000002000048a                stall_protection
 .sbss.brake_on_stop
                0x000000002000048b        0x1 ./User/Src/main.o
                0x000000002000048b                brake_on_stop
 .sbss.bi_direction
                0x000000002000048c        0x1 ./User/Src/main.o
                0x000000002000048c                bi_direction
 .sbss.dir_reversed
                0x000000002000048d        0x1 ./User/Src/main.o
                0x000000002000048d                dir_reversed
 .sbss.drive_by_rpm
                0x000000002000048e        0x1 ./User/Src/main.o
                0x000000002000048e                drive_by_rpm
 *fill*         0x000000002000048f        0x1 
 .sbss.last_input
                0x0000000020000490        0x2 ./User/Src/signal.o
                0x0000000020000490                last_input
 .sbss.low_calibration_counts
                0x0000000020000492        0x1 ./User/Src/signal.o
                0x0000000020000492                low_calibration_counts
 *fill*         0x0000000020000493        0x1 
 .sbss.last_high_threshold
                0x0000000020000494        0x2 ./User/Src/signal.o
                0x0000000020000494                last_high_threshold
 .sbss.high_calibration_set
                0x0000000020000496        0x1 ./User/Src/signal.o
                0x0000000020000496                high_calibration_set
 .sbss.high_calibration_counts
                0x0000000020000497        0x1 ./User/Src/signal.o
                0x0000000020000497                high_calibration_counts
 .sbss.calibration_required
                0x0000000020000498        0x1 ./User/Src/signal.o
                0x0000000020000498                calibration_required
 .sbss.enter_calibration_count
                0x0000000020000499        0x1 ./User/Src/signal.o
                0x0000000020000499                enter_calibration_count
 *fill*         0x000000002000049a        0x2 
 .sbss.servorawinput
                0x000000002000049c        0x4 ./User/Src/signal.o
                0x000000002000049c                servorawinput
 .sbss.beep_volume
                0x00000000200004a0        0x1 ./User/Src/sounds.o
                0x00000000200004a0                beep_volume
 *fill*         0x00000000200004a1        0x3 
 .sbss.ADCDataDMA
                0x00000000200004a4        0x6 ./User/MCU/V203/Src/ADC.o
                0x00000000200004a4                ADCDataDMA
 .sbss.buffer_padding
                0x00000000200004aa        0x1 ./User/MCU/V203/Src/IO.o
                0x00000000200004aa                buffer_padding
 *fill*         0x00000000200004ab        0x1 
 .sbss.average_signal_pulse
                0x00000000200004ac        0x4 ./User/MCU/V203/Src/IO.o
                0x00000000200004ac                average_signal_pulse
 .sbss.out_put  0x00000000200004b0        0x1 ./User/MCU/V203/Src/IO.o
                0x00000000200004b0                out_put
 *fill*         0x00000000200004b1        0x3 
 .sbss.smallestnumber
                0x00000000200004b4        0x4 ./User/MCU/V203/Src/IO.o
                0x00000000200004b4                smallestnumber
 .sbss.output_timer_prescaler
                0x00000000200004b8        0x1 ./User/MCU/V203/Src/IO.o
                0x00000000200004b8                output_timer_prescaler
 .sbss.MCU_Version
                0x00000000200004b9        0x1 ./Peripheral/src/ch32v20x_gpio.o
                0x00000000200004b9                MCU_Version
 *(.gnu.linkonce.sb.*)
 *(.bss*)
 *fill*         0x00000000200004ba        0x2 
 .bss.gcr       0x00000000200004bc       0x94 ./User/Src/dshot.o
                0x00000000200004bc                gcr
 .bss.dpulse    0x0000000020000550       0x40 ./User/Src/dshot.o
                0x0000000020000550                dpulse
 .bss.eepromBuffer
                0x0000000020000590       0xb0 ./User/Src/main.o
                0x0000000020000590                eepromBuffer
 .bss.commutation_intervals
                0x0000000020000640        0xc ./User/Src/main.o
                0x0000000020000640                commutation_intervals
 .bss.dma_buffer
                0x000000002000064c      0x100 ./User/MCU/V203/Src/IO.o
                0x000000002000064c                dma_buffer
 *(.gnu.linkonce.b.*)
 *(COMMON*)
                0x000000002000074c                . = ALIGN (0x4)
                0x000000002000074c                PROVIDE (_ebss = .)
                0x000000002000074c                PROVIDE (_end = _ebss)
                [!provide]                        PROVIDE (end = .)

.stack          0x0000000020004700      0x900
                0x0000000020004700                PROVIDE (_heap_end = .)
                0x0000000020004700                . = ALIGN (0x4)
                [!provide]                        PROVIDE (_susrstack = .)
                0x0000000020004f00                . = (. + __stack_size)
 *fill*         0x0000000020004700      0x800 
                0x0000000020004f00                PROVIDE (_eusrstack = .)
                0x0000000020005000                . = (. + __resv_size)
 *fill*         0x0000000020004f00      0x100 
                [!provide]                        PROVIDE (_endram = .)
OUTPUT(V203_AM32_PA0.elf elf32-littleriscv)

.debug_info     0x0000000000000000     0xd0ea
 .debug_info    0x0000000000000000      0x49d ./User/Src/dshot.o
 .debug_info    0x000000000000049d      0x1b0 ./User/Src/functions.o
 .debug_info    0x000000000000064d     0x229f ./User/Src/main.o
 .debug_info    0x00000000000028ec      0x368 ./User/Src/phaseouts.o
 .debug_info    0x0000000000002c54      0x6cd ./User/Src/signal.o
 .debug_info    0x0000000000003321      0xa87 ./User/Src/sounds.o
 .debug_info    0x0000000000003da8      0xd32 ./User/MCU/V203/Src/ADC.o
 .debug_info    0x0000000000004ada      0x627 ./User/MCU/V203/Src/IO.o
 .debug_info    0x0000000000005101      0x84c ./User/MCU/V203/Src/ch32v20x_it.o
 .debug_info    0x000000000000594d      0x152 ./User/MCU/V203/Src/comparator.o
 .debug_info    0x0000000000005a9f      0x302 ./User/MCU/V203/Src/eeprom.o
 .debug_info    0x0000000000005da1     0x15dd ./User/MCU/V203/Src/peripherals.o
 .debug_info    0x000000000000737e      0x271 ./User/MCU/V203/Src/system_ch32v20x.o
 .debug_info    0x00000000000075ef       0x23 ./Startup/startup_ch32v20x_D6.o
 .debug_info    0x0000000000007612      0xd81 ./Peripheral/src/ch32v20x_adc.o
 .debug_info    0x0000000000008393      0x418 ./Peripheral/src/ch32v20x_dma.o
 .debug_info    0x00000000000087ab      0x332 ./Peripheral/src/ch32v20x_exti.o
 .debug_info    0x0000000000008add      0xa56 ./Peripheral/src/ch32v20x_flash.o
 .debug_info    0x0000000000009533      0x7b1 ./Peripheral/src/ch32v20x_gpio.o
 .debug_info    0x0000000000009ce4      0x1ef ./Peripheral/src/ch32v20x_iwdg.o
 .debug_info    0x0000000000009ed3      0x8f5 ./Peripheral/src/ch32v20x_rcc.o
 .debug_info    0x000000000000a7c8     0x1ec2 ./Peripheral/src/ch32v20x_tim.o
 .debug_info    0x000000000000c68a      0xa60 ./Peripheral/src/ch32v20x_usart.o

.debug_abbrev   0x0000000000000000     0x2e11
 .debug_abbrev  0x0000000000000000      0x1b7 ./User/Src/dshot.o
 .debug_abbrev  0x00000000000001b7      0x119 ./User/Src/functions.o
 .debug_abbrev  0x00000000000002d0      0x3d4 ./User/Src/main.o
 .debug_abbrev  0x00000000000006a4       0xfe ./User/Src/phaseouts.o
 .debug_abbrev  0x00000000000007a2      0x199 ./User/Src/signal.o
 .debug_abbrev  0x000000000000093b      0x2ce ./User/Src/sounds.o
 .debug_abbrev  0x0000000000000c09      0x28a ./User/MCU/V203/Src/ADC.o
 .debug_abbrev  0x0000000000000e93      0x212 ./User/MCU/V203/Src/IO.o
 .debug_abbrev  0x00000000000010a5      0x1fd ./User/MCU/V203/Src/ch32v20x_it.o
 .debug_abbrev  0x00000000000012a2       0xb4 ./User/MCU/V203/Src/comparator.o
 .debug_abbrev  0x0000000000001356      0x1c1 ./User/MCU/V203/Src/eeprom.o
 .debug_abbrev  0x0000000000001517      0x325 ./User/MCU/V203/Src/peripherals.o
 .debug_abbrev  0x000000000000183c      0x194 ./User/MCU/V203/Src/system_ch32v20x.o
 .debug_abbrev  0x00000000000019d0       0x12 ./Startup/startup_ch32v20x_D6.o
 .debug_abbrev  0x00000000000019e2      0x26a ./Peripheral/src/ch32v20x_adc.o
 .debug_abbrev  0x0000000000001c4c      0x1f0 ./Peripheral/src/ch32v20x_dma.o
 .debug_abbrev  0x0000000000001e3c      0x1ad ./Peripheral/src/ch32v20x_exti.o
 .debug_abbrev  0x0000000000001fe9      0x31b ./Peripheral/src/ch32v20x_flash.o
 .debug_abbrev  0x0000000000002304      0x258 ./Peripheral/src/ch32v20x_gpio.o
 .debug_abbrev  0x000000000000255c      0x138 ./Peripheral/src/ch32v20x_iwdg.o
 .debug_abbrev  0x0000000000002694      0x251 ./Peripheral/src/ch32v20x_rcc.o
 .debug_abbrev  0x00000000000028e5      0x321 ./Peripheral/src/ch32v20x_tim.o
 .debug_abbrev  0x0000000000002c06      0x20b ./Peripheral/src/ch32v20x_usart.o

.debug_loclists
                0x0000000000000000     0x4bd2
 .debug_loclists
                0x0000000000000000      0xd40 ./User/Src/dshot.o
 .debug_loclists
                0x0000000000000d40      0x118 ./User/Src/functions.o
 .debug_loclists
                0x0000000000000e58      0x13b ./User/Src/main.o
 .debug_loclists
                0x0000000000000f93       0x33 ./User/Src/phaseouts.o
 .debug_loclists
                0x0000000000000fc6       0x3c ./User/Src/signal.o
 .debug_loclists
                0x0000000000001002      0x176 ./User/Src/sounds.o
 .debug_loclists
                0x0000000000001178       0x34 ./User/MCU/V203/Src/ADC.o
 .debug_loclists
                0x00000000000011ac       0x30 ./User/MCU/V203/Src/IO.o
 .debug_loclists
                0x00000000000011dc       0xb3 ./User/MCU/V203/Src/eeprom.o
 .debug_loclists
                0x000000000000128f      0x13f ./User/MCU/V203/Src/peripherals.o
 .debug_loclists
                0x00000000000013ce       0xad ./User/MCU/V203/Src/system_ch32v20x.o
 .debug_loclists
                0x000000000000147b      0x90c ./Peripheral/src/ch32v20x_adc.o
 .debug_loclists
                0x0000000000001d87      0x113 ./Peripheral/src/ch32v20x_dma.o
 .debug_loclists
                0x0000000000001e9a      0x118 ./Peripheral/src/ch32v20x_exti.o
 .debug_loclists
                0x0000000000001fb2      0x5a1 ./Peripheral/src/ch32v20x_flash.o
 .debug_loclists
                0x0000000000002553      0x86e ./Peripheral/src/ch32v20x_gpio.o
 .debug_loclists
                0x0000000000002dc1       0x66 ./Peripheral/src/ch32v20x_iwdg.o
 .debug_loclists
                0x0000000000002e27      0x591 ./Peripheral/src/ch32v20x_rcc.o
 .debug_loclists
                0x00000000000033b8     0x11e5 ./Peripheral/src/ch32v20x_tim.o
 .debug_loclists
                0x000000000000459d      0x635 ./Peripheral/src/ch32v20x_usart.o

.debug_aranges  0x0000000000000000      0xd80
 .debug_aranges
                0x0000000000000000       0x28 ./User/Src/dshot.o
 .debug_aranges
                0x0000000000000028       0x38 ./User/Src/functions.o
 .debug_aranges
                0x0000000000000060       0x88 ./User/Src/main.o
 .debug_aranges
                0x00000000000000e8       0x98 ./User/Src/phaseouts.o
 .debug_aranges
                0x0000000000000180       0x30 ./User/Src/signal.o
 .debug_aranges
                0x00000000000001b0       0x88 ./User/Src/sounds.o
 .debug_aranges
                0x0000000000000238       0x38 ./User/MCU/V203/Src/ADC.o
 .debug_aranges
                0x0000000000000270       0x50 ./User/MCU/V203/Src/IO.o
 .debug_aranges
                0x00000000000002c0       0x58 ./User/MCU/V203/Src/ch32v20x_it.o
 .debug_aranges
                0x0000000000000318       0x30 ./User/MCU/V203/Src/comparator.o
 .debug_aranges
                0x0000000000000348       0x28 ./User/MCU/V203/Src/eeprom.o
 .debug_aranges
                0x0000000000000370       0x88 ./User/MCU/V203/Src/peripherals.o
 .debug_aranges
                0x00000000000003f8       0x28 ./User/MCU/V203/Src/system_ch32v20x.o
 .debug_aranges
                0x0000000000000420       0x30 ./Startup/startup_ch32v20x_D6.o
 .debug_aranges
                0x0000000000000450      0x150 ./Peripheral/src/ch32v20x_adc.o
 .debug_aranges
                0x00000000000005a0       0x70 ./Peripheral/src/ch32v20x_dma.o
 .debug_aranges
                0x0000000000000610       0x58 ./Peripheral/src/ch32v20x_exti.o
 .debug_aranges
                0x0000000000000668      0x120 ./Peripheral/src/ch32v20x_flash.o
 .debug_aranges
                0x0000000000000788       0xa8 ./Peripheral/src/ch32v20x_gpio.o
 .debug_aranges
                0x0000000000000830       0x48 ./Peripheral/src/ch32v20x_iwdg.o
 .debug_aranges
                0x0000000000000878      0x128 ./Peripheral/src/ch32v20x_rcc.o
 .debug_aranges
                0x00000000000009a0      0x2e0 ./Peripheral/src/ch32v20x_tim.o
 .debug_aranges
                0x0000000000000c80      0x100 ./Peripheral/src/ch32v20x_usart.o

.debug_rnglists
                0x0000000000000000      0xfd1
 .debug_rnglists
                0x0000000000000000       0x61 ./User/Src/dshot.o
 .debug_rnglists
                0x0000000000000061       0x31 ./User/Src/functions.o
 .debug_rnglists
                0x0000000000000092      0x106 ./User/Src/main.o
 .debug_rnglists
                0x0000000000000198       0x9d ./User/Src/phaseouts.o
 .debug_rnglists
                0x0000000000000235       0x3b ./User/Src/signal.o
 .debug_rnglists
                0x0000000000000270      0x134 ./User/Src/sounds.o
 .debug_rnglists
                0x00000000000003a4       0x31 ./User/MCU/V203/Src/ADC.o
 .debug_rnglists
                0x00000000000003d5       0x72 ./User/MCU/V203/Src/IO.o
 .debug_rnglists
                0x0000000000000447       0x55 ./User/MCU/V203/Src/ch32v20x_it.o
 .debug_rnglists
                0x000000000000049c       0x28 ./User/MCU/V203/Src/comparator.o
 .debug_rnglists
                0x00000000000004c4       0x45 ./User/MCU/V203/Src/eeprom.o
 .debug_rnglists
                0x0000000000000509       0x8b ./User/MCU/V203/Src/peripherals.o
 .debug_rnglists
                0x0000000000000594       0x1f ./User/MCU/V203/Src/system_ch32v20x.o
 .debug_rnglists
                0x00000000000005b3       0x20 ./Startup/startup_ch32v20x_D6.o
 .debug_rnglists
                0x00000000000005d3      0x16c ./Peripheral/src/ch32v20x_adc.o
 .debug_rnglists
                0x000000000000073f       0x70 ./Peripheral/src/ch32v20x_dma.o
 .debug_rnglists
                0x00000000000007af       0x55 ./Peripheral/src/ch32v20x_exti.o
 .debug_rnglists
                0x0000000000000804      0x136 ./Peripheral/src/ch32v20x_flash.o
 .debug_rnglists
                0x000000000000093a       0xaf ./Peripheral/src/ch32v20x_gpio.o
 .debug_rnglists
                0x00000000000009e9       0x43 ./Peripheral/src/ch32v20x_iwdg.o
 .debug_rnglists
                0x0000000000000a2c      0x13f ./Peripheral/src/ch32v20x_rcc.o
 .debug_rnglists
                0x0000000000000b6b      0x354 ./Peripheral/src/ch32v20x_tim.o
 .debug_rnglists
                0x0000000000000ebf      0x112 ./Peripheral/src/ch32v20x_usart.o

.debug_line     0x0000000000000000    0x136e9
 .debug_line    0x0000000000000000      0xc70 ./User/Src/dshot.o
 .debug_line    0x0000000000000c70      0x1cf ./User/Src/functions.o
 .debug_line    0x0000000000000e3f     0x44ec ./User/Src/main.o
 .debug_line    0x000000000000532b      0xa67 ./User/Src/phaseouts.o
 .debug_line    0x0000000000005d92      0x833 ./User/Src/signal.o
 .debug_line    0x00000000000065c5      0xdac ./User/Src/sounds.o
 .debug_line    0x0000000000007371      0x3e7 ./User/MCU/V203/Src/ADC.o
 .debug_line    0x0000000000007758      0x7a6 ./User/MCU/V203/Src/IO.o
 .debug_line    0x0000000000007efe      0x3dd ./User/MCU/V203/Src/ch32v20x_it.o
 .debug_line    0x00000000000082db      0x20d ./User/MCU/V203/Src/comparator.o
 .debug_line    0x00000000000084e8      0x34f ./User/MCU/V203/Src/eeprom.o
 .debug_line    0x0000000000008837      0xc51 ./User/MCU/V203/Src/peripherals.o
 .debug_line    0x0000000000009488      0x414 ./User/MCU/V203/Src/system_ch32v20x.o
 .debug_line    0x000000000000989c      0x258 ./Startup/startup_ch32v20x_D6.o
 .debug_line    0x0000000000009af4     0x1823 ./Peripheral/src/ch32v20x_adc.o
 .debug_line    0x000000000000b317      0x5d6 ./Peripheral/src/ch32v20x_dma.o
 .debug_line    0x000000000000b8ed      0x408 ./Peripheral/src/ch32v20x_exti.o
 .debug_line    0x000000000000bcf5     0x1bb4 ./Peripheral/src/ch32v20x_flash.o
 .debug_line    0x000000000000d8a9      0xed7 ./Peripheral/src/ch32v20x_gpio.o
 .debug_line    0x000000000000e780      0x17c ./Peripheral/src/ch32v20x_iwdg.o
 .debug_line    0x000000000000e8fc     0x100e ./Peripheral/src/ch32v20x_rcc.o
 .debug_line    0x000000000000f90a     0x2ff4 ./Peripheral/src/ch32v20x_tim.o
 .debug_line    0x00000000000128fe      0xdeb ./Peripheral/src/ch32v20x_usart.o

.debug_str      0x0000000000000000     0x3f6c
 .debug_str     0x0000000000000000      0x38f ./User/Src/dshot.o
                                        0x3ed (size before relaxing)
 .debug_str     0x000000000000038f       0x6b ./User/Src/functions.o
                                        0x1cd (size before relaxing)
 .debug_str     0x00000000000003fa      0xf61 ./User/Src/main.o
                                       0x12db (size before relaxing)
 .debug_str     0x000000000000135b       0x8c ./User/Src/phaseouts.o
                                        0x26b (size before relaxing)
 .debug_str     0x00000000000013e7      0x135 ./User/Src/signal.o
                                        0x599 (size before relaxing)
 .debug_str     0x000000000000151c       0xf6 ./User/Src/sounds.o
                                        0x4d3 (size before relaxing)
 .debug_str     0x0000000000001612      0x6bc ./User/MCU/V203/Src/ADC.o
                                        0xa80 (size before relaxing)
 .debug_str     0x0000000000001cce       0xa4 ./User/MCU/V203/Src/IO.o
                                        0x472 (size before relaxing)
 .debug_str     0x0000000000001d72      0x150 ./User/MCU/V203/Src/ch32v20x_it.o
                                        0x52e (size before relaxing)
 .debug_str     0x0000000000001ec2        0xc ./User/MCU/V203/Src/comparator.o
                                        0x1e6 (size before relaxing)
 .debug_str     0x0000000000001ece       0x8f ./User/MCU/V203/Src/eeprom.o
                                        0x272 (size before relaxing)
 .debug_str     0x0000000000001f5d      0x57b ./User/MCU/V203/Src/peripherals.o
                                        0xe07 (size before relaxing)
 .debug_str     0x00000000000024d8       0xc2 ./User/MCU/V203/Src/system_ch32v20x.o
                                        0x275 (size before relaxing)
 .debug_str     0x000000000000259a       0x91 ./Startup/startup_ch32v20x_D6.o
 .debug_str     0x000000000000262b      0x39e ./Peripheral/src/ch32v20x_adc.o
                                        0x7d6 (size before relaxing)
 .debug_str     0x00000000000029c9       0xb1 ./Peripheral/src/ch32v20x_dma.o
                                        0x3b2 (size before relaxing)
 .debug_str     0x0000000000002a7a       0x78 ./Peripheral/src/ch32v20x_exti.o
                                        0x34b (size before relaxing)
 .debug_str     0x0000000000002af2      0x3e3 ./Peripheral/src/ch32v20x_flash.o
                                        0x652 (size before relaxing)
 .debug_str     0x0000000000002ed5      0x1e3 ./Peripheral/src/ch32v20x_gpio.o
                                        0x53b (size before relaxing)
 .debug_str     0x00000000000030b8       0x72 ./Peripheral/src/ch32v20x_iwdg.o
                                        0x25d (size before relaxing)
 .debug_str     0x000000000000312a      0x368 ./Peripheral/src/ch32v20x_rcc.o
                                        0x67b (size before relaxing)
 .debug_str     0x0000000000003492      0x715 ./Peripheral/src/ch32v20x_tim.o
                                        0xe3a (size before relaxing)
 .debug_str     0x0000000000003ba7      0x3c5 ./Peripheral/src/ch32v20x_usart.o
                                        0x6d4 (size before relaxing)

.debug_line_str
                0x0000000000000000      0x88e
 .debug_line_str
                0x0000000000000000      0x1c2 ./User/Src/dshot.o
                                        0x219 (size before relaxing)
 .debug_line_str
                0x00000000000001c2       0x55 ./User/Src/functions.o
                                        0x1c2 (size before relaxing)
 .debug_line_str
                0x0000000000000217       0xf8 ./User/Src/main.o
                                        0x338 (size before relaxing)
 .debug_line_str
                0x000000000000030f       0x18 ./User/Src/phaseouts.o
                                        0x1ca (size before relaxing)
 .debug_line_str
                0x0000000000000327       0x15 ./User/Src/signal.o
                                        0x280 (size before relaxing)
 .debug_line_str
                0x000000000000033c       0x15 ./User/Src/sounds.o
                                        0x270 (size before relaxing)
 .debug_line_str
                0x0000000000000351       0x5e ./User/MCU/V203/Src/ADC.o
                                        0x24f (size before relaxing)
 .debug_line_str
                0x00000000000003af       0x1a ./User/MCU/V203/Src/IO.o
                                        0x27d (size before relaxing)
 .debug_line_str
                0x00000000000003c9       0x34 ./User/MCU/V203/Src/ch32v20x_it.o
                                        0x29e (size before relaxing)
 .debug_line_str
                0x00000000000003fd       0x22 ./User/MCU/V203/Src/comparator.o
                                        0x236 (size before relaxing)
 .debug_line_str
                0x000000000000041f       0xfa ./User/MCU/V203/Src/eeprom.o
                                        0x2ba (size before relaxing)
 .debug_line_str
                0x0000000000000519       0x33 ./User/MCU/V203/Src/peripherals.o
                                        0x2c9 (size before relaxing)
 .debug_line_str
                0x000000000000054c       0x27 ./User/MCU/V203/Src/system_ch32v20x.o
                                        0x287 (size before relaxing)
 .debug_line_str
                0x0000000000000573       0x49 ./Startup/startup_ch32v20x_D6.o
                                         0x9b (size before relaxing)
 .debug_line_str
                0x00000000000005bc       0x83 ./Peripheral/src/ch32v20x_adc.o
                                        0x28a (size before relaxing)
 .debug_line_str
                0x000000000000063f       0x49 ./Peripheral/src/ch32v20x_dma.o
                                        0x27b (size before relaxing)
 .debug_line_str
                0x0000000000000688       0x4a ./Peripheral/src/ch32v20x_exti.o
                                        0x27f (size before relaxing)
 .debug_line_str
                0x00000000000006d2       0x4b ./Peripheral/src/ch32v20x_flash.o
                                        0x283 (size before relaxing)
 .debug_line_str
                0x000000000000071d       0x4a ./Peripheral/src/ch32v20x_gpio.o
                                        0x28e (size before relaxing)
 .debug_line_str
                0x0000000000000767       0x4a ./Peripheral/src/ch32v20x_iwdg.o
                                        0x26f (size before relaxing)
 .debug_line_str
                0x00000000000007b1       0x49 ./Peripheral/src/ch32v20x_rcc.o
                                        0x27b (size before relaxing)
 .debug_line_str
                0x00000000000007fa       0x49 ./Peripheral/src/ch32v20x_tim.o
                                        0x28a (size before relaxing)
 .debug_line_str
                0x0000000000000843       0x4b ./Peripheral/src/ch32v20x_usart.o
                                        0x292 (size before relaxing)

.comment        0x0000000000000000       0x31
 .comment       0x0000000000000000       0x31 ./User/Src/dshot.o
                                         0x32 (size before relaxing)
 .comment       0x0000000000000031       0x32 ./User/Src/functions.o
 .comment       0x0000000000000031       0x32 ./User/Src/main.o
 .comment       0x0000000000000031       0x32 ./User/Src/phaseouts.o
 .comment       0x0000000000000031       0x32 ./User/Src/signal.o
 .comment       0x0000000000000031       0x32 ./User/Src/sounds.o
 .comment       0x0000000000000031       0x32 ./User/MCU/V203/Src/ADC.o
 .comment       0x0000000000000031       0x32 ./User/MCU/V203/Src/IO.o
 .comment       0x0000000000000031       0x32 ./User/MCU/V203/Src/ch32v20x_it.o
 .comment       0x0000000000000031       0x32 ./User/MCU/V203/Src/comparator.o
 .comment       0x0000000000000031       0x32 ./User/MCU/V203/Src/eeprom.o
 .comment       0x0000000000000031       0x32 ./User/MCU/V203/Src/peripherals.o
 .comment       0x0000000000000031       0x32 ./User/MCU/V203/Src/system_ch32v20x.o
 .comment       0x0000000000000031       0x32 ./Peripheral/src/ch32v20x_adc.o
 .comment       0x0000000000000031       0x32 ./Peripheral/src/ch32v20x_dma.o
 .comment       0x0000000000000031       0x32 ./Peripheral/src/ch32v20x_exti.o
 .comment       0x0000000000000031       0x32 ./Peripheral/src/ch32v20x_flash.o
 .comment       0x0000000000000031       0x32 ./Peripheral/src/ch32v20x_gpio.o
 .comment       0x0000000000000031       0x32 ./Peripheral/src/ch32v20x_iwdg.o
 .comment       0x0000000000000031       0x32 ./Peripheral/src/ch32v20x_rcc.o
 .comment       0x0000000000000031       0x32 ./Peripheral/src/ch32v20x_tim.o
 .comment       0x0000000000000031       0x32 ./Peripheral/src/ch32v20x_usart.o
 .comment       0x0000000000000031       0x32 d:/mounriver/mounriver_studio/toolchain/risc-v embedded gcc12/bin/../lib/gcc/riscv-none-elf/12.2.0/rv32imac_xw/ilp32\libgcc.a(addsf3.o)
 .comment       0x0000000000000031       0x32 d:/mounriver/mounriver_studio/toolchain/risc-v embedded gcc12/bin/../lib/gcc/riscv-none-elf/12.2.0/rv32imac_xw/ilp32\libgcc.a(divsf3.o)
 .comment       0x0000000000000031       0x32 d:/mounriver/mounriver_studio/toolchain/risc-v embedded gcc12/bin/../lib/gcc/riscv-none-elf/12.2.0/rv32imac_xw/ilp32\libgcc.a(gesf2.o)
 .comment       0x0000000000000031       0x32 d:/mounriver/mounriver_studio/toolchain/risc-v embedded gcc12/bin/../lib/gcc/riscv-none-elf/12.2.0/rv32imac_xw/ilp32\libgcc.a(lesf2.o)
 .comment       0x0000000000000031       0x32 d:/mounriver/mounriver_studio/toolchain/risc-v embedded gcc12/bin/../lib/gcc/riscv-none-elf/12.2.0/rv32imac_xw/ilp32\libgcc.a(mulsf3.o)
 .comment       0x0000000000000031       0x32 d:/mounriver/mounriver_studio/toolchain/risc-v embedded gcc12/bin/../lib/gcc/riscv-none-elf/12.2.0/rv32imac_xw/ilp32\libgcc.a(fixsfsi.o)
 .comment       0x0000000000000031       0x32 d:/mounriver/mounriver_studio/toolchain/risc-v embedded gcc12/bin/../lib/gcc/riscv-none-elf/12.2.0/rv32imac_xw/ilp32\libgcc.a(fixunssfsi.o)
 .comment       0x0000000000000031       0x32 d:/mounriver/mounriver_studio/toolchain/risc-v embedded gcc12/bin/../lib/gcc/riscv-none-elf/12.2.0/rv32imac_xw/ilp32\libgcc.a(floatsisf.o)
 .comment       0x0000000000000031       0x32 d:/mounriver/mounriver_studio/toolchain/risc-v embedded gcc12/bin/../lib/gcc/riscv-none-elf/12.2.0/rv32imac_xw/ilp32\libgcc.a(floatunsisf.o)
 .comment       0x0000000000000031       0x32 d:/mounriver/mounriver_studio/toolchain/risc-v embedded gcc12/bin/../lib/gcc/riscv-none-elf/12.2.0/rv32imac_xw/ilp32\libgcc.a(_clzsi2.o)
 .comment       0x0000000000000031       0x32 d:/mounriver/mounriver_studio/toolchain/risc-v embedded gcc12/bin/../lib/gcc/riscv-none-elf/12.2.0/rv32imac_xw/ilp32\libgcc.a(_clz.o)

.riscv.attributes
                0x0000000000000000       0x35
 .riscv.attributes
                0x0000000000000000       0x31 ./User/Src/dshot.o
 .riscv.attributes
                0x0000000000000031       0x31 ./User/Src/functions.o
 .riscv.attributes
                0x0000000000000062       0x31 ./User/Src/main.o
 .riscv.attributes
                0x0000000000000093       0x31 ./User/Src/phaseouts.o
 .riscv.attributes
                0x00000000000000c4       0x31 ./User/Src/signal.o
 .riscv.attributes
                0x00000000000000f5       0x35 ./User/Src/sounds.o
 .riscv.attributes
                0x000000000000012a       0x31 ./User/MCU/V203/Src/ADC.o
 .riscv.attributes
                0x000000000000015b       0x31 ./User/MCU/V203/Src/IO.o
 .riscv.attributes
                0x000000000000018c       0x35 ./User/MCU/V203/Src/ch32v20x_it.o
 .riscv.attributes
                0x00000000000001c1       0x31 ./User/MCU/V203/Src/comparator.o
 .riscv.attributes
                0x00000000000001f2       0x31 ./User/MCU/V203/Src/eeprom.o
 .riscv.attributes
                0x0000000000000223       0x31 ./User/MCU/V203/Src/peripherals.o
 .riscv.attributes
                0x0000000000000254       0x31 ./User/MCU/V203/Src/system_ch32v20x.o
 .riscv.attributes
                0x0000000000000285       0x33 ./Startup/startup_ch32v20x_D6.o
 .riscv.attributes
                0x00000000000002b8       0x31 ./Peripheral/src/ch32v20x_adc.o
 .riscv.attributes
                0x00000000000002e9       0x31 ./Peripheral/src/ch32v20x_dma.o